
=== initial ===
2026-09-15T14:16:23+0900
--- identity ---
uid=10001(agent-admin) gid=10001(agent-admin) groups=10001(agent-admin)
--- monitor.sh ---
[2026-09-15 05:16:23] PROCESS:agent-app-linux-arm64 PID:7 PPID:1 ETIME:00:00 CPU:0.0% MEM:0.0% RSS:1.6MB RSS_KB:1636 VSZ_KB:2600 STAT:S PORT:15034
[2026-09-15 05:16:23] PROCESS:agent-app-linux-arm64 PID:8 PPID:7 ETIME:00:00 CPU:0.0% MEM:0.2% RSS:16.4MB RSS_KB:16844 VSZ_KB:22144 STAT:SN PORT:15034
--- ps -ef ---
UID        PID  PPID  C STIME TTY          TIME CMD
agent-a+     1     0  0 05:16 ?        00:00:00 /sbin/docker-init -- /opt/agent/agent-app-linux-arm64
agent-a+     7     1  0 05:16 ?        00:00:00 /opt/agent/agent-app-linux-arm64
agent-a+     8     7  0 05:16 ?        00:00:00 /opt/agent/agent-app-linux-arm64
agent-a+    42     0  0 05:16 ?        00:00:00 ps -ef
--- ps process PID=7 ---
  PID  PPID     ELAPSED %CPU %MEM   RSS    VSZ STAT CMD
    7     1       00:01  6.0  0.0  1636   2600 S    /opt/agent/agent-app-linux-arm64
--- top -H PID=7 ---
top - 05:16:23 up  1:03,  0 users,  load average: 0.38, 0.26, 0.16
Threads:   1 total,   0 running,   1 sleeping,   0 stopped,   0 zombie
%Cpu(s):  0.0 us,  0.0 sy,  0.0 ni,100.0 id,  0.0 wa,  0.0 hi,  0.0 si,  0.0 st
MiB Mem :   7936.0 total,   6822.2 free,    478.0 used,    635.8 buff/cache
MiB Swap:   1024.0 total,   1024.0 free,      0.0 used.   7299.0 avail Mem 

  PID USER      PR  NI    VIRT    RES    SHR S  %CPU  %MEM     TIME+ COMMAND
    7 agent-a+  20   0    2600   1636   1424 S   0.0   0.0   0:00.06 agent-app+
--- ps -L PID=7 ---
  PID   TID STAT %CPU %MEM WCHAN                            COMMAND
    7     7 S     6.0  0.0 do_wait                          agent-app-linux
--- ps process PID=8 ---
  PID  PPID     ELAPSED %CPU %MEM   RSS    VSZ STAT CMD
    8     7       00:01  7.0  0.2 16844  22144 SN   /opt/agent/agent-app-linux-arm64
--- top -H PID=8 ---
top - 05:16:24 up  1:03,  0 users,  load average: 0.38, 0.26, 0.16
Threads:   1 total,   0 running,   1 sleeping,   0 stopped,   0 zombie
%Cpu(s):  0.0 us,  0.0 sy,  0.0 ni,100.0 id,  0.0 wa,  0.0 hi,  0.0 si,  0.0 st
MiB Mem :   7936.0 total,   6822.0 free,    478.2 used,    635.8 buff/cache
MiB Swap:   1024.0 total,   1024.0 free,      0.0 used.   7298.8 avail Mem 

  PID USER      PR  NI    VIRT    RES    SHR S  %CPU  %MEM     TIME+ COMMAND
    8 agent-a+  30  10   22144  16844   8572 S   0.0   0.2   0:00.07 agent-app+
--- ps -L PID=8 ---
  PID   TID STAT %CPU %MEM WCHAN                            COMMAND
    8     8 SN    7.0  0.2 do_select                        agent-app-linux
--- docker stats ---
NAME=codyssey-agent-cpu-after-20260915-141620-67680 CPU=0.01% MEM=9.742MiB / 1GiB MEM_PERC=0.95% PIDS=3

=== t+2s ===
2026-09-15T14:16:27+0900
--- identity ---
uid=10001(agent-admin) gid=10001(agent-admin) groups=10001(agent-admin)
--- monitor.sh ---
[2026-09-15 05:16:27] PROCESS:agent-app-linux-arm64 PID:7 PPID:1 ETIME:00:04 CPU:1.5% MEM:0.0% RSS:1.6MB RSS_KB:1636 VSZ_KB:2600 STAT:S PORT:15034
[2026-09-15 05:16:27] PROCESS:agent-app-linux-arm64 PID:8 PPID:7 ETIME:00:04 CPU:2.0% MEM:0.2% RSS:16.5MB RSS_KB:16908 VSZ_KB:23168 STAT:SN PORT:15034
--- ps -ef ---
UID        PID  PPID  C STIME TTY          TIME CMD
agent-a+     1     0  0 05:16 ?        00:00:00 /sbin/docker-init -- /opt/agent/agent-app-linux-arm64
agent-a+     7     1  1 05:16 ?        00:00:00 /opt/agent/agent-app-linux-arm64
agent-a+     8     7  1 05:16 ?        00:00:00 /opt/agent/agent-app-linux-arm64
agent-a+   117     0  0 05:16 ?        00:00:00 ps -ef
--- ps process PID=7 ---
  PID  PPID     ELAPSED %CPU %MEM   RSS    VSZ STAT CMD
    7     1       00:05  1.2  0.0  1636   2600 S    /opt/agent/agent-app-linux-arm64
--- top -H PID=7 ---
top - 05:16:27 up  1:03,  0 users,  load average: 0.35, 0.26, 0.15
Threads:   1 total,   0 running,   1 sleeping,   0 stopped,   0 zombie
%Cpu(s):  0.0 us,  0.0 sy,  0.0 ni,100.0 id,  0.0 wa,  0.0 hi,  0.0 si,  0.0 st
MiB Mem :   7936.0 total,   6818.7 free,    481.4 used,    635.9 buff/cache
MiB Swap:   1024.0 total,   1024.0 free,      0.0 used.   7295.6 avail Mem 

  PID USER      PR  NI    VIRT    RES    SHR S  %CPU  %MEM     TIME+ COMMAND
    7 agent-a+  20   0    2600   1636   1424 S   0.0   0.0   0:00.06 agent-app+
--- ps -L PID=7 ---
  PID   TID STAT %CPU %MEM WCHAN                            COMMAND
    7     7 S     1.2  0.0 do_wait                          agent-app-linux
--- ps process PID=8 ---
  PID  PPID     ELAPSED %CPU %MEM   RSS    VSZ STAT CMD
    8     7       00:05  1.6  0.2 16908  23168 SN   /opt/agent/agent-app-linux-arm64
--- top -H PID=8 ---
top - 05:16:28 up  1:03,  0 users,  load average: 0.35, 0.26, 0.15
Threads:   1 total,   0 running,   1 sleeping,   0 stopped,   0 zombie
%Cpu(s):  0.0 us,  0.0 sy,  0.0 ni,100.0 id,  0.0 wa,  0.0 hi,  0.0 si,  0.0 st
MiB Mem :   7936.0 total,   6816.1 free,    484.0 used,    635.9 buff/cache
MiB Swap:   1024.0 total,   1024.0 free,      0.0 used.   7293.0 avail Mem 

  PID USER      PR  NI    VIRT    RES    SHR S  %CPU  %MEM     TIME+ COMMAND
    8 agent-a+  30  10   23168  16908   8572 S   0.0   0.2   0:00.08 agent-app+
--- ps -L PID=8 ---
  PID   TID STAT %CPU %MEM WCHAN                            COMMAND
    8     8 SN    1.6  0.2 do_select                        agent-app-linux
--- docker stats ---
NAME=codyssey-agent-cpu-after-20260915-141620-67680 CPU=1.39% MEM=9.945MiB / 1GiB MEM_PERC=0.97% PIDS=3

=== t+4s ===
2026-09-15T14:16:31+0900
--- identity ---
uid=10001(agent-admin) gid=10001(agent-admin) groups=10001(agent-admin)
--- monitor.sh ---
[2026-09-15 05:16:31] PROCESS:agent-app-linux-arm64 PID:7 PPID:1 ETIME:00:09 CPU:0.6% MEM:0.0% RSS:1.6MB RSS_KB:1636 VSZ_KB:2600 STAT:S PORT:15034
[2026-09-15 05:16:31] PROCESS:agent-app-linux-arm64 PID:8 PPID:7 ETIME:00:09 CPU:1.1% MEM:0.2% RSS:16.5MB RSS_KB:16908 VSZ_KB:23168 STAT:RN PORT:15034
--- ps -ef ---
UID        PID  PPID  C STIME TTY          TIME CMD
agent-a+     1     0  0 05:16 ?        00:00:00 /sbin/docker-init -- /opt/agent/agent-app-linux-arm64
agent-a+     7     1  0 05:16 ?        00:00:00 /opt/agent/agent-app-linux-arm64
agent-a+     8     7  1 05:16 ?        00:00:00 /opt/agent/agent-app-linux-arm64
agent-a+   192     0  0 05:16 ?        00:00:00 ps -ef
--- ps process PID=7 ---
  PID  PPID     ELAPSED %CPU %MEM   RSS    VSZ STAT CMD
    7     1       00:09  0.6  0.0  1636   2600 S    /opt/agent/agent-app-linux-arm64
--- top -H PID=7 ---
top - 05:16:31 up  1:03,  0 users,  load average: 0.32, 0.25, 0.15
Threads:   1 total,   0 running,   1 sleeping,   0 stopped,   0 zombie
%Cpu(s):  0.0 us,  0.0 sy,  0.0 ni,100.0 id,  0.0 wa,  0.0 hi,  0.0 si,  0.0 st
MiB Mem :   7936.0 total,   6839.0 free,    461.1 used,    635.9 buff/cache
MiB Swap:   1024.0 total,   1024.0 free,      0.0 used.   7315.9 avail Mem 

  PID USER      PR  NI    VIRT    RES    SHR S  %CPU  %MEM     TIME+ COMMAND
    7 agent-a+  20   0    2600   1636   1424 S   0.0   0.0   0:00.06 agent-app+
--- ps -L PID=7 ---
  PID   TID STAT %CPU %MEM WCHAN                            COMMAND
    7     7 S     0.6  0.0 do_wait                          agent-app-linux
--- ps process PID=8 ---
  PID  PPID     ELAPSED %CPU %MEM   RSS    VSZ STAT CMD
    8     7       00:09  1.3  0.2 16908  23168 SN   /opt/agent/agent-app-linux-arm64
--- top -H PID=8 ---
top - 05:16:32 up  1:03,  0 users,  load average: 0.32, 0.25, 0.15
Threads:   1 total,   0 running,   1 sleeping,   0 stopped,   0 zombie
%Cpu(s):  0.0 us,  0.0 sy,  0.0 ni,100.0 id,  0.0 wa,  0.0 hi,  0.0 si,  0.0 st
MiB Mem :   7936.0 total,   6831.8 free,    468.3 used,    635.9 buff/cache
MiB Swap:   1024.0 total,   1024.0 free,      0.0 used.   7308.7 avail Mem 

  PID USER      PR  NI    VIRT    RES    SHR S  %CPU  %MEM     TIME+ COMMAND
    8 agent-a+  30  10   23168  16908   8572 S   0.0   0.2   0:00.12 agent-app+
--- ps -L PID=8 ---
  PID   TID STAT %CPU %MEM WCHAN                            COMMAND
    8     8 SN    1.3  0.2 do_select                        agent-app-linux
--- docker stats ---
NAME=codyssey-agent-cpu-after-20260915-141620-67680 CPU=0.01% MEM=9.68MiB / 1GiB MEM_PERC=0.95% PIDS=3

=== t+6s ===
2026-09-15T14:16:35+0900
--- identity ---
uid=10001(agent-admin) gid=10001(agent-admin) groups=10001(agent-admin)
--- monitor.sh ---
[2026-09-15 05:16:35] PROCESS:agent-app-linux-arm64 PID:7 PPID:1 ETIME:00:13 CPU:0.4% MEM:0.0% RSS:1.6MB RSS_KB:1636 VSZ_KB:2600 STAT:S PORT:15034
[2026-09-15 05:16:35] PROCESS:agent-app-linux-arm64 PID:8 PPID:7 ETIME:00:13 CPU:1.0% MEM:0.2% RSS:16.5MB RSS_KB:16908 VSZ_KB:23168 STAT:SN PORT:15034
--- ps -ef ---
UID        PID  PPID  C STIME TTY          TIME CMD
agent-a+     1     0  0 05:16 ?        00:00:00 /sbin/docker-init -- /opt/agent/agent-app-linux-arm64
agent-a+     7     1  0 05:16 ?        00:00:00 /opt/agent/agent-app-linux-arm64
agent-a+     8     7  1 05:16 ?        00:00:00 /opt/agent/agent-app-linux-arm64
agent-a+   268     0  0 05:16 ?        00:00:00 ps -ef
--- ps process PID=7 ---
  PID  PPID     ELAPSED %CPU %MEM   RSS    VSZ STAT CMD
    7     1       00:13  0.4  0.0  1636   2600 S    /opt/agent/agent-app-linux-arm64
--- top -H PID=7 ---
top - 05:16:35 up  1:03,  0 users,  load average: 0.30, 0.25, 0.15
Threads:   1 total,   0 running,   1 sleeping,   0 stopped,   0 zombie
%Cpu(s):  0.6 us,  0.0 sy,  0.0 ni, 99.4 id,  0.0 wa,  0.0 hi,  0.0 si,  0.0 st
MiB Mem :   7936.0 total,   6825.8 free,    474.3 used,    636.0 buff/cache
MiB Swap:   1024.0 total,   1024.0 free,      0.0 used.   7302.7 avail Mem 

  PID USER      PR  NI    VIRT    RES    SHR S  %CPU  %MEM     TIME+ COMMAND
    7 agent-a+  20   0    2600   1636   1424 S   0.0   0.0   0:00.06 agent-app+
--- ps -L PID=7 ---
  PID   TID STAT %CPU %MEM WCHAN                            COMMAND
    7     7 S     0.4  0.0 do_wait                          agent-app-linux
--- ps process PID=8 ---
  PID  PPID     ELAPSED %CPU %MEM   RSS    VSZ STAT CMD
    8     7       00:13  1.0  0.2 16908  23168 SN   /opt/agent/agent-app-linux-arm64
--- top -H PID=8 ---
top - 05:16:36 up  1:03,  0 users,  load average: 0.30, 0.25, 0.15
Threads:   1 total,   0 running,   1 sleeping,   0 stopped,   0 zombie
%Cpu(s):  0.0 us,  0.0 sy,  0.0 ni,100.0 id,  0.0 wa,  0.0 hi,  0.0 si,  0.0 st
MiB Mem :   7936.0 total,   6827.5 free,    472.6 used,    636.0 buff/cache
MiB Swap:   1024.0 total,   1024.0 free,      0.0 used.   7304.4 avail Mem 

  PID USER      PR  NI    VIRT    RES    SHR S  %CPU  %MEM     TIME+ COMMAND
    8 agent-a+  30  10   23168  16908   8572 S   0.0   0.2   0:00.14 agent-app+
--- ps -L PID=8 ---
  PID   TID STAT %CPU %MEM WCHAN                            COMMAND
    8     8 SN    1.0  0.2 do_select                        agent-app-linux
--- docker stats ---
NAME=codyssey-agent-cpu-after-20260915-141620-67680 CPU=0.04% MEM=9.805MiB / 1GiB MEM_PERC=0.96% PIDS=3

=== t+8s ===
2026-09-15T14:16:39+0900
--- identity ---
uid=10001(agent-admin) gid=10001(agent-admin) groups=10001(agent-admin)
--- monitor.sh ---
[2026-09-15 05:16:39] PROCESS:agent-app-linux-arm64 PID:7 PPID:1 ETIME:00:17 CPU:0.3% MEM:0.0% RSS:1.6MB RSS_KB:1636 VSZ_KB:2600 STAT:S PORT:15034
[2026-09-15 05:16:39] PROCESS:agent-app-linux-arm64 PID:8 PPID:7 ETIME:00:17 CPU:1.0% MEM:0.2% RSS:16.5MB RSS_KB:16908 VSZ_KB:23168 STAT:SN PORT:15034
--- ps -ef ---
UID        PID  PPID  C STIME TTY          TIME CMD
agent-a+     1     0  0 05:16 ?        00:00:00 /sbin/docker-init -- /opt/agent/agent-app-linux-arm64
agent-a+     7     1  0 05:16 ?        00:00:00 /opt/agent/agent-app-linux-arm64
agent-a+     8     7  1 05:16 ?        00:00:00 /opt/agent/agent-app-linux-arm64
agent-a+   344     0  0 05:16 ?        00:00:00 ps -ef
--- ps process PID=7 ---
  PID  PPID     ELAPSED %CPU %MEM   RSS    VSZ STAT CMD
    7     1       00:17  0.3  0.0  1636   2600 S    /opt/agent/agent-app-linux-arm64
--- top -H PID=7 ---
top - 05:16:39 up  1:03,  0 users,  load average: 0.30, 0.25, 0.15
Threads:   1 total,   0 running,   1 sleeping,   0 stopped,   0 zombie
%Cpu(s):  0.0 us,  0.0 sy,  0.0 ni,100.0 id,  0.0 wa,  0.0 hi,  0.0 si,  0.0 st
MiB Mem :   7936.0 total,   6827.5 free,    472.6 used,    636.0 buff/cache
MiB Swap:   1024.0 total,   1024.0 free,      0.0 used.   7304.4 avail Mem 

  PID USER      PR  NI    VIRT    RES    SHR S  %CPU  %MEM     TIME+ COMMAND
    7 agent-a+  20   0    2600   1636   1424 S   0.0   0.0   0:00.06 agent-app+
--- ps -L PID=7 ---
  PID   TID STAT %CPU %MEM WCHAN                            COMMAND
    7     7 S     0.3  0.0 do_wait                          agent-app-linux
--- ps process PID=8 ---
  PID  PPID     ELAPSED %CPU %MEM   RSS    VSZ STAT CMD
    8     7       00:17  1.0  0.2 16908  23168 SN   /opt/agent/agent-app-linux-arm64
--- top -H PID=8 ---
top - 05:16:40 up  1:03,  0 users,  load average: 0.27, 0.25, 0.15
Threads:   1 total,   0 running,   1 sleeping,   0 stopped,   0 zombie
%Cpu(s):  0.0 us,  0.0 sy,  0.0 ni,100.0 id,  0.0 wa,  0.0 hi,  0.0 si,  0.0 st
MiB Mem :   7936.0 total,   6826.8 free,    473.2 used,    636.0 buff/cache
MiB Swap:   1024.0 total,   1024.0 free,      0.0 used.   7303.8 avail Mem 

  PID USER      PR  NI    VIRT    RES    SHR S  %CPU  %MEM     TIME+ COMMAND
    8 agent-a+  30  10   23168  16908   8572 S   0.0   0.2   0:00.17 agent-app+
--- ps -L PID=8 ---
  PID   TID STAT %CPU %MEM WCHAN                            COMMAND
    8     8 SN    1.0  0.2 do_select                        agent-app-linux
--- docker stats ---
NAME=codyssey-agent-cpu-after-20260915-141620-67680 CPU=3.51% MEM=9.836MiB / 1GiB MEM_PERC=0.96% PIDS=3

=== t+10s ===
2026-09-15T14:16:43+0900
--- identity ---
uid=10001(agent-admin) gid=10001(agent-admin) groups=10001(agent-admin)
--- monitor.sh ---
[2026-09-15 05:16:43] PROCESS:agent-app-linux-arm64 PID:7 PPID:1 ETIME:00:21 CPU:0.2% MEM:0.0% RSS:1.6MB RSS_KB:1636 VSZ_KB:2600 STAT:S PORT:15034
[2026-09-15 05:16:43] PROCESS:agent-app-linux-arm64 PID:8 PPID:7 ETIME:00:21 CPU:1.0% MEM:0.2% RSS:16.5MB RSS_KB:16908 VSZ_KB:23168 STAT:SN PORT:15034
--- ps -ef ---
UID        PID  PPID  C STIME TTY          TIME CMD
agent-a+     1     0  0 05:16 ?        00:00:00 /sbin/docker-init -- /opt/agent/agent-app-linux-arm64
agent-a+     7     1  0 05:16 ?        00:00:00 /opt/agent/agent-app-linux-arm64
agent-a+     8     7  1 05:16 ?        00:00:00 /opt/agent/agent-app-linux-arm64
agent-a+   419     0  0 05:16 ?        00:00:00 ps -ef
--- ps process PID=7 ---
  PID  PPID     ELAPSED %CPU %MEM   RSS    VSZ STAT CMD
    7     1       00:21  0.2  0.0  1636   2600 S    /opt/agent/agent-app-linux-arm64
--- top -H PID=7 ---
top - 05:16:44 up  1:03,  0 users,  load average: 0.27, 0.25, 0.15
Threads:   1 total,   0 running,   1 sleeping,   0 stopped,   0 zombie
%Cpu(s):  0.0 us,  0.0 sy,  1.9 ni, 98.1 id,  0.0 wa,  0.0 hi,  0.0 si,  0.0 st
MiB Mem :   7936.0 total,   6810.7 free,    489.3 used,    636.0 buff/cache
MiB Swap:   1024.0 total,   1024.0 free,      0.0 used.   7287.7 avail Mem 

  PID USER      PR  NI    VIRT    RES    SHR S  %CPU  %MEM     TIME+ COMMAND
    7 agent-a+  20   0    2600   1636   1424 S   0.0   0.0   0:00.06 agent-app+
--- ps -L PID=7 ---
  PID   TID STAT %CPU %MEM WCHAN                            COMMAND
    7     7 S     0.2  0.0 do_wait                          agent-app-linux
--- ps process PID=8 ---
  PID  PPID     ELAPSED %CPU %MEM   RSS    VSZ STAT CMD
    8     7       00:21  1.1  0.2 16908  23168 SN   /opt/agent/agent-app-linux-arm64
--- top -H PID=8 ---
top - 05:16:44 up  1:03,  0 users,  load average: 0.27, 0.25, 0.15
Threads:   1 total,   0 running,   1 sleeping,   0 stopped,   0 zombie
%Cpu(s):  0.0 us,  0.7 sy,  0.0 ni, 99.3 id,  0.0 wa,  0.0 hi,  0.0 si,  0.0 st
MiB Mem :   7936.0 total,   6818.4 free,    481.6 used,    636.0 buff/cache
MiB Swap:   1024.0 total,   1024.0 free,      0.0 used.   7295.4 avail Mem 

  PID USER      PR  NI    VIRT    RES    SHR S  %CPU  %MEM     TIME+ COMMAND
    8 agent-a+  30  10   23168  16908   8572 S   0.0   0.2   0:00.24 agent-app+
--- ps -L PID=8 ---
  PID   TID STAT %CPU %MEM WCHAN                            COMMAND
    8     8 SN    1.0  0.2 do_select                        agent-app-linux
--- docker stats ---
NAME=codyssey-agent-cpu-after-20260915-141620-67680 CPU=0.02% MEM=9.969MiB / 1GiB MEM_PERC=0.97% PIDS=3

=== t+12s ===
2026-09-15T14:16:48+0900
--- identity ---
uid=10001(agent-admin) gid=10001(agent-admin) groups=10001(agent-admin)
--- monitor.sh ---
[2026-09-15 05:16:48] PROCESS:agent-app-linux-arm64 PID:7 PPID:1 ETIME:00:25 CPU:0.2% MEM:0.0% RSS:1.6MB RSS_KB:1636 VSZ_KB:2600 STAT:S PORT:15034
[2026-09-15 05:16:48] PROCESS:agent-app-linux-arm64 PID:8 PPID:7 ETIME:00:25 CPU:1.1% MEM:0.2% RSS:16.5MB RSS_KB:16908 VSZ_KB:23168 STAT:SN PORT:15034
--- ps -ef ---
UID        PID  PPID  C STIME TTY          TIME CMD
agent-a+     1     0  0 05:16 ?        00:00:00 /sbin/docker-init -- /opt/agent/agent-app-linux-arm64
agent-a+     7     1  0 05:16 ?        00:00:00 /opt/agent/agent-app-linux-arm64
agent-a+     8     7  1 05:16 ?        00:00:00 /opt/agent/agent-app-linux-arm64
agent-a+   494     0  0 05:16 ?        00:00:00 ps -ef
--- ps process PID=7 ---
  PID  PPID     ELAPSED %CPU %MEM   RSS    VSZ STAT CMD
    7     1       00:26  0.2  0.0  1636   2600 S    /opt/agent/agent-app-linux-arm64
--- top -H PID=7 ---
top - 05:16:48 up  1:03,  0 users,  load average: 0.25, 0.24, 0.15
Threads:   1 total,   0 running,   1 sleeping,   0 stopped,   0 zombie
%Cpu(s):  0.6 us,  0.0 sy,  0.0 ni, 99.4 id,  0.0 wa,  0.0 hi,  0.0 si,  0.0 st
MiB Mem :   7936.0 total,   6830.6 free,    469.4 used,    636.0 buff/cache
MiB Swap:   1024.0 total,   1024.0 free,      0.0 used.   7307.6 avail Mem 

  PID USER      PR  NI    VIRT    RES    SHR S  %CPU  %MEM     TIME+ COMMAND
    7 agent-a+  20   0    2600   1636   1424 S   0.0   0.0   0:00.06 agent-app+
--- ps -L PID=7 ---
  PID   TID STAT %CPU %MEM WCHAN                            COMMAND
    7     7 S     0.2  0.0 do_wait                          agent-app-linux
--- ps process PID=8 ---
  PID  PPID     ELAPSED %CPU %MEM   RSS    VSZ STAT CMD
    8     7       00:26  1.1  0.2 16908  23168 SN   /opt/agent/agent-app-linux-arm64
--- top -H PID=8 ---
top - 05:16:49 up  1:03,  0 users,  load average: 0.25, 0.24, 0.15
Threads:   1 total,   0 running,   1 sleeping,   0 stopped,   0 zombie
%Cpu(s):  0.0 us,  0.0 sy,  0.0 ni,100.0 id,  0.0 wa,  0.0 hi,  0.0 si,  0.0 st
MiB Mem :   7936.0 total,   6825.6 free,    474.3 used,    636.0 buff/cache
MiB Swap:   1024.0 total,   1024.0 free,      0.0 used.   7302.6 avail Mem 

  PID USER      PR  NI    VIRT    RES    SHR S  %CPU  %MEM     TIME+ COMMAND
    8 agent-a+  30  10   23168  16908   8572 S   0.0   0.2   0:00.29 agent-app+
--- ps -L PID=8 ---
  PID   TID STAT %CPU %MEM WCHAN                            COMMAND
    8     8 SN    1.1  0.2 do_select                        agent-app-linux
--- docker stats ---
NAME=codyssey-agent-cpu-after-20260915-141620-67680 CPU=5.22% MEM=9.938MiB / 1GiB MEM_PERC=0.97% PIDS=3

=== final-after-process-exit ===
2026-09-15T14:16:52+0900
--- identity ---
Error response from daemon: container 9060f935c44c9d4646a3bbd6f78845ec86735063ce9e5eb2b792bee2cd7fe2f9 is not running
--- monitor.sh ---
Error response from daemon: container 9060f935c44c9d4646a3bbd6f78845ec86735063ce9e5eb2b792bee2cd7fe2f9 is not running
--- ps -ef ---
Error response from daemon: container 9060f935c44c9d4646a3bbd6f78845ec86735063ce9e5eb2b792bee2cd7fe2f9 is not running
--- docker stats ---
NAME=codyssey-agent-cpu-after-20260915-141620-67680 CPU=0.00% MEM=0B / 0B MEM_PERC=0.00% PIDS=0
