 Image codyssey/agent-leak-app:arm64 Building 
#1 [internal] load local bake definitions
#1 reading from stdin 674B done
#1 DONE 0.0s

#2 [internal] load build definition from Dockerfile
#2 transferring dockerfile: 1.33kB done
#2 DONE 0.0s

#3 [internal] load metadata for docker.io/library/ubuntu:22.04
#3 DONE 1.4s

#4 [internal] load .dockerignore
#4 transferring context: 2B done
#4 DONE 0.0s

#5 [1/8] FROM docker.io/library/ubuntu:22.04@sha256:829f6df217bcbae2b371026e81711d1a787c61b2967ad09d015063663ebafbf7
#5 resolve docker.io/library/ubuntu:22.04@sha256:829f6df217bcbae2b371026e81711d1a787c61b2967ad09d015063663ebafbf7 0.0s done
#5 DONE 0.0s

#6 [internal] load build context
#6 transferring context: 135B done
#6 DONE 0.0s

#7 [5/8] COPY --chown=agent-admin:agent-admin app/secret.key /opt/agent/api_keys/secret.key
#7 CACHED

#8 [2/8] RUN apt-get update     && apt-get install --no-install-recommends --yes         bash         ca-certificates         coreutils         gawk         iproute2         procps         psmisc         util-linux     && rm -rf /var/lib/apt/lists/*
#8 CACHED

#9 [4/8] COPY --chown=agent-admin:agent-admin app/agent-app-linux-arm64 /opt/agent/agent-app-linux-arm64
#9 CACHED

#10 [6/8] COPY --chown=agent-admin:agent-admin monitor.sh /opt/agent/bin/monitor.sh
#10 CACHED

#11 [7/8] RUN chmod 0755 /opt/agent/agent-app-linux-arm64 /opt/agent/bin/monitor.sh     && chmod 0640 /opt/agent/api_keys/secret.key
#11 CACHED

#12 [3/8] RUN useradd --create-home --uid 10001 --shell /bin/bash agent-admin     && mkdir -p /opt/agent/bin /opt/agent/upload_files /opt/agent/api_keys /var/log/agent-app     && chown -R agent-admin:agent-admin /opt/agent /var/log/agent-app
#12 CACHED

#13 [8/8] WORKDIR /opt/agent
#13 CACHED

#14 exporting to image
#14 exporting layers done
#14 exporting manifest sha256:f5e833ea0580d045f764e55ea79db2fd2d1c1c2b7a50726d3fac9111e2f1d6da done
#14 exporting config sha256:44adb9937b50bdd4c2cc60e355a0745abf75fd63cab9545e2499755ca257785c done
#14 exporting attestation manifest sha256:c9ef15c0ab716d7380dc4c8e728051ffc5d42a97ed36a7c98ca30df9bb6b4daf 0.0s done
#14 exporting manifest list sha256:108aca0d7cc663ab66b86e012a4e8ab8d0fd013b152a0579ed4e48a09c84d5cb done
#14 naming to docker.io/codyssey/agent-leak-app:arm64 done
#14 unpacking to docker.io/codyssey/agent-leak-app:arm64 done
#14 DONE 0.0s

#15 resolving provenance for metadata file
#15 DONE 0.0s
 Image codyssey/agent-leak-app:arm64 Built 
