
=== initial ===
2026-09-15T14:00:19+0900
--- identity ---
uid=10001(agent-admin) gid=10001(agent-admin) groups=10001(agent-admin)
--- monitor.sh ---
[2026-09-15 05:00:19] PROCESS:agent-app-linux-arm64 PID:7 PPID:1 ETIME:00:00 CPU:0.0% MEM:0.0% RSS:1.6MB RSS_KB:1632 VSZ_KB:2600 STAT:S PORT:15034
[2026-09-15 05:00:19] PROCESS:agent-app-linux-arm64 PID:8 PPID:7 ETIME:00:00 CPU:0.0% MEM:0.2% RSS:16.4MB RSS_KB:16844 VSZ_KB:22144 STAT:SN PORT:15034
--- ps -ef ---
UID        PID  PPID  C STIME TTY          TIME CMD
agent-a+     1     0  0 05:00 ?        00:00:00 /sbin/docker-init -- /opt/agent/agent-app-linux-arm64
agent-a+     7     1  0 05:00 ?        00:00:00 /opt/agent/agent-app-linux-arm64
agent-a+     8     7  0 05:00 ?        00:00:00 /opt/agent/agent-app-linux-arm64
agent-a+    42     0  0 05:00 ?        00:00:00 ps -ef
--- ps process PID=7 ---
  PID  PPID     ELAPSED %CPU %MEM   RSS    VSZ STAT CMD
    7     1       00:00  0.0  0.0  1632   2600 S    /opt/agent/agent-app-linux-arm64
--- top -H PID=7 ---
top - 05:00:20 up 47 min,  0 users,  load average: 0.02, 0.08, 0.08
Threads:   1 total,   0 running,   1 sleeping,   0 stopped,   0 zombie
%Cpu(s):  0.0 us,  0.0 sy,  0.0 ni,100.0 id,  0.0 wa,  0.0 hi,  0.0 si,  0.0 st
MiB Mem :   7936.0 total,   6845.2 free,    461.9 used,    628.9 buff/cache
MiB Swap:   1024.0 total,   1024.0 free,      0.0 used.   7315.4 avail Mem 

  PID USER      PR  NI    VIRT    RES    SHR S  %CPU  %MEM     TIME+ COMMAND
    7 agent-a+  20   0    2600   1632   1424 S   0.0   0.0   0:00.06 agent-app+
--- ps -L PID=7 ---
  PID   TID STAT %CPU %MEM WCHAN                            COMMAND
    7     7 S     0.0  0.0 do_wait                          agent-app-linux
--- ps process PID=8 ---
  PID  PPID     ELAPSED %CPU %MEM   RSS    VSZ STAT CMD
    8     7       00:00  0.0  0.2 16844  22144 SN   /opt/agent/agent-app-linux-arm64
--- top -H PID=8 ---
top - 05:00:20 up 47 min,  0 users,  load average: 0.02, 0.08, 0.08
Threads:   1 total,   0 running,   1 sleeping,   0 stopped,   0 zombie
%Cpu(s):  0.0 us,  0.0 sy,  0.0 ni,100.0 id,  0.0 wa,  0.0 hi,  0.0 si,  0.0 st
MiB Mem :   7936.0 total,   6858.3 free,    448.8 used,    628.9 buff/cache
MiB Swap:   1024.0 total,   1024.0 free,      0.0 used.   7328.5 avail Mem 

  PID USER      PR  NI    VIRT    RES    SHR S  %CPU  %MEM     TIME+ COMMAND
    8 agent-a+  30  10   22144  16844   8572 S   0.0   0.2   0:00.03 agent-app+
--- ps -L PID=8 ---
  PID   TID STAT %CPU %MEM WCHAN                            COMMAND
    8     8 SN    3.0  0.2 do_select                        agent-app-linux
--- docker stats ---
NAME=codyssey-agent-oom-before-20260915-140016-61131 CPU=0.00% MEM=9.766MiB / 1GiB MEM_PERC=0.95% PIDS=3

=== t+3s ===
2026-09-15T14:00:24+0900
--- identity ---
uid=10001(agent-admin) gid=10001(agent-admin) groups=10001(agent-admin)
--- monitor.sh ---
[2026-09-15 05:00:24] PROCESS:agent-app-linux-arm64 PID:7 PPID:1 ETIME:00:05 CPU:1.2% MEM:0.0% RSS:1.6MB RSS_KB:1632 VSZ_KB:2600 STAT:S PORT:15034
[2026-09-15 05:00:24] PROCESS:agent-app-linux-arm64 PID:8 PPID:7 ETIME:00:05 CPU:0.8% MEM:0.8% RSS:66.5MB RSS_KB:68052 VSZ_KB:73352 STAT:SN PORT:15034
--- ps -ef ---
UID        PID  PPID  C STIME TTY          TIME CMD
agent-a+     1     0  0 05:00 ?        00:00:00 /sbin/docker-init -- /opt/agent/agent-app-linux-arm64
agent-a+     7     1  1 05:00 ?        00:00:00 /opt/agent/agent-app-linux-arm64
agent-a+     8     7  0 05:00 ?        00:00:00 /opt/agent/agent-app-linux-arm64
agent-a+   117     0  0 05:00 ?        00:00:00 ps -ef
--- ps process PID=7 ---
  PID  PPID     ELAPSED %CPU %MEM   RSS    VSZ STAT CMD
    7     1       00:05  1.2  0.0  1632   2600 S    /opt/agent/agent-app-linux-arm64
--- top -H PID=7 ---
top - 05:00:25 up 47 min,  0 users,  load average: 0.10, 0.10, 0.09
Threads:   1 total,   0 running,   1 sleeping,   0 stopped,   0 zombie
%Cpu(s):  0.0 us,  0.0 sy,  0.0 ni,100.0 id,  0.0 wa,  0.0 hi,  0.0 si,  0.0 st
MiB Mem :   7936.0 total,   6809.4 free,    497.6 used,    629.0 buff/cache
MiB Swap:   1024.0 total,   1024.0 free,      0.0 used.   7279.7 avail Mem 

  PID USER      PR  NI    VIRT    RES    SHR S  %CPU  %MEM     TIME+ COMMAND
    7 agent-a+  20   0    2600   1632   1424 S   0.0   0.0   0:00.06 agent-app+
--- ps -L PID=7 ---
  PID   TID STAT %CPU %MEM WCHAN                            COMMAND
    7     7 S     1.2  0.0 do_wait                          agent-app-linux
--- ps process PID=8 ---
  PID  PPID     ELAPSED %CPU %MEM   RSS    VSZ STAT CMD
    8     7       00:05  0.8  0.8 68052  73352 SN   /opt/agent/agent-app-linux-arm64
--- top -H PID=8 ---
top - 05:00:25 up 47 min,  0 users,  load average: 0.10, 0.10, 0.09
Threads:   1 total,   0 running,   1 sleeping,   0 stopped,   0 zombie
%Cpu(s):  0.0 us,  0.0 sy,  0.0 ni,100.0 id,  0.0 wa,  0.0 hi,  0.0 si,  0.0 st
MiB Mem :   7936.0 total,   6812.2 free,    494.8 used,    629.0 buff/cache
MiB Swap:   1024.0 total,   1024.0 free,      0.0 used.   7282.5 avail Mem 

  PID USER      PR  NI    VIRT    RES    SHR S  %CPU  %MEM     TIME+ COMMAND
    8 agent-a+  30  10   73352  68052   8572 S   0.0   0.8   0:00.04 agent-app+
--- ps -L PID=8 ---
  PID   TID STAT %CPU %MEM WCHAN                            COMMAND
    8     8 SN    0.6  0.8 do_select                        agent-app-linux
--- docker stats ---
NAME=codyssey-agent-oom-before-20260915-140016-61131 CPU=0.00% MEM=60MiB / 1GiB MEM_PERC=5.86% PIDS=3

=== t+6s ===
2026-09-15T14:00:29+0900
--- identity ---
uid=10001(agent-admin) gid=10001(agent-admin) groups=10001(agent-admin)
--- monitor.sh ---
[2026-09-15 05:00:29] PROCESS:agent-app-linux-arm64 PID:7 PPID:1 ETIME:00:10 CPU:0.6% MEM:0.0% RSS:1.6MB RSS_KB:1632 VSZ_KB:2600 STAT:S PORT:15034
[2026-09-15 05:00:29] PROCESS:agent-app-linux-arm64 PID:8 PPID:7 ETIME:00:10 CPU:0.5% MEM:1.1% RSS:91.5MB RSS_KB:93656 VSZ_KB:98956 STAT:SN PORT:15034
--- ps -ef ---
UID        PID  PPID  C STIME TTY          TIME CMD
agent-a+     1     0  0 05:00 ?        00:00:00 /sbin/docker-init -- /opt/agent/agent-app-linux-arm64
agent-a+     7     1  0 05:00 ?        00:00:00 /opt/agent/agent-app-linux-arm64
agent-a+     8     7  0 05:00 ?        00:00:00 /opt/agent/agent-app-linux-arm64
agent-a+   192     0  0 05:00 ?        00:00:00 ps -ef
--- ps process PID=7 ---
  PID  PPID     ELAPSED %CPU %MEM   RSS    VSZ STAT CMD
    7     1       00:10  0.6  0.0  1632   2600 S    /opt/agent/agent-app-linux-arm64
--- top -H PID=7 ---
top - 05:00:30 up 47 min,  0 users,  load average: 0.50, 0.18, 0.11
Threads:   1 total,   0 running,   1 sleeping,   0 stopped,   0 zombie
%Cpu(s):  0.0 us,  0.0 sy,  0.0 ni,100.0 id,  0.0 wa,  0.0 hi,  0.0 si,  0.0 st
MiB Mem :   7936.0 total,   6798.0 free,    509.0 used,    629.0 buff/cache
MiB Swap:   1024.0 total,   1024.0 free,      0.0 used.   7268.3 avail Mem 

  PID USER      PR  NI    VIRT    RES    SHR S  %CPU  %MEM     TIME+ COMMAND
    7 agent-a+  20   0    2600   1632   1424 S   0.0   0.0   0:00.06 agent-app+
--- ps -L PID=7 ---
  PID   TID STAT %CPU %MEM WCHAN                            COMMAND
    7     7 S     0.6  0.0 do_wait                          agent-app-linux
--- ps process PID=8 ---
  PID  PPID     ELAPSED %CPU %MEM   RSS    VSZ STAT CMD
    8     7       00:10  0.5  1.1 93656  98956 SN   /opt/agent/agent-app-linux-arm64
--- top -H PID=8 ---
top - 05:00:30 up 47 min,  0 users,  load average: 0.50, 0.18, 0.11
Threads:   1 total,   0 running,   1 sleeping,   0 stopped,   0 zombie
%Cpu(s):  0.0 us,  0.0 sy,  0.0 ni,100.0 id,  0.0 wa,  0.0 hi,  0.0 si,  0.0 st
MiB Mem :   7936.0 total,   6787.7 free,    519.3 used,    629.0 buff/cache
MiB Swap:   1024.0 total,   1024.0 free,      0.0 used.   7258.0 avail Mem 

  PID USER      PR  NI    VIRT    RES    SHR S  %CPU  %MEM     TIME+ COMMAND
    8 agent-a+  30  10   98956  93656   8572 S   0.0   1.2   0:00.05 agent-app+
--- ps -L PID=8 ---
  PID   TID STAT %CPU %MEM WCHAN                            COMMAND
    8     8 SN    0.4  1.4 do_select                        agent-app-linux
--- docker stats ---
NAME=codyssey-agent-oom-before-20260915-140016-61131 CPU=0.01% MEM=109.9MiB / 1GiB MEM_PERC=10.73% PIDS=3

=== t+9s ===
2026-09-15T14:00:35+0900
--- identity ---
uid=10001(agent-admin) gid=10001(agent-admin) groups=10001(agent-admin)
--- monitor.sh ---
[2026-09-15 05:00:35] PROCESS:agent-app-linux-arm64 PID:7 PPID:1 ETIME:00:16 CPU:0.3% MEM:0.0% RSS:1.6MB RSS_KB:1632 VSZ_KB:2600 STAT:S PORT:15034
[2026-09-15 05:00:35] PROCESS:agent-app-linux-arm64 PID:8 PPID:7 ETIME:00:16 CPU:0.3% MEM:1.7% RSS:141.5MB RSS_KB:144864 VSZ_KB:150164 STAT:SN PORT:15034
--- ps -ef ---
UID        PID  PPID  C STIME TTY          TIME CMD
agent-a+     1     0  0 05:00 ?        00:00:00 /sbin/docker-init -- /opt/agent/agent-app-linux-arm64
agent-a+     7     1  0 05:00 ?        00:00:00 /opt/agent/agent-app-linux-arm64
agent-a+     8     7  0 05:00 ?        00:00:00 /opt/agent/agent-app-linux-arm64
agent-a+   267     0  0 05:00 ?        00:00:00 ps -ef
--- ps process PID=7 ---
  PID  PPID     ELAPSED %CPU %MEM   RSS    VSZ STAT CMD
    7     1       00:16  0.3  0.0  1632   2600 S    /opt/agent/agent-app-linux-arm64
--- top -H PID=7 ---
top - 05:00:36 up 47 min,  0 users,  load average: 0.45, 0.18, 0.11
Threads:   1 total,   0 running,   1 sleeping,   0 stopped,   0 zombie
%Cpu(s):  0.0 us,  0.0 sy,  0.0 ni,100.0 id,  0.0 wa,  0.0 hi,  0.0 si,  0.0 st
MiB Mem :   7936.0 total,   6744.1 free,    562.9 used,    629.0 buff/cache
MiB Swap:   1024.0 total,   1024.0 free,      0.0 used.   7214.4 avail Mem 

  PID USER      PR  NI    VIRT    RES    SHR S  %CPU  %MEM     TIME+ COMMAND
    7 agent-a+  20   0    2600   1632   1424 S   0.0   0.0   0:00.06 agent-app+
--- ps -L PID=7 ---
  PID   TID STAT %CPU %MEM WCHAN                            COMMAND
    7     7 S     0.3  0.0 do_wait                          agent-app-linux
--- ps process PID=8 ---
  PID  PPID     ELAPSED %CPU %MEM   RSS    VSZ STAT CMD
    8     7       00:16  0.3  1.7 144864 150164 SN  /opt/agent/agent-app-linux-arm64
--- top -H PID=8 ---
top - 05:00:36 up 47 min,  0 users,  load average: 0.45, 0.18, 0.11
Threads:   1 total,   0 running,   1 sleeping,   0 stopped,   0 zombie
%Cpu(s):  0.0 us,  0.0 sy,  0.0 ni,100.0 id,  0.0 wa,  0.0 hi,  0.0 si,  0.0 st
MiB Mem :   7936.0 total,   6739.2 free,    567.8 used,    629.0 buff/cache
MiB Swap:   1024.0 total,   1024.0 free,      0.0 used.   7209.5 avail Mem 

  PID USER      PR  NI    VIRT    RES    SHR S  %CPU  %MEM     TIME+ COMMAND
    8 agent-a+  30  10  150164 144864   8572 S   0.0   1.8   0:00.06 agent-app+
--- ps -L PID=8 ---
OCI runtime exec failed: exec failed: unable to start container process: error writing config to pipe: write init-p: broken pipe
--- docker stats ---
NAME=codyssey-agent-oom-before-20260915-140016-61131 CPU=0.00% MEM=0B / 0B MEM_PERC=0.00% PIDS=0

=== final-after-process-exit ===
2026-09-15T14:00:40+0900
--- identity ---
Error response from daemon: container 26f041b0f9524b06b599df64e4506c42ada198f0129181854ab3a67b2ab3d354 is not running
--- monitor.sh ---
Error response from daemon: container 26f041b0f9524b06b599df64e4506c42ada198f0129181854ab3a67b2ab3d354 is not running
--- ps -ef ---
Error response from daemon: container 26f041b0f9524b06b599df64e4506c42ada198f0129181854ab3a67b2ab3d354 is not running
--- docker stats ---
NAME=codyssey-agent-oom-before-20260915-140016-61131 CPU=0.00% MEM=0B / 0B MEM_PERC=0.00% PIDS=0
