2026-09-15T05:05:01.819142211Z >>> Starting Agent Boot Sequence...
2026-09-15T05:05:01.819175377Z [1/6] Checking User Account               [OK]
2026-09-15T05:05:01.819177127Z    ... Running as service user 'agent-admin' (uid=10001)
2026-09-15T05:05:01.819178086Z [2/6] Verifying Environment Variables     [OK]
2026-09-15T05:05:01.819178919Z    ... All required Envs correct
2026-09-15T05:05:01.819179752Z [3/6] Checking Required Files             [OK]
2026-09-15T05:05:01.819180586Z    ... Verified 'secret.key' with correct key string.
2026-09-15T05:05:01.819181752Z [4/6] Checking Port Availability          [OK]
2026-09-15T05:05:01.819182627Z    ... Port 15034 is available.
2026-09-15T05:05:01.819183461Z [5/6] Verifying Log Permission            [OK]
2026-09-15T05:05:01.819184294Z    ... Log directory is writable: /var/log/agent-app
2026-09-15T05:05:01.819185127Z [6/6] Verifying Mission Environment       [OK]
2026-09-15T05:05:01.819185961Z    ... MEMORY_LIMIT=512MB, CPU_MAX_OCCUPY=10%, MULTI_THREAD_ENABLE=False
2026-09-15T05:05:01.819186877Z ------------------------------------------------------------
2026-09-15T05:05:01.819187711Z All Boot Checks Passed!
2026-09-15T05:05:01.819188502Z Agent READY
2026-09-15T05:05:01.819189294Z 2026-09-15 05:05:01,818 [INFO] [SafetyGuard] Process priority lowered (nice=10).
2026-09-15T05:05:01.819191877Z 2026-09-15 05:05:01,819 [INFO] Agent listening at port 15034
2026-09-15T05:05:03.829167753Z 
2026-09-15T05:05:03.829187087Z ==================================================
2026-09-15T05:05:03.829189087Z  [ Agent Initiate ] Resource Check 
2026-09-15T05:05:03.829190337Z ==================================================
2026-09-15T05:05:03.829191462Z  [ MEMORY ] Limit: 512MB 		[ OK ]
2026-09-15T05:05:03.829192837Z  [ CPU    ] Limit: 10%  		[ OK ]
2026-09-15T05:05:03.829193878Z  [ THREAD ] Concurrency: False 		[ OK ]
2026-09-15T05:05:03.829195003Z --------------------------------------------------
2026-09-15T05:05:03.829196087Z  >>> SYSTEM STATUS: STABLE. STARTING WORKLOAD MONITORING...
2026-09-15T05:05:03.829197378Z ==================================================
2026-09-15T05:05:03.829198503Z 
2026-09-15T05:05:03.829199587Z 2026-09-15 05:05:03,828 [INFO] >>> Scenario Selected: [Healthy System Monitoring]
2026-09-15T05:05:03.829383545Z 
2026-09-15T05:05:03.829390003Z >>> [SYSTEM] ALL CONFIGURATIONS OPTIMAL. RUNNING STABILITY TEST... <<<
2026-09-15T05:05:03.829391878Z 
2026-09-15T05:05:03.829393045Z 2026-09-15 05:05:03,829 [INFO] [Scheduler] Task Scheduler Initialized.
2026-09-15T05:05:03.829394337Z 2026-09-15 05:05:03,829 [INFO] [Scheduler] Registered Tasks: ['Thread-A', 'Thread-B', 'Thread-C']
2026-09-15T05:05:03.829406337Z 2026-09-15 05:05:03,829 [INFO] [Scheduler] Starting task execution...
2026-09-15T05:05:03.829407712Z 2026-09-15 05:05:03,829 [INFO] [Thread-B] Task Started. Calculating... (20%)
2026-09-15T05:05:03.881146128Z 2026-09-15 05:05:03,880 [INFO] [Thread-B] Calculating... (40%)
2026-09-15T05:05:03.935092628Z 2026-09-15 05:05:03,933 [INFO] [Thread-B] Calculating... (60%)
2026-09-15T05:05:03.988176087Z 2026-09-15 05:05:03,987 [INFO] [Thread-B] Calculating... (80%)
2026-09-15T05:05:04.041328628Z 2026-09-15 05:05:04,039 [INFO] [Thread-B] Task Completed. (100%)
2026-09-15T05:05:04.099885795Z 2026-09-15 05:05:04,098 [INFO] [Thread-C] Task Started. Calculating... (20%)
2026-09-15T05:05:04.158185670Z 2026-09-15 05:05:04,153 [INFO] [Thread-C] Calculating... (40%)
2026-09-15T05:05:04.208111212Z 2026-09-15 05:05:04,207 [INFO] [Thread-C] Calculating... (60%)
2026-09-15T05:05:04.267172129Z 2026-09-15 05:05:04,266 [INFO] [Thread-C] Calculating... (80%)
2026-09-15T05:05:04.320679295Z 2026-09-15 05:05:04,319 [INFO] [Thread-C] Task Completed. (100%)
2026-09-15T05:05:04.377695545Z 2026-09-15 05:05:04,376 [INFO] [Thread-A] Task Started. Calculating... (20%)
2026-09-15T05:05:04.430879504Z 2026-09-15 05:05:04,428 [INFO] [Thread-A] Calculating... (40%)
2026-09-15T05:05:04.481882295Z 2026-09-15 05:05:04,481 [INFO] [Thread-A] Calculating... (60%)
2026-09-15T05:05:04.536916087Z 2026-09-15 05:05:04,536 [INFO] [Thread-A] Calculating... (80%)
2026-09-15T05:05:04.588822420Z 2026-09-15 05:05:04,587 [INFO] [Thread-A] Task Completed. (100%)
2026-09-15T05:05:04.640608004Z 2026-09-15 05:05:04,639 [INFO] [Scheduler] All tasks completed.
2026-09-15T05:05:04.647238712Z 2026-09-15 05:05:04,646 [INFO] [MemoryWorker] Current Heap: 25MB
2026-09-15T05:05:04.647604712Z 2026-09-15 05:05:04,647 [INFO] [CpuWorker] Started. Maximum CPU Limit: 10%
2026-09-15T05:05:04.647771295Z 2026-09-15 05:05:04,647 [INFO] [CpuWorker] Current Load: 5.00%
2026-09-15T05:05:07.661690589Z 2026-09-15 05:05:07,661 [INFO] [MemoryWorker] Current Heap: 50MB
2026-09-15T05:05:07.768920464Z 2026-09-15 05:05:07,768 [INFO] [CpuWorker] Current Load: 8.69%
2026-09-15T05:05:09.874937631Z 2026-09-15 05:05:09,874 [INFO] [CpuWorker] Peak reached (10.00%). Starting cooldown...
2026-09-15T05:05:10.666086882Z 2026-09-15 05:05:10,665 [INFO] [MemoryWorker] Current Heap: 75MB
2026-09-15T05:05:10.875303882Z 2026-09-15 05:05:10,875 [INFO] [CpuWorker] Current Load: 10.00%
2026-09-15T05:05:12.991995424Z 2026-09-15 05:05:12,991 [INFO] [CpuWorker] Cooldown complete (5.00%). Resuming load increase...
2026-09-15T05:05:13.715524008Z 2026-09-15 05:05:13,714 [INFO] [MemoryWorker] Current Heap: 100MB
2026-09-15T05:05:13.994422592Z 2026-09-15 05:05:13,994 [INFO] [CpuWorker] Current Load: 5.00%
2026-09-15T05:05:16.102232301Z 2026-09-15 05:05:16,101 [INFO] [CpuWorker] Peak reached (10.00%). Starting cooldown...
2026-09-15T05:05:16.739346676Z 2026-09-15 05:05:16,739 [INFO] [MemoryWorker] Current Heap: 125MB
2026-09-15T05:05:17.113873426Z 2026-09-15 05:05:17,111 [INFO] [CpuWorker] Current Load: 10.00%
2026-09-15T05:05:19.752336678Z 2026-09-15 05:05:19,752 [INFO] [MemoryWorker] Current Heap: 150MB
2026-09-15T05:05:20.239756511Z 2026-09-15 05:05:20,238 [INFO] [CpuWorker] Current Load: 8.35%
2026-09-15T05:05:22.353315346Z 2026-09-15 05:05:22,352 [INFO] [CpuWorker] Cooldown complete (5.00%). Resuming load increase...
2026-09-15T05:05:22.768440512Z 2026-09-15 05:05:22,768 [INFO] [MemoryWorker] Current Heap: 175MB
2026-09-15T05:05:23.355431471Z 2026-09-15 05:05:23,355 [INFO] [CpuWorker] Current Load: 5.00%
2026-09-15T05:05:25.800127000Z 2026-09-15 05:05:25,799 [INFO] [MemoryWorker] Current Heap: 200MB
2026-09-15T05:05:26.481804750Z 2026-09-15 05:05:26,479 [INFO] [CpuWorker] Current Load: 5.47%
2026-09-15T05:05:28.600847876Z 2026-09-15 05:05:28,600 [INFO] [CpuWorker] Peak reached (10.00%). Starting cooldown...
2026-09-15T05:05:28.824399376Z 2026-09-15 05:05:28,824 [INFO] [MemoryWorker] Current Heap: 225MB
2026-09-15T05:05:29.608911210Z 2026-09-15 05:05:29,606 [INFO] [CpuWorker] Current Load: 10.00%
2026-09-15T05:05:31.713992627Z 2026-09-15 05:05:31,713 [INFO] [CpuWorker] Cooldown complete (5.00%). Resuming load increase...
2026-09-15T05:05:31.829217961Z 2026-09-15 05:05:31,828 [INFO] [MemoryWorker] Current Heap: 250MB
2026-09-15T05:05:32.735407836Z 2026-09-15 05:05:32,726 [INFO] [CpuWorker] Current Load: 5.00%
2026-09-15T05:05:34.855113962Z 2026-09-15 05:05:34,854 [INFO] [MemoryWorker] Current Heap: 275MB
2026-09-15T05:05:35.855775254Z 2026-09-15 05:05:35,853 [INFO] [CpuWorker] Current Load: 7.16%
2026-09-15T05:05:37.885731547Z 2026-09-15 05:05:37,885 [INFO] [MemoryWorker] Current Heap: 300MB
2026-09-15T05:05:38.981255256Z 2026-09-15 05:05:38,980 [INFO] [CpuWorker] Current Load: 8.07%
2026-09-15T05:05:40.910086715Z 2026-09-15 05:05:40,908 [INFO] [MemoryWorker] Current Heap: 325MB
2026-09-15T05:05:41.098766840Z 2026-09-15 05:05:41,098 [INFO] [CpuWorker] Peak reached (10.00%). Starting cooldown...
2026-09-15T05:05:42.114489674Z 2026-09-15 05:05:42,113 [INFO] [CpuWorker] Current Load: 10.00%
2026-09-15T05:05:43.929474133Z 2026-09-15 05:05:43,928 [INFO] [MemoryWorker] Current Heap: 350MB
2026-09-15T05:05:45.227302175Z 2026-09-15 05:05:45,226 [INFO] [CpuWorker] Current Load: 5.16%
2026-09-15T05:05:46.958803343Z 2026-09-15 05:05:46,958 [INFO] [MemoryWorker] Current Heap: 375MB
2026-09-15T05:05:47.344780468Z 2026-09-15 05:05:47,344 [INFO] [CpuWorker] Cooldown complete (5.00%). Resuming load increase...
2026-09-15T05:05:48.352388927Z 2026-09-15 05:05:48,352 [INFO] [CpuWorker] Current Load: 5.00%
2026-09-15T05:05:49.990466928Z 2026-09-15 05:05:49,989 [INFO] [MemoryWorker] Current Heap: 400MB
2026-09-15T05:05:51.474221637Z 2026-09-15 05:05:51,473 [INFO] [CpuWorker] Current Load: 7.80%
2026-09-15T05:05:53.013995054Z 2026-09-15 05:05:53,013 [INFO] [MemoryWorker] Current Heap: 425MB
2026-09-15T05:05:53.591253263Z 2026-09-15 05:05:53,590 [INFO] [CpuWorker] Peak reached (10.00%). Starting cooldown...
2026-09-15T05:05:54.602888305Z 2026-09-15 05:05:54,599 [INFO] [CpuWorker] Current Load: 10.00%
2026-09-15T05:05:56.028496458Z 2026-09-15 05:05:56,028 [INFO] [MemoryWorker] Current Heap: 450MB
2026-09-15T05:05:56.714174458Z 2026-09-15 05:05:56,709 [INFO] [CpuWorker] Cooldown complete (5.00%). Resuming load increase...
2026-09-15T05:05:57.721526875Z 2026-09-15 05:05:57,721 [INFO] [CpuWorker] Current Load: 5.00%
2026-09-15T05:05:59.050835793Z 2026-09-15 05:05:59,050 [INFO] [MemoryWorker] Current Heap: 475MB
2026-09-15T05:06:00.850070085Z 2026-09-15 05:06:00,849 [INFO] [CpuWorker] Current Load: 5.08%
2026-09-15T05:06:02.074328711Z 2026-09-15 05:06:02,073 [INFO] [MemoryWorker] Current Heap: 500MB
2026-09-15T05:06:02.964852503Z 2026-09-15 05:06:02,963 [INFO] [CpuWorker] Peak reached (10.00%). Starting cooldown...
2026-09-15T05:06:03.978105378Z 2026-09-15 05:06:03,974 [INFO] [CpuWorker] Current Load: 10.00%
2026-09-15T05:06:05.104581129Z 2026-09-15 05:06:05,103 [INFO] [MemoryWorker] Current Heap: 525MB
2026-09-15T05:06:05.104625712Z 2026-09-15 05:06:05,104 [WARNING] [MemoryWorker] Memory Usage Reached Limit (525MB). Starting cleanup...
2026-09-15T05:06:05.115868379Z 2026-09-15 05:06:05,115 [INFO] [System] Memory Cache Flushed. Process Stabilized.
2026-09-15T05:06:07.092992297Z 
2026-09-15T05:06:07.093602880Z >>> [SYSTEM] MEMORY RECOVERED (Cache Cleared) <<<
2026-09-15T05:06:07.093609547Z 
2026-09-15T05:06:07.093612172Z 2026-09-15 05:06:07,091 [INFO] [CpuWorker] Current Load: 5.42%
2026-09-15T05:06:09.213688048Z 2026-09-15 05:06:09,212 [INFO] [CpuWorker] Cooldown complete (5.00%). Resuming load increase...
2026-09-15T05:06:10.140193673Z 2026-09-15 05:06:10,139 [INFO] [MemoryWorker] Current Heap: 25MB
2026-09-15T05:06:10.213898090Z 2026-09-15 05:06:10,213 [INFO] [CpuWorker] Current Load: 5.00%
2026-09-15T05:06:13.167606716Z 2026-09-15 05:06:13,167 [INFO] [MemoryWorker] Current Heap: 50MB
2026-09-15T05:06:13.336315258Z 2026-09-15 05:06:13,335 [INFO] [CpuWorker] Current Load: 7.90%
2026-09-15T05:06:15.459159051Z 2026-09-15 05:06:15,458 [INFO] [CpuWorker] Peak reached (10.00%). Starting cooldown...
2026-09-15T05:06:16.190182926Z 2026-09-15 05:06:16,189 [INFO] [MemoryWorker] Current Heap: 75MB
2026-09-15T05:06:16.465403801Z 2026-09-15 05:06:16,464 [INFO] [CpuWorker] Current Load: 10.00%
2026-09-15T05:06:18.583891510Z 2026-09-15 05:06:18,583 [INFO] [CpuWorker] Cooldown complete (5.00%). Resuming load increase...
2026-09-15T05:06:19.210021636Z 2026-09-15 05:06:19,209 [INFO] [MemoryWorker] Current Heap: 100MB
2026-09-15T05:06:19.594051886Z 2026-09-15 05:06:19,591 [INFO] [CpuWorker] Current Load: 5.00%
