2026-09-21T01:11:40.606066799Z >>> Starting Agent Boot Sequence...
2026-09-21T01:11:40.606081840Z [1/6] Checking User Account               [OK]
2026-09-21T01:11:40.606083465Z    ... Running as service user 'agent-admin' (uid=10001)
2026-09-21T01:11:40.606084382Z [2/6] Verifying Environment Variables     [OK]
2026-09-21T01:11:40.606085174Z    ... All required Envs correct
2026-09-21T01:11:40.606085965Z [3/6] Checking Required Files             [OK]
2026-09-21T01:11:40.606086715Z    ... Verified 'secret.key' with correct key string.
2026-09-21T01:11:40.606087465Z [4/6] Checking Port Availability          [OK]
2026-09-21T01:11:40.606088215Z    ... Port 15034 is available.
2026-09-21T01:11:40.606088924Z [5/6] Verifying Log Permission            [OK]
2026-09-21T01:11:40.606089674Z    ... Log directory is writable: /var/log/agent-app
2026-09-21T01:11:40.606090465Z [6/6] Verifying Mission Environment       [OK]
2026-09-21T01:11:40.606091215Z    ... MEMORY_LIMIT=512MB, CPU_MAX_OCCUPY=10%, MULTI_THREAD_ENABLE=False
2026-09-21T01:11:40.606092132Z ------------------------------------------------------------
2026-09-21T01:11:40.606092965Z All Boot Checks Passed!
2026-09-21T01:11:40.606093715Z Agent READY
2026-09-21T01:11:40.606094465Z 2026-09-21 01:11:40,605 [INFO] [SafetyGuard] Process priority lowered (nice=10).
2026-09-21T01:11:40.606095299Z 2026-09-21 01:11:40,605 [INFO] Agent listening at port 15034
2026-09-21T01:11:42.617101633Z 
2026-09-21T01:11:42.617151758Z ==================================================
2026-09-21T01:11:42.617154841Z  [ Agent Initiate ] Resource Check 
2026-09-21T01:11:42.617156675Z ==================================================
2026-09-21T01:11:42.617158508Z  [ MEMORY ] Limit: 512MB 		[ OK ]
2026-09-21T01:11:42.617160966Z  [ CPU    ] Limit: 10%  		[ OK ]
2026-09-21T01:11:42.617162675Z  [ THREAD ] Concurrency: False 		[ OK ]
2026-09-21T01:11:42.617165050Z --------------------------------------------------
2026-09-21T01:11:42.617166800Z  >>> SYSTEM STATUS: STABLE. STARTING WORKLOAD MONITORING...
2026-09-21T01:11:42.617168883Z ==================================================
2026-09-21T01:11:42.617170883Z 
2026-09-21T01:11:42.617172550Z 2026-09-21 01:11:42,615 [INFO] >>> Scenario Selected: [Healthy System Monitoring]
2026-09-21T01:11:42.617174591Z 
2026-09-21T01:11:42.617176716Z >>> [SYSTEM] ALL CONFIGURATIONS OPTIMAL. RUNNING STABILITY TEST... <<<
2026-09-21T01:11:42.617178716Z 
2026-09-21T01:11:42.617180341Z 2026-09-21 01:11:42,616 [INFO] [Scheduler] Task Scheduler Initialized.
2026-09-21T01:11:42.617394883Z 2026-09-21 01:11:42,616 [INFO] [Scheduler] Registered Tasks: ['Thread-A', 'Thread-B', 'Thread-C']
2026-09-21T01:11:42.617454675Z 2026-09-21 01:11:42,617 [INFO] [Scheduler] Starting task execution...
2026-09-21T01:11:42.617458550Z 2026-09-21 01:11:42,617 [INFO] [Thread-B] Task Started. Calculating... (20%)
2026-09-21T01:11:42.668016216Z 2026-09-21 01:11:42,667 [INFO] [Thread-B] Calculating... (40%)
2026-09-21T01:11:42.723862550Z 2026-09-21 01:11:42,723 [INFO] [Thread-B] Calculating... (60%)
2026-09-21T01:11:42.778608883Z 2026-09-21 01:11:42,776 [INFO] [Thread-B] Calculating... (80%)
2026-09-21T01:11:42.834943133Z 2026-09-21 01:11:42,833 [INFO] [Thread-B] Task Completed. (100%)
2026-09-21T01:11:42.887193550Z 2026-09-21 01:11:42,886 [INFO] [Thread-C] Task Started. Calculating... (20%)
2026-09-21T01:11:42.943795425Z 2026-09-21 01:11:42,942 [INFO] [Thread-C] Calculating... (40%)
2026-09-21T01:11:42.995965967Z 2026-09-21 01:11:42,995 [INFO] [Thread-C] Calculating... (60%)
2026-09-21T01:11:43.052370217Z 2026-09-21 01:11:43,048 [INFO] [Thread-C] Calculating... (80%)
2026-09-21T01:11:43.105820050Z 2026-09-21 01:11:43,105 [INFO] [Thread-C] Task Completed. (100%)
2026-09-21T01:11:43.156482758Z 2026-09-21 01:11:43,156 [INFO] [Thread-A] Task Started. Calculating... (20%)
2026-09-21T01:11:43.211843842Z 2026-09-21 01:11:43,211 [INFO] [Thread-A] Calculating... (40%)
2026-09-21T01:11:43.268102883Z 2026-09-21 01:11:43,267 [INFO] [Thread-A] Calculating... (60%)
2026-09-21T01:11:43.319174592Z 2026-09-21 01:11:43,318 [INFO] [Thread-A] Calculating... (80%)
2026-09-21T01:11:43.371141675Z 2026-09-21 01:11:43,370 [INFO] [Thread-A] Task Completed. (100%)
2026-09-21T01:11:43.426537467Z 2026-09-21 01:11:43,425 [INFO] [Scheduler] All tasks completed.
2026-09-21T01:11:43.432105050Z 2026-09-21 01:11:43,430 [INFO] [MemoryWorker] Current Heap: 25MB
2026-09-21T01:11:43.432140092Z 2026-09-21 01:11:43,431 [INFO] [CpuWorker] Started. Maximum CPU Limit: 10%
2026-09-21T01:11:43.432153342Z 2026-09-21 01:11:43,431 [INFO] [CpuWorker] Current Load: 5.00%
2026-09-21T01:11:46.458085968Z 2026-09-21 01:11:46,456 [INFO] [MemoryWorker] Current Heap: 50MB
2026-09-21T01:11:46.563807468Z 2026-09-21 01:11:46,563 [INFO] [CpuWorker] Current Load: 7.89%
2026-09-21T01:11:48.667612553Z 2026-09-21 01:11:48,667 [INFO] [CpuWorker] Peak reached (10.00%). Starting cooldown...
2026-09-21T01:11:49.482894011Z 2026-09-21 01:11:49,481 [INFO] [MemoryWorker] Current Heap: 75MB
2026-09-21T01:11:49.676504345Z 2026-09-21 01:11:49,675 [INFO] [CpuWorker] Current Load: 10.00%
2026-09-21T01:11:52.507658804Z 2026-09-21 01:11:52,507 [INFO] [MemoryWorker] Current Heap: 100MB
2026-09-21T01:11:52.810378721Z 2026-09-21 01:11:52,809 [INFO] [CpuWorker] Current Load: 5.27%
2026-09-21T01:11:54.924547791Z 2026-09-21 01:11:54,924 [INFO] [CpuWorker] Cooldown complete (5.00%). Resuming load increase...
2026-09-21T01:11:55.525586208Z 2026-09-21 01:11:55,525 [INFO] [MemoryWorker] Current Heap: 125MB
2026-09-21T01:11:55.928118583Z 2026-09-21 01:11:55,926 [INFO] [CpuWorker] Current Load: 5.00%
2026-09-21T01:11:58.045100543Z 2026-09-21 01:11:58,044 [INFO] [CpuWorker] Peak reached (10.00%). Starting cooldown...
2026-09-21T01:11:58.547227085Z 2026-09-21 01:11:58,546 [INFO] [MemoryWorker] Current Heap: 150MB
2026-09-21T01:11:59.053452752Z 2026-09-21 01:11:59,051 [INFO] [CpuWorker] Current Load: 10.00%
2026-09-21T01:12:01.572171586Z 2026-09-21 01:12:01,571 [INFO] [MemoryWorker] Current Heap: 175MB
2026-09-21T01:12:02.174817003Z 2026-09-21 01:12:02,174 [INFO] [CpuWorker] Current Load: 8.62%
2026-09-21T01:12:04.294774671Z 2026-09-21 01:12:04,291 [INFO] [CpuWorker] Cooldown complete (5.00%). Resuming load increase...
2026-09-21T01:12:04.593305463Z 2026-09-21 01:12:04,592 [INFO] [MemoryWorker] Current Heap: 200MB
2026-09-21T01:12:05.301674796Z 2026-09-21 01:12:05,299 [INFO] [CpuWorker] Current Load: 5.00%
2026-09-21T01:12:07.616549631Z 2026-09-21 01:12:07,615 [INFO] [MemoryWorker] Current Heap: 225MB
2026-09-21T01:12:08.429174839Z 2026-09-21 01:12:08,427 [INFO] [CpuWorker] Current Load: 8.65%
2026-09-21T01:12:10.547649340Z 2026-09-21 01:12:10,546 [INFO] [CpuWorker] Peak reached (10.00%). Starting cooldown...
2026-09-21T01:12:10.642885424Z 2026-09-21 01:12:10,642 [INFO] [MemoryWorker] Current Heap: 250MB
2026-09-21T01:12:11.566545799Z 2026-09-21 01:12:11,557 [INFO] [CpuWorker] Current Load: 10.00%
2026-09-21T01:12:13.666224259Z 2026-09-21 01:12:13,665 [INFO] [MemoryWorker] Current Heap: 275MB
2026-09-21T01:12:14.692629426Z 2026-09-21 01:12:14,691 [INFO] [CpuWorker] Current Load: 8.82%
2026-09-21T01:12:16.674214135Z 2026-09-21 01:12:16,673 [INFO] [MemoryWorker] Current Heap: 300MB
2026-09-21T01:12:16.808571718Z 2026-09-21 01:12:16,808 [INFO] [CpuWorker] Cooldown complete (5.00%). Resuming load increase...
2026-09-21T01:12:17.818309677Z 2026-09-21 01:12:17,817 [INFO] [CpuWorker] Current Load: 5.00%
2026-09-21T01:12:19.697996678Z 2026-09-21 01:12:19,697 [INFO] [MemoryWorker] Current Heap: 325MB
2026-09-21T01:12:19.934193095Z 2026-09-21 01:12:19,933 [INFO] [CpuWorker] Peak reached (10.00%). Starting cooldown...
2026-09-21T01:12:20.942669304Z 2026-09-21 01:12:20,941 [INFO] [CpuWorker] Current Load: 10.00%
2026-09-21T01:12:22.727628305Z 2026-09-21 01:12:22,726 [INFO] [MemoryWorker] Current Heap: 350MB
2026-09-21T01:12:23.050050388Z 2026-09-21 01:12:23,049 [INFO] [CpuWorker] Cooldown complete (5.00%). Resuming load increase...
2026-09-21T01:12:24.060373555Z 2026-09-21 01:12:24,060 [INFO] [CpuWorker] Current Load: 5.00%
2026-09-21T01:12:25.754876833Z 2026-09-21 01:12:25,754 [INFO] [MemoryWorker] Current Heap: 375MB
2026-09-21T01:12:27.186605667Z 2026-09-21 01:12:27,184 [INFO] [CpuWorker] Current Load: 6.01%
2026-09-21T01:12:28.780322793Z 2026-09-21 01:12:28,779 [INFO] [MemoryWorker] Current Heap: 400MB
2026-09-21T01:12:30.312434377Z 2026-09-21 01:12:30,312 [INFO] [CpuWorker] Current Load: 6.03%
2026-09-21T01:12:31.803848295Z 2026-09-21 01:12:31,802 [INFO] [MemoryWorker] Current Heap: 425MB
2026-09-21T01:12:32.425577378Z 2026-09-21 01:12:32,425 [INFO] [CpuWorker] Peak reached (10.00%). Starting cooldown...
2026-09-21T01:12:33.436573712Z 2026-09-21 01:12:33,435 [INFO] [CpuWorker] Current Load: 10.00%
2026-09-21T01:12:34.834486838Z 2026-09-21 01:12:34,833 [INFO] [MemoryWorker] Current Heap: 450MB
2026-09-21T01:12:35.562916463Z 2026-09-21 01:12:35,557 [INFO] [CpuWorker] Cooldown complete (5.00%). Resuming load increase...
2026-09-21T01:12:36.569006963Z 2026-09-21 01:12:36,567 [INFO] [CpuWorker] Current Load: 5.00%
2026-09-21T01:12:37.843565131Z 2026-09-21 01:12:37,843 [INFO] [MemoryWorker] Current Heap: 475MB
2026-09-21T01:12:38.681700131Z 2026-09-21 01:12:38,680 [INFO] [CpuWorker] Peak reached (10.00%). Starting cooldown...
2026-09-21T01:12:39.695376757Z 2026-09-21 01:12:39,694 [INFO] [CpuWorker] Current Load: 10.00%
2026-09-21T01:12:40.868316507Z 2026-09-21 01:12:40,867 [INFO] [MemoryWorker] Current Heap: 500MB
2026-09-21T01:12:41.806184174Z 2026-09-21 01:12:41,805 [INFO] [CpuWorker] Cooldown complete (5.00%). Resuming load increase...
2026-09-21T01:12:42.817996008Z 2026-09-21 01:12:42,815 [INFO] [CpuWorker] Current Load: 5.00%
2026-09-21T01:12:43.896805675Z 2026-09-21 01:12:43,896 [INFO] [MemoryWorker] Current Heap: 525MB
2026-09-21T01:12:43.897773884Z 2026-09-21 01:12:43,896 [WARNING] [MemoryWorker] Memory Usage Reached Limit (525MB). Starting cleanup...
2026-09-21T01:12:43.901385300Z 2026-09-21 01:12:43,901 [INFO] [System] Memory Cache Flushed. Process Stabilized.
2026-09-21T01:12:44.918035551Z 
2026-09-21T01:12:44.918056842Z >>> [SYSTEM] MEMORY RECOVERED (Cache Cleared) <<<
2026-09-21T01:12:44.918059092Z 
2026-09-21T01:12:44.918060259Z 2026-09-21 01:12:44,917 [INFO] [CpuWorker] Peak reached (10.00%). Starting cooldown...
2026-09-21T01:12:45.927964343Z 2026-09-21 01:12:45,927 [INFO] [CpuWorker] Current Load: 10.00%
2026-09-21T01:12:48.936912594Z 2026-09-21 01:12:48,936 [INFO] [MemoryWorker] Current Heap: 25MB
2026-09-21T01:12:49.044771844Z 2026-09-21 01:12:49,044 [INFO] [CpuWorker] Current Load: 9.73%
2026-09-21T01:12:51.159648220Z 2026-09-21 01:12:51,158 [INFO] [CpuWorker] Cooldown complete (5.00%). Resuming load increase...
2026-09-21T01:12:51.945051471Z 2026-09-21 01:12:51,944 [INFO] [MemoryWorker] Current Heap: 50MB
2026-09-21T01:12:52.159164971Z 2026-09-21 01:12:52,158 [INFO] [CpuWorker] Current Load: 5.00%
2026-09-21T01:12:54.965457333Z 2026-09-21 01:12:54,964 [INFO] [MemoryWorker] Current Heap: 75MB
2026-09-21T01:12:55.281349750Z 2026-09-21 01:12:55,279 [INFO] [CpuWorker] Current Load: 6.82%
2026-09-21T01:12:57.993098001Z 2026-09-21 01:12:57,992 [INFO] [MemoryWorker] Current Heap: 100MB
2026-09-21T01:12:58.407630668Z 2026-09-21 01:12:58,406 [INFO] [CpuWorker] Current Load: 8.03%
2026-09-21T01:13:00.527756127Z 2026-09-21 01:13:00,527 [INFO] [CpuWorker] Peak reached (10.00%). Starting cooldown...
2026-09-21T01:13:01.019578919Z 2026-09-21 01:13:01,018 [INFO] [MemoryWorker] Current Heap: 125MB
2026-09-21T01:13:01.530021503Z 2026-09-21 01:13:01,528 [INFO] [CpuWorker] Current Load: 10.00%
2026-09-21T01:13:04.039620379Z 2026-09-21 01:13:04,038 [INFO] [MemoryWorker] Current Heap: 150MB
2026-09-21T01:13:04.663385463Z 2026-09-21 01:13:04,661 [INFO] [CpuWorker] Current Load: 8.24%
2026-09-21T01:13:06.773359422Z 2026-09-21 01:13:06,773 [INFO] [CpuWorker] Cooldown complete (5.00%). Resuming load increase...
2026-09-21T01:13:07.057410880Z 2026-09-21 01:13:07,056 [INFO] [MemoryWorker] Current Heap: 175MB
2026-09-21T01:13:07.788183297Z 2026-09-21 01:13:07,787 [INFO] [CpuWorker] Current Load: 5.00%
2026-09-21T01:13:09.902823965Z 2026-09-21 01:13:09,902 [INFO] [CpuWorker] Peak reached (10.00%). Starting cooldown...
2026-09-21T01:13:10.083446298Z 2026-09-21 01:13:10,082 [INFO] [MemoryWorker] Current Heap: 200MB
2026-09-21T01:13:10.915116507Z 2026-09-21 01:13:10,910 [INFO] [CpuWorker] Current Load: 10.00%
2026-09-21T01:13:13.107219925Z 2026-09-21 01:13:13,106 [INFO] [MemoryWorker] Current Heap: 225MB
2026-09-21T01:13:14.039542300Z 2026-09-21 01:13:14,039 [INFO] [CpuWorker] Current Load: 9.79%
2026-09-21T01:13:16.136592635Z 2026-09-21 01:13:16,135 [INFO] [MemoryWorker] Current Heap: 250MB
2026-09-21T01:13:16.157784010Z 2026-09-21 01:13:16,156 [INFO] [CpuWorker] Cooldown complete (5.00%). Resuming load increase...
2026-09-21T01:13:17.167491385Z 2026-09-21 01:13:17,166 [INFO] [CpuWorker] Current Load: 5.00%
2026-09-21T01:13:19.158853386Z 2026-09-21 01:13:19,158 [INFO] [MemoryWorker] Current Heap: 275MB
2026-09-21T01:13:20.277178137Z 2026-09-21 01:13:20,276 [INFO] [CpuWorker] Current Load: 8.64%
2026-09-21T01:13:22.192236221Z 2026-09-21 01:13:22,191 [INFO] [MemoryWorker] Current Heap: 300MB
2026-09-21T01:13:22.392964763Z 2026-09-21 01:13:22,391 [INFO] [CpuWorker] Peak reached (10.00%). Starting cooldown...
2026-09-21T01:13:23.406193846Z 2026-09-21 01:13:23,403 [INFO] [CpuWorker] Current Load: 10.00%
2026-09-21T01:13:25.218667541Z 2026-09-21 01:13:25,217 [INFO] [MemoryWorker] Current Heap: 325MB
2026-09-21T01:13:26.542226334Z 2026-09-21 01:13:26,539 [INFO] [CpuWorker] Current Load: 5.29%
2026-09-21T01:13:28.237809459Z 2026-09-21 01:13:28,237 [INFO] [MemoryWorker] Current Heap: 350MB
2026-09-21T01:13:28.661269626Z 2026-09-21 01:13:28,660 [INFO] [CpuWorker] Cooldown complete (5.00%). Resuming load increase...
2026-09-21T01:13:29.672286002Z 2026-09-21 01:13:29,669 [INFO] [CpuWorker] Current Load: 5.00%
2026-09-21T01:13:31.258446586Z 2026-09-21 01:13:31,257 [INFO] [MemoryWorker] Current Heap: 375MB
2026-09-21T01:13:32.799960045Z 2026-09-21 01:13:32,798 [INFO] [CpuWorker] Current Load: 8.31%
2026-09-21T01:13:34.280523046Z 2026-09-21 01:13:34,279 [INFO] [MemoryWorker] Current Heap: 400MB
2026-09-21T01:13:34.915699421Z 2026-09-21 01:13:34,915 [INFO] [CpuWorker] Peak reached (10.00%). Starting cooldown...
2026-09-21T01:13:35.918864338Z 2026-09-21 01:13:35,918 [INFO] [CpuWorker] Current Load: 10.00%
