
=== initial ===
2026-09-15T14:03:57+0900
--- identity ---
uid=10001(agent-admin) gid=10001(agent-admin) groups=10001(agent-admin)
--- monitor.sh ---
[2026-09-15 05:03:58] PROCESS:agent-app-linux-arm64 PID:7 PPID:1 ETIME:00:00 CPU:0.0% MEM:0.0% RSS:1.6MB RSS_KB:1636 VSZ_KB:2600 STAT:S PORT:15034
[2026-09-15 05:03:58] PROCESS:agent-app-linux-arm64 PID:8 PPID:7 ETIME:00:00 CPU:0.0% MEM:0.2% RSS:16.5MB RSS_KB:16848 VSZ_KB:22144 STAT:SN PORT:15034
--- ps -ef ---
UID        PID  PPID  C STIME TTY          TIME CMD
agent-a+     1     0  0 05:03 ?        00:00:00 /sbin/docker-init -- /opt/agent/agent-app-linux-arm64
agent-a+     7     1  0 05:03 ?        00:00:00 /opt/agent/agent-app-linux-arm64
agent-a+     8     7  0 05:03 ?        00:00:00 /opt/agent/agent-app-linux-arm64
agent-a+    42     0  0 05:03 ?        00:00:00 ps -ef
--- ps process PID=7 ---
  PID  PPID     ELAPSED %CPU %MEM   RSS    VSZ STAT CMD
    7     1       00:00  0.0  0.0  1636   2600 S    /opt/agent/agent-app-linux-arm64
--- top -H PID=7 ---
top - 05:03:58 up 51 min,  0 users,  load average: 0.08, 0.15, 0.11
Threads:   1 total,   0 running,   1 sleeping,   0 stopped,   0 zombie
%Cpu(s):  0.0 us,  0.0 sy,  0.0 ni,100.0 id,  0.0 wa,  0.0 hi,  0.0 si,  0.0 st
MiB Mem :   7936.0 total,   6845.1 free,    459.9 used,    631.0 buff/cache
MiB Swap:   1024.0 total,   1024.0 free,      0.0 used.   7317.1 avail Mem 

  PID USER      PR  NI    VIRT    RES    SHR S  %CPU  %MEM     TIME+ COMMAND
    7 agent-a+  20   0    2600   1636   1424 S   0.0   0.0   0:00.06 agent-app+
--- ps -L PID=7 ---
  PID   TID STAT %CPU %MEM WCHAN                            COMMAND
    7     7 S     6.0  0.0 do_wait                          agent-app-linux
--- ps process PID=8 ---
  PID  PPID     ELAPSED %CPU %MEM   RSS    VSZ STAT CMD
    8     7       00:01  3.0  0.2 16848  22144 SN   /opt/agent/agent-app-linux-arm64
--- top -H PID=8 ---
top - 05:03:58 up 51 min,  0 users,  load average: 0.08, 0.15, 0.11
Threads:   1 total,   0 running,   1 sleeping,   0 stopped,   0 zombie
%Cpu(s):  0.0 us,  0.0 sy,  0.0 ni,100.0 id,  0.0 wa,  0.0 hi,  0.0 si,  0.0 st
MiB Mem :   7936.0 total,   6865.9 free,    439.1 used,    631.0 buff/cache
MiB Swap:   1024.0 total,   1024.0 free,      0.0 used.   7337.9 avail Mem 

  PID USER      PR  NI    VIRT    RES    SHR S  %CPU  %MEM     TIME+ COMMAND
    8 agent-a+  30  10   22144  16848   8572 S   0.0   0.2   0:00.03 agent-app+
--- ps -L PID=8 ---
  PID   TID STAT %CPU %MEM WCHAN                            COMMAND
    8     8 SN    3.0  0.2 do_select                        agent-app-linux
--- docker stats ---
NAME=codyssey-agent-cpu-before-20260915-140355-62651 CPU=1.43% MEM=9.902MiB / 1GiB MEM_PERC=0.97% PIDS=3

=== t+2s ===
2026-09-15T14:04:02+0900
--- identity ---
uid=10001(agent-admin) gid=10001(agent-admin) groups=10001(agent-admin)
--- monitor.sh ---
[2026-09-15 05:04:02] PROCESS:agent-app-linux-arm64 PID:7 PPID:1 ETIME:00:04 CPU:1.5% MEM:0.0% RSS:1.6MB RSS_KB:1636 VSZ_KB:2600 STAT:S PORT:15034
[2026-09-15 05:04:02] PROCESS:agent-app-linux-arm64 PID:8 PPID:7 ETIME:00:04 CPU:1.2% MEM:0.2% RSS:16.5MB RSS_KB:16912 VSZ_KB:23168 STAT:SN PORT:15034
--- ps -ef ---
UID        PID  PPID  C STIME TTY          TIME CMD
agent-a+     1     0  0 05:03 ?        00:00:00 /sbin/docker-init -- /opt/agent/agent-app-linux-arm64
agent-a+     7     1  1 05:03 ?        00:00:00 /opt/agent/agent-app-linux-arm64
agent-a+     8     7  1 05:03 ?        00:00:00 /opt/agent/agent-app-linux-arm64
agent-a+   117     0  0 05:04 ?        00:00:00 ps -ef
--- ps process PID=7 ---
  PID  PPID     ELAPSED %CPU %MEM   RSS    VSZ STAT CMD
    7     1       00:04  1.5  0.0  1636   2600 S    /opt/agent/agent-app-linux-arm64
--- top -H PID=7 ---
top - 05:04:02 up 51 min,  0 users,  load average: 0.08, 0.15, 0.11
Threads:   1 total,   0 running,   1 sleeping,   0 stopped,   0 zombie
%Cpu(s):  0.0 us,  0.0 sy,  0.0 ni,100.0 id,  0.0 wa,  0.0 hi,  0.0 si,  0.0 st
MiB Mem :   7936.0 total,   6867.2 free,    437.8 used,    631.1 buff/cache
MiB Swap:   1024.0 total,   1024.0 free,      0.0 used.   7339.3 avail Mem 

  PID USER      PR  NI    VIRT    RES    SHR S  %CPU  %MEM     TIME+ COMMAND
    7 agent-a+  20   0    2600   1636   1424 S   0.0   0.0   0:00.06 agent-app+
--- ps -L PID=7 ---
  PID   TID STAT %CPU %MEM WCHAN                            COMMAND
    7     7 S     1.2  0.0 do_wait                          agent-app-linux
--- ps process PID=8 ---
  PID  PPID     ELAPSED %CPU %MEM   RSS    VSZ STAT CMD
    8     7       00:05  1.0  0.2 16912  23168 SN   /opt/agent/agent-app-linux-arm64
--- top -H PID=8 ---
top - 05:04:02 up 51 min,  0 users,  load average: 0.08, 0.15, 0.11
Threads:   1 total,   0 running,   1 sleeping,   0 stopped,   0 zombie
%Cpu(s):  0.0 us,  0.0 sy,  0.0 ni,100.0 id,  0.0 wa,  0.0 hi,  0.0 si,  0.0 st
MiB Mem :   7936.0 total,   6866.2 free,    438.7 used,    631.1 buff/cache
MiB Swap:   1024.0 total,   1024.0 free,      0.0 used.   7338.3 avail Mem 

  PID USER      PR  NI    VIRT    RES    SHR S  %CPU  %MEM     TIME+ COMMAND
    8 agent-a+  30  10   23168  16912   8572 S   0.0   0.2   0:00.05 agent-app+
--- ps -L PID=8 ---
  PID   TID STAT %CPU %MEM WCHAN                            COMMAND
    8     8 SN    1.2  0.2 do_select                        agent-app-linux
--- docker stats ---
NAME=codyssey-agent-cpu-before-20260915-140355-62651 CPU=0.01% MEM=9.699MiB / 1GiB MEM_PERC=0.95% PIDS=3

=== t+4s ===
2026-09-15T14:04:06+0900
--- identity ---
uid=10001(agent-admin) gid=10001(agent-admin) groups=10001(agent-admin)
--- monitor.sh ---
[2026-09-15 05:04:06] PROCESS:agent-app-linux-arm64 PID:7 PPID:1 ETIME:00:08 CPU:0.7% MEM:0.0% RSS:1.6MB RSS_KB:1636 VSZ_KB:2600 STAT:S PORT:15034
[2026-09-15 05:04:06] PROCESS:agent-app-linux-arm64 PID:8 PPID:7 ETIME:00:08 CPU:0.8% MEM:0.2% RSS:16.5MB RSS_KB:16912 VSZ_KB:23168 STAT:SN PORT:15034
--- ps -ef ---
UID        PID  PPID  C STIME TTY          TIME CMD
agent-a+     1     0  0 05:03 ?        00:00:00 /sbin/docker-init -- /opt/agent/agent-app-linux-arm64
agent-a+     7     1  0 05:03 ?        00:00:00 /opt/agent/agent-app-linux-arm64
agent-a+     8     7  0 05:03 ?        00:00:00 /opt/agent/agent-app-linux-arm64
agent-a+   192     0  0 05:04 ?        00:00:00 ps -ef
--- ps process PID=7 ---
  PID  PPID     ELAPSED %CPU %MEM   RSS    VSZ STAT CMD
    7     1       00:08  0.7  0.0  1636   2600 S    /opt/agent/agent-app-linux-arm64
--- top -H PID=7 ---
top - 05:04:06 up 51 min,  0 users,  load average: 0.07, 0.15, 0.10
Threads:   1 total,   0 running,   1 sleeping,   0 stopped,   0 zombie
%Cpu(s):  0.0 us,  0.0 sy,  0.0 ni,100.0 id,  0.0 wa,  0.0 hi,  0.0 si,  0.0 st
MiB Mem :   7936.0 total,   6868.3 free,    436.7 used,    631.0 buff/cache
MiB Swap:   1024.0 total,   1024.0 free,      0.0 used.   7340.3 avail Mem 

  PID USER      PR  NI    VIRT    RES    SHR S  %CPU  %MEM     TIME+ COMMAND
    7 agent-a+  20   0    2600   1636   1424 S   0.0   0.0   0:00.06 agent-app+
--- ps -L PID=7 ---
  PID   TID STAT %CPU %MEM WCHAN                            COMMAND
    7     7 S     0.6  0.0 do_wait                          agent-app-linux
--- ps process PID=8 ---
  PID  PPID     ELAPSED %CPU %MEM   RSS    VSZ STAT CMD
    8     7       00:09  0.7  0.2 16912  23168 SN   /opt/agent/agent-app-linux-arm64
--- top -H PID=8 ---
top - 05:04:07 up 51 min,  0 users,  load average: 0.07, 0.15, 0.10
Threads:   1 total,   0 running,   1 sleeping,   0 stopped,   0 zombie
%Cpu(s):  0.0 us,  0.0 sy,  0.0 ni,100.0 id,  0.0 wa,  0.0 hi,  0.0 si,  0.0 st
MiB Mem :   7936.0 total,   6869.2 free,    435.8 used,    631.0 buff/cache
MiB Swap:   1024.0 total,   1024.0 free,      0.0 used.   7341.3 avail Mem 

  PID USER      PR  NI    VIRT    RES    SHR S  %CPU  %MEM     TIME+ COMMAND
    8 agent-a+  30  10   23168  16912   8572 S   0.0   0.2   0:00.07 agent-app+
--- ps -L PID=8 ---
  PID   TID STAT %CPU %MEM WCHAN                            COMMAND
    8     8 SN    0.7  0.2 do_select                        agent-app-linux
--- docker stats ---
NAME=codyssey-agent-cpu-before-20260915-140355-62651 CPU=0.01% MEM=9.688MiB / 1GiB MEM_PERC=0.95% PIDS=3

=== t+6s ===
2026-09-15T14:04:10+0900
--- identity ---
uid=10001(agent-admin) gid=10001(agent-admin) groups=10001(agent-admin)
--- monitor.sh ---
[2026-09-15 05:04:10] PROCESS:agent-app-linux-arm64 PID:7 PPID:1 ETIME:00:12 CPU:0.5% MEM:0.0% RSS:1.6MB RSS_KB:1636 VSZ_KB:2600 STAT:S PORT:15034
[2026-09-15 05:04:10] PROCESS:agent-app-linux-arm64 PID:8 PPID:7 ETIME:00:12 CPU:0.7% MEM:0.2% RSS:16.5MB RSS_KB:16912 VSZ_KB:23168 STAT:SN PORT:15034
--- ps -ef ---
UID        PID  PPID  C STIME TTY          TIME CMD
agent-a+     1     0  0 05:03 ?        00:00:00 /sbin/docker-init -- /opt/agent/agent-app-linux-arm64
agent-a+     7     1  0 05:03 ?        00:00:00 /opt/agent/agent-app-linux-arm64
agent-a+     8     7  0 05:03 ?        00:00:00 /opt/agent/agent-app-linux-arm64
agent-a+   268     0  0 05:04 ?        00:00:00 ps -ef
--- ps process PID=7 ---
  PID  PPID     ELAPSED %CPU %MEM   RSS    VSZ STAT CMD
    7     1       00:12  0.5  0.0  1636   2600 S    /opt/agent/agent-app-linux-arm64
--- top -H PID=7 ---
top - 05:04:10 up 51 min,  0 users,  load average: 0.07, 0.14, 0.10
Threads:   1 total,   0 running,   1 sleeping,   0 stopped,   0 zombie
%Cpu(s):  0.0 us,  0.0 sy,  0.0 ni,100.0 id,  0.0 wa,  0.0 hi,  0.0 si,  0.0 st
MiB Mem :   7936.0 total,   6865.7 free,    439.3 used,    631.0 buff/cache
MiB Swap:   1024.0 total,   1024.0 free,      0.0 used.   7337.7 avail Mem 

  PID USER      PR  NI    VIRT    RES    SHR S  %CPU  %MEM     TIME+ COMMAND
    7 agent-a+  20   0    2600   1636   1424 S   0.0   0.0   0:00.06 agent-app+
--- ps -L PID=7 ---
  PID   TID STAT %CPU %MEM WCHAN                            COMMAND
    7     7 S     0.4  0.0 do_wait                          agent-app-linux
--- ps process PID=8 ---
  PID  PPID     ELAPSED %CPU %MEM   RSS    VSZ STAT CMD
    8     7       00:13  0.6  0.2 16912  23168 SN   /opt/agent/agent-app-linux-arm64
--- top -H PID=8 ---
top - 05:04:11 up 51 min,  0 users,  load average: 0.07, 0.14, 0.10
Threads:   1 total,   0 running,   1 sleeping,   0 stopped,   0 zombie
%Cpu(s):  0.0 us,  0.0 sy,  0.0 ni,100.0 id,  0.0 wa,  0.0 hi,  0.0 si,  0.0 st
MiB Mem :   7936.0 total,   6843.9 free,    461.1 used,    631.0 buff/cache
MiB Swap:   1024.0 total,   1024.0 free,      0.0 used.   7315.9 avail Mem 

  PID USER      PR  NI    VIRT    RES    SHR S  %CPU  %MEM     TIME+ COMMAND
    8 agent-a+  30  10   23168  16912   8572 S   0.0   0.2   0:00.09 agent-app+
--- ps -L PID=8 ---
  PID   TID STAT %CPU %MEM WCHAN                            COMMAND
    8     8 SN    0.6  0.2 do_select                        agent-app-linux
--- docker stats ---
NAME=codyssey-agent-cpu-before-20260915-140355-62651 CPU=0.02% MEM=9.973MiB / 1GiB MEM_PERC=0.97% PIDS=3

=== t+8s ===
2026-09-15T14:04:14+0900
--- identity ---
uid=10001(agent-admin) gid=10001(agent-admin) groups=10001(agent-admin)
--- monitor.sh ---
[2026-09-15 05:04:14] PROCESS:agent-app-linux-arm64 PID:7 PPID:1 ETIME:00:16 CPU:0.3% MEM:0.0% RSS:1.6MB RSS_KB:1636 VSZ_KB:2600 STAT:S PORT:15034
[2026-09-15 05:04:14] PROCESS:agent-app-linux-arm64 PID:8 PPID:7 ETIME:00:16 CPU:0.6% MEM:0.2% RSS:16.5MB RSS_KB:16912 VSZ_KB:23168 STAT:SN PORT:15034
--- ps -ef ---
UID        PID  PPID  C STIME TTY          TIME CMD
agent-a+     1     0  0 05:03 ?        00:00:00 /sbin/docker-init -- /opt/agent/agent-app-linux-arm64
agent-a+     7     1  0 05:03 ?        00:00:00 /opt/agent/agent-app-linux-arm64
agent-a+     8     7  0 05:03 ?        00:00:00 /opt/agent/agent-app-linux-arm64
agent-a+   343     0  0 05:04 ?        00:00:00 ps -ef
--- ps process PID=7 ---
  PID  PPID     ELAPSED %CPU %MEM   RSS    VSZ STAT CMD
    7     1       00:17  0.3  0.0  1636   2600 S    /opt/agent/agent-app-linux-arm64
--- top -H PID=7 ---
top - 05:04:14 up 51 min,  0 users,  load average: 0.07, 0.14, 0.10
Threads:   1 total,   0 running,   1 sleeping,   0 stopped,   0 zombie
%Cpu(s):  0.0 us,  0.0 sy,  0.0 ni,100.0 id,  0.0 wa,  0.0 hi,  0.0 si,  0.0 st
MiB Mem :   7936.0 total,   6846.0 free,    458.9 used,    631.0 buff/cache
MiB Swap:   1024.0 total,   1024.0 free,      0.0 used.   7318.1 avail Mem 

  PID USER      PR  NI    VIRT    RES    SHR S  %CPU  %MEM     TIME+ COMMAND
    7 agent-a+  20   0    2600   1636   1424 S   0.0   0.0   0:00.06 agent-app+
--- ps -L PID=7 ---
  PID   TID STAT %CPU %MEM WCHAN                            COMMAND
    7     7 S     0.3  0.0 do_wait                          agent-app-linux
--- ps process PID=8 ---
  PID  PPID     ELAPSED %CPU %MEM   RSS    VSZ STAT CMD
    8     7       00:17  0.6  0.2 16912  23168 SN   /opt/agent/agent-app-linux-arm64
--- top -H PID=8 ---
top - 05:04:15 up 51 min,  0 users,  load average: 0.07, 0.14, 0.10
Threads:   1 total,   0 running,   1 sleeping,   0 stopped,   0 zombie
%Cpu(s):  0.0 us,  0.0 sy,  0.0 ni,100.0 id,  0.0 wa,  0.0 hi,  0.0 si,  0.0 st
MiB Mem :   7936.0 total,   6859.6 free,    445.3 used,    631.1 buff/cache
MiB Swap:   1024.0 total,   1024.0 free,      0.0 used.   7331.7 avail Mem 

  PID USER      PR  NI    VIRT    RES    SHR S  %CPU  %MEM     TIME+ COMMAND
    8 agent-a+  30  10   23168  16912   8572 S   0.0   0.2   0:00.11 agent-app+
--- ps -L PID=8 ---
  PID   TID STAT %CPU %MEM WCHAN                            COMMAND
    8     8 SN    0.6  0.2 do_select                        agent-app-linux
--- docker stats ---
NAME=codyssey-agent-cpu-before-20260915-140355-62651 CPU=2.59% MEM=9.863MiB / 1GiB MEM_PERC=0.96% PIDS=3

=== t+10s ===
2026-09-15T14:04:18+0900
--- identity ---
uid=10001(agent-admin) gid=10001(agent-admin) groups=10001(agent-admin)
--- monitor.sh ---
[2026-09-15 05:04:18] PROCESS:agent-app-linux-arm64 PID:7 PPID:1 ETIME:00:20 CPU:0.3% MEM:0.0% RSS:1.6MB RSS_KB:1636 VSZ_KB:2600 STAT:S PORT:15034
[2026-09-15 05:04:18] PROCESS:agent-app-linux-arm64 PID:8 PPID:7 ETIME:00:20 CPU:0.6% MEM:0.2% RSS:16.5MB RSS_KB:16912 VSZ_KB:23168 STAT:SN PORT:15034
--- ps -ef ---
UID        PID  PPID  C STIME TTY          TIME CMD
agent-a+     1     0  0 05:03 ?        00:00:00 /sbin/docker-init -- /opt/agent/agent-app-linux-arm64
agent-a+     7     1  0 05:03 ?        00:00:00 /opt/agent/agent-app-linux-arm64
agent-a+     8     7  0 05:03 ?        00:00:00 /opt/agent/agent-app-linux-arm64
agent-a+   418     0  0 05:04 ?        00:00:00 ps -ef
--- ps process PID=7 ---
  PID  PPID     ELAPSED %CPU %MEM   RSS    VSZ STAT CMD
    7     1       00:21  0.2  0.0  1636   2600 S    /opt/agent/agent-app-linux-arm64
--- top -H PID=7 ---
top - 05:04:18 up 51 min,  0 users,  load average: 0.22, 0.17, 0.11
Threads:   1 total,   0 running,   1 sleeping,   0 stopped,   0 zombie
%Cpu(s):  0.6 us,  0.0 sy,  1.9 ni, 97.4 id,  0.0 wa,  0.0 hi,  0.0 si,  0.0 st
MiB Mem :   7936.0 total,   6861.6 free,    443.1 used,    631.4 buff/cache
MiB Swap:   1024.0 total,   1024.0 free,      0.0 used.   7334.2 avail Mem 

  PID USER      PR  NI    VIRT    RES    SHR S  %CPU  %MEM     TIME+ COMMAND
    7 agent-a+  20   0    2600   1636   1424 S   0.0   0.0   0:00.06 agent-app+
--- ps -L PID=7 ---
  PID   TID STAT %CPU %MEM WCHAN                            COMMAND
    7     7 S     0.2  0.0 do_wait                          agent-app-linux
--- ps process PID=8 ---
  PID  PPID     ELAPSED %CPU %MEM   RSS    VSZ STAT CMD
    8     7       00:21  0.8  0.2 16912  23168 SN   /opt/agent/agent-app-linux-arm64
--- top -H PID=8 ---
top - 05:04:19 up 51 min,  0 users,  load average: 0.22, 0.17, 0.11
Threads:   1 total,   0 running,   1 sleeping,   0 stopped,   0 zombie
%Cpu(s):  0.0 us,  0.7 sy,  0.0 ni, 99.3 id,  0.0 wa,  0.0 hi,  0.0 si,  0.0 st
MiB Mem :   7936.0 total,   6864.9 free,    439.8 used,    631.4 buff/cache
MiB Swap:   1024.0 total,   1024.0 free,      0.0 used.   7337.5 avail Mem 

  PID USER      PR  NI    VIRT    RES    SHR S  %CPU  %MEM     TIME+ COMMAND
    8 agent-a+  30  10   23168  16912   8572 S   0.0   0.2   0:00.17 agent-app+
--- ps -L PID=8 ---
  PID   TID STAT %CPU %MEM WCHAN                            COMMAND
    8     8 SN    0.8  0.2 do_select                        agent-app-linux
--- docker stats ---
NAME=codyssey-agent-cpu-before-20260915-140355-62651 CPU=0.08% MEM=9.73MiB / 1GiB MEM_PERC=0.95% PIDS=3

=== t+12s ===
2026-09-15T14:04:22+0900
--- identity ---
uid=10001(agent-admin) gid=10001(agent-admin) groups=10001(agent-admin)
--- monitor.sh ---
[2026-09-15 05:04:23] PROCESS:agent-app-linux-arm64 PID:7 PPID:1 ETIME:00:25 CPU:0.2% MEM:0.0% RSS:1.6MB RSS_KB:1636 VSZ_KB:2600 STAT:S PORT:15034
[2026-09-15 05:04:23] PROCESS:agent-app-linux-arm64 PID:8 PPID:7 ETIME:00:25 CPU:0.8% MEM:0.2% RSS:16.5MB RSS_KB:16912 VSZ_KB:23168 STAT:SN PORT:15034
--- ps -ef ---
UID        PID  PPID  C STIME TTY          TIME CMD
agent-a+     1     0  0 05:03 ?        00:00:00 /sbin/docker-init -- /opt/agent/agent-app-linux-arm64
agent-a+     7     1  0 05:03 ?        00:00:00 /opt/agent/agent-app-linux-arm64
agent-a+     8     7  0 05:03 ?        00:00:00 /opt/agent/agent-app-linux-arm64
agent-a+   494     0  0 05:04 ?        00:00:00 ps -ef
--- ps process PID=7 ---
  PID  PPID     ELAPSED %CPU %MEM   RSS    VSZ STAT CMD
    7     1       00:25  0.2  0.0  1636   2600 S    /opt/agent/agent-app-linux-arm64
--- top -H PID=7 ---
top - 05:04:23 up 51 min,  0 users,  load average: 0.20, 0.17, 0.11
Threads:   1 total,   0 running,   1 sleeping,   0 stopped,   0 zombie
%Cpu(s):  0.0 us,  0.0 sy,  0.0 ni,100.0 id,  0.0 wa,  0.0 hi,  0.0 si,  0.0 st
MiB Mem :   7936.0 total,   6863.0 free,    441.6 used,    631.4 buff/cache
MiB Swap:   1024.0 total,   1024.0 free,      0.0 used.   7335.6 avail Mem 

  PID USER      PR  NI    VIRT    RES    SHR S  %CPU  %MEM     TIME+ COMMAND
    7 agent-a+  20   0    2600   1636   1424 S   0.0   0.0   0:00.06 agent-app+
--- ps -L PID=7 ---
  PID   TID STAT %CPU %MEM WCHAN                            COMMAND
    7     7 S     0.2  0.0 do_wait                          agent-app-linux
--- ps process PID=8 ---
  PID  PPID     ELAPSED %CPU %MEM   RSS    VSZ STAT CMD
    8     7       00:26  0.8  0.2 16912  23168 SN   /opt/agent/agent-app-linux-arm64
--- top -H PID=8 ---
top - 05:04:23 up 51 min,  0 users,  load average: 0.20, 0.17, 0.11
Threads:   1 total,   0 running,   1 sleeping,   0 stopped,   0 zombie
%Cpu(s):  0.0 us,  0.0 sy,  0.0 ni,100.0 id,  0.0 wa,  0.0 hi,  0.0 si,  0.0 st
MiB Mem :   7936.0 total,   6863.1 free,    441.5 used,    631.4 buff/cache
MiB Swap:   1024.0 total,   1024.0 free,      0.0 used.   7335.7 avail Mem 

  PID USER      PR  NI    VIRT    RES    SHR S  %CPU  %MEM     TIME+ COMMAND
    8 agent-a+  30  10   23168  16912   8572 S   0.0   0.2   0:00.21 agent-app+
--- ps -L PID=8 ---
  PID   TID STAT %CPU %MEM WCHAN                            COMMAND
    8     8 SN    0.8  0.2 do_select                        agent-app-linux
--- docker stats ---
NAME=codyssey-agent-cpu-before-20260915-140355-62651 CPU=4.90% MEM=10.31MiB / 1GiB MEM_PERC=1.01% PIDS=3

=== t+14s ===
2026-09-15T14:04:27+0900
--- identity ---
uid=10001(agent-admin) gid=10001(agent-admin) groups=10001(agent-admin)
--- monitor.sh ---
[2026-09-15 05:04:27] PROCESS:agent-app-linux-arm64 PID:7 PPID:1 ETIME:00:29 CPU:0.2% MEM:0.0% RSS:1.6MB RSS_KB:1636 VSZ_KB:2600 STAT:S PORT:15034
[2026-09-15 05:04:27] PROCESS:agent-app-linux-arm64 PID:8 PPID:7 ETIME:00:29 CPU:0.8% MEM:0.2% RSS:16.5MB RSS_KB:16912 VSZ_KB:23168 STAT:SN PORT:15034
--- ps -ef ---
UID        PID  PPID  C STIME TTY          TIME CMD
agent-a+     1     0  0 05:03 ?        00:00:00 /sbin/docker-init -- /opt/agent/agent-app-linux-arm64
agent-a+     7     1  0 05:03 ?        00:00:00 /opt/agent/agent-app-linux-arm64
agent-a+     8     7  0 05:03 ?        00:00:00 /opt/agent/agent-app-linux-arm64
agent-a+   569     0  0 05:04 ?        00:00:00 ps -ef
--- ps process PID=7 ---
  PID  PPID     ELAPSED %CPU %MEM   RSS    VSZ STAT CMD
    7     1       00:29  0.2  0.0  1636   2600 S    /opt/agent/agent-app-linux-arm64
--- top -H PID=7 ---
top - 05:04:27 up 51 min,  0 users,  load average: 0.19, 0.17, 0.11
Threads:   1 total,   0 running,   1 sleeping,   0 stopped,   0 zombie
%Cpu(s):  0.0 us,  0.0 sy,  0.0 ni,100.0 id,  0.0 wa,  0.0 hi,  0.0 si,  0.0 st
MiB Mem :   7936.0 total,   6864.2 free,    440.4 used,    631.4 buff/cache
MiB Swap:   1024.0 total,   1024.0 free,      0.0 used.   7336.9 avail Mem 

  PID USER      PR  NI    VIRT    RES    SHR S  %CPU  %MEM     TIME+ COMMAND
    7 agent-a+  20   0    2600   1636   1424 S   0.0   0.0   0:00.06 agent-app+
--- ps -L PID=7 ---
  PID   TID STAT %CPU %MEM WCHAN                            COMMAND
    7     7 S     0.2  0.0 do_wait                          agent-app-linux
--- ps process PID=8 ---
  PID  PPID     ELAPSED %CPU %MEM   RSS    VSZ STAT CMD
    8     7       00:30  0.8  0.2 16912  23168 SN   /opt/agent/agent-app-linux-arm64
--- top -H PID=8 ---
top - 05:04:27 up 51 min,  0 users,  load average: 0.19, 0.17, 0.11
Threads:   1 total,   0 running,   1 sleeping,   0 stopped,   0 zombie
%Cpu(s):  0.0 us,  0.0 sy,  0.0 ni,100.0 id,  0.0 wa,  0.0 hi,  0.0 si,  0.0 st
MiB Mem :   7936.0 total,   6855.8 free,    448.8 used,    631.4 buff/cache
MiB Swap:   1024.0 total,   1024.0 free,      0.0 used.   7328.4 avail Mem 

  PID USER      PR  NI    VIRT    RES    SHR S  %CPU  %MEM     TIME+ COMMAND
    8 agent-a+  30  10   23168  16912   8572 S   0.0   0.2   0:00.26 agent-app+
--- ps -L PID=8 ---
  PID   TID STAT %CPU %MEM WCHAN                            COMMAND
    8     8 SN    0.8  0.2 do_select                        agent-app-linux
--- docker stats ---
NAME=codyssey-agent-cpu-before-20260915-140355-62651 CPU=0.00% MEM=0B / 0B MEM_PERC=0.00% PIDS=0

=== final-after-process-exit ===
2026-09-15T14:04:31+0900
--- identity ---
Error response from daemon: container af5476a13e9983e94344956b8744f0ac5e03f739566d708eb32268bdf7c4334a is not running
--- monitor.sh ---
Error response from daemon: container af5476a13e9983e94344956b8744f0ac5e03f739566d708eb32268bdf7c4334a is not running
--- ps -ef ---
Error response from daemon: container af5476a13e9983e94344956b8744f0ac5e03f739566d708eb32268bdf7c4334a is not running
--- docker stats ---
NAME=codyssey-agent-cpu-before-20260915-140355-62651 CPU=0.00% MEM=0B / 0B MEM_PERC=0.00% PIDS=0
