 Image codyssey/agent-leak-app:arm64 Building 
#1 [internal] load local bake definitions
#1 reading from stdin 674B done
#1 DONE 0.0s

#2 [internal] load build definition from Dockerfile
#2 transferring dockerfile: 1.34kB done
#2 DONE 0.0s

#3 [internal] load metadata for docker.io/library/ubuntu:22.04
#3 DONE 3.3s

#4 [internal] load .dockerignore
#4 transferring context: 2B done
#4 DONE 0.0s

#5 [1/8] FROM docker.io/library/ubuntu:22.04@sha256:829f6df217bcbae2b371026e81711d1a787c61b2967ad09d015063663ebafbf7
#5 resolve docker.io/library/ubuntu:22.04@sha256:829f6df217bcbae2b371026e81711d1a787c61b2967ad09d015063663ebafbf7 0.0s done
#5 DONE 0.0s

#6 [internal] load build context
#6 transferring context: 135B done
#6 DONE 0.0s

#7 [2/8] RUN apt-get update     && apt-get install --no-install-recommends --yes         bash         ca-certificates         coreutils         file         gawk         iproute2         procps         psmisc         util-linux     && rm -rf /var/lib/apt/lists/*
#7 CACHED

#8 [5/8] COPY --chown=agent-admin:agent-admin app/secret.key /opt/agent/api_keys/secret.key
#8 CACHED

#9 [6/8] COPY --chown=agent-admin:agent-admin monitor.sh /opt/agent/bin/monitor.sh
#9 CACHED

#10 [3/8] RUN useradd --create-home --uid 10001 --shell /bin/bash agent-admin     && mkdir -p /opt/agent/bin /opt/agent/upload_files /opt/agent/api_keys /var/log/agent-app     && chown -R agent-admin:agent-admin /opt/agent /var/log/agent-app
#10 CACHED

#11 [4/8] COPY --chown=agent-admin:agent-admin app/agent-app-linux-arm64 /opt/agent/agent-app-linux-arm64
#11 CACHED

#12 [7/8] RUN chmod 0755 /opt/agent/agent-app-linux-arm64 /opt/agent/bin/monitor.sh     && chmod 0640 /opt/agent/api_keys/secret.key
#12 CACHED

#13 [8/8] WORKDIR /opt/agent
#13 CACHED

#14 exporting to image
#14 exporting layers done
#14 exporting manifest sha256:981819b38e23952d06136ccb3f1ec9964f9c389195e0cd404f8196aecf446d18 done
#14 exporting config sha256:f1650b38638a4c1431c221c16236495222ed62d4971266a8783038c5dfb2ba52 done
#14 exporting attestation manifest sha256:22b8da7abca608a87f89336072476570e57c324972eff9fd1fea0f7ab1831195 0.0s done
#14 exporting manifest list sha256:83785925fc37561991f33ea0fc8194697baa744bf09e2155ef3ec1f8862877b8 done
#14 naming to docker.io/codyssey/agent-leak-app:arm64 done
#14 unpacking to docker.io/codyssey/agent-leak-app:arm64 done
#14 DONE 0.0s

#15 resolving provenance for metadata file
#15 DONE 0.0s
 Image codyssey/agent-leak-app:arm64 Built 
