2026-09-21T01:01:18.188759886Z >>> Starting Agent Boot Sequence...
2026-09-21T01:01:18.188779094Z [1/6] Checking User Account               [OK]
2026-09-21T01:01:18.188780761Z    ... Running as service user 'agent-admin' (uid=10001)
2026-09-21T01:01:18.188796677Z [2/6] Verifying Environment Variables     [OK]
2026-09-21T01:01:18.188797927Z    ... All required Envs correct
2026-09-21T01:01:18.188799094Z [3/6] Checking Required Files             [OK]
2026-09-21T01:01:18.188800011Z    ... Verified 'secret.key' with correct key string.
2026-09-21T01:01:18.188800802Z [4/6] Checking Port Availability          [OK]
2026-09-21T01:01:18.188801594Z    ... Port 15034 is available.
2026-09-21T01:01:18.188802344Z [5/6] Verifying Log Permission            [OK]
2026-09-21T01:01:18.188803677Z    ... Log directory is writable: /var/log/agent-app
2026-09-21T01:01:18.188804677Z [6/6] Verifying Mission Environment       [OK]
2026-09-21T01:01:18.188805469Z    ... MEMORY_LIMIT=512MB, CPU_MAX_OCCUPY=10%, MULTI_THREAD_ENABLE=False
2026-09-21T01:01:18.188806302Z ------------------------------------------------------------
2026-09-21T01:01:18.188807136Z All Boot Checks Passed!
2026-09-21T01:01:18.188807886Z Agent READY
2026-09-21T01:01:18.188808636Z 2026-09-21 01:01:18,188 [INFO] [SafetyGuard] Process priority lowered (nice=10).
2026-09-21T01:01:18.188809469Z 2026-09-21 01:01:18,188 [INFO] Agent listening at port 15034
2026-09-21T01:01:20.203096262Z 
2026-09-21T01:01:20.203126137Z ==================================================
2026-09-21T01:01:20.203128803Z  [ Agent Initiate ] Resource Check 
2026-09-21T01:01:20.203130678Z ==================================================
2026-09-21T01:01:20.203132512Z  [ MEMORY ] Limit: 512MB 		[ OK ]
2026-09-21T01:01:20.203134720Z  [ CPU    ] Limit: 10%  		[ OK ]
2026-09-21T01:01:20.203136553Z  [ THREAD ] Concurrency: False 		[ OK ]
2026-09-21T01:01:20.203138512Z --------------------------------------------------
2026-09-21T01:01:20.203140262Z  >>> SYSTEM STATUS: STABLE. STARTING WORKLOAD MONITORING...
2026-09-21T01:01:20.203142345Z ==================================================
2026-09-21T01:01:20.203144095Z 
2026-09-21T01:01:20.203145803Z 2026-09-21 01:01:20,202 [INFO] >>> Scenario Selected: [Healthy System Monitoring]
2026-09-21T01:01:20.203518678Z 
2026-09-21T01:01:20.203529387Z >>> [SYSTEM] ALL CONFIGURATIONS OPTIMAL. RUNNING STABILITY TEST... <<<
2026-09-21T01:01:20.203532303Z 
2026-09-21T01:01:20.203537262Z 2026-09-21 01:01:20,202 [INFO] [Scheduler] Task Scheduler Initialized.
2026-09-21T01:01:20.203539345Z 2026-09-21 01:01:20,203 [INFO] [Scheduler] Registered Tasks: ['Thread-A', 'Thread-B', 'Thread-C']
2026-09-21T01:01:20.204108428Z 2026-09-21 01:01:20,203 [INFO] [Scheduler] Starting task execution...
2026-09-21T01:01:20.204116345Z 2026-09-21 01:01:20,203 [INFO] [Thread-A] Task Started. Calculating... (20%)
2026-09-21T01:01:20.255192887Z 2026-09-21 01:01:20,254 [INFO] [Thread-A] Calculating... (40%)
2026-09-21T01:01:20.306356637Z 2026-09-21 01:01:20,305 [INFO] [Thread-A] Preempted. Progress saved at (40%)
2026-09-21T01:01:20.358049595Z 2026-09-21 01:01:20,356 [INFO] [Thread-B] Task Started. Calculating... (20%)
2026-09-21T01:01:20.411825470Z 2026-09-21 01:01:20,410 [INFO] [Thread-B] Calculating... (40%)
2026-09-21T01:01:20.464125845Z 2026-09-21 01:01:20,463 [INFO] [Thread-B] Preempted. Progress saved at (40%)
2026-09-21T01:01:20.518754720Z 2026-09-21 01:01:20,516 [INFO] [Thread-C] Task Started. Calculating... (20%)
2026-09-21T01:01:20.574028137Z 2026-09-21 01:01:20,573 [INFO] [Thread-C] Calculating... (40%)
2026-09-21T01:01:20.631092804Z 2026-09-21 01:01:20,629 [INFO] [Thread-C] Preempted. Progress saved at (40%)
2026-09-21T01:01:20.686848804Z 2026-09-21 01:01:20,683 [INFO] [Thread-A] Resumed. Calculating... (60%)
2026-09-21T01:01:20.736763845Z 2026-09-21 01:01:20,736 [INFO] [Thread-A] Calculating... (80%)
2026-09-21T01:01:20.794867095Z 2026-09-21 01:01:20,791 [INFO] [Thread-A] Preempted. Progress saved at (80%)
2026-09-21T01:01:20.852590929Z 2026-09-21 01:01:20,851 [INFO] [Thread-B] Resumed. Calculating... (60%)
2026-09-21T01:01:20.903412387Z 2026-09-21 01:01:20,903 [INFO] [Thread-B] Calculating... (80%)
2026-09-21T01:01:20.959172762Z 2026-09-21 01:01:20,958 [INFO] [Thread-B] Preempted. Progress saved at (80%)
2026-09-21T01:01:21.013214262Z 2026-09-21 01:01:21,012 [INFO] [Thread-C] Resumed. Calculating... (60%)
2026-09-21T01:01:21.063769595Z 2026-09-21 01:01:21,063 [INFO] [Thread-C] Calculating... (80%)
2026-09-21T01:01:21.116240804Z 2026-09-21 01:01:21,114 [INFO] [Thread-C] Preempted. Progress saved at (80%)
2026-09-21T01:01:21.167396429Z 2026-09-21 01:01:21,166 [INFO] [Thread-A] Resumed. Calculating... (100%)
2026-09-21T01:01:21.222634554Z 2026-09-21 01:01:21,222 [INFO] [Thread-B] Resumed. Calculating... (100%)
2026-09-21T01:01:21.278322637Z 2026-09-21 01:01:21,277 [INFO] [Thread-C] Resumed. Calculating... (100%)
2026-09-21T01:01:21.334061596Z 2026-09-21 01:01:21,333 [INFO] [Scheduler] All tasks completed.
2026-09-21T01:01:21.338171429Z 2026-09-21 01:01:21,337 [INFO] [MemoryWorker] Current Heap: 25MB
2026-09-21T01:01:21.338354887Z 2026-09-21 01:01:21,337 [INFO] [CpuWorker] Started. Maximum CPU Limit: 10%
2026-09-21T01:01:21.338481012Z 2026-09-21 01:01:21,338 [INFO] [CpuWorker] Current Load: 5.00%
2026-09-21T01:01:24.363011680Z 2026-09-21 01:01:24,362 [INFO] [MemoryWorker] Current Heap: 50MB
2026-09-21T01:01:24.467679222Z 2026-09-21 01:01:24,467 [INFO] [CpuWorker] Current Load: 6.48%
2026-09-21T01:01:26.585734500Z 2026-09-21 01:01:26,583 [INFO] [CpuWorker] Peak reached (10.00%). Starting cooldown...
2026-09-21T01:01:27.392310168Z 2026-09-21 01:01:27,391 [INFO] [MemoryWorker] Current Heap: 75MB
2026-09-21T01:01:27.596314668Z 2026-09-21 01:01:27,593 [INFO] [CpuWorker] Current Load: 10.00%
2026-09-21T01:01:29.715070002Z 2026-09-21 01:01:29,713 [INFO] [CpuWorker] Cooldown complete (5.00%). Resuming load increase...
2026-09-21T01:01:30.421254169Z 2026-09-21 01:01:30,420 [INFO] [MemoryWorker] Current Heap: 100MB
2026-09-21T01:01:30.727693127Z 2026-09-21 01:01:30,724 [INFO] [CpuWorker] Current Load: 5.00%
2026-09-21T01:01:33.454989712Z 2026-09-21 01:01:33,454 [INFO] [MemoryWorker] Current Heap: 125MB
2026-09-21T01:01:33.856221296Z 2026-09-21 01:01:33,854 [INFO] [CpuWorker] Current Load: 6.95%
2026-09-21T01:01:35.977815422Z 2026-09-21 01:01:35,976 [INFO] [CpuWorker] Peak reached (10.00%). Starting cooldown...
2026-09-21T01:01:36.480001547Z 2026-09-21 01:01:36,479 [INFO] [MemoryWorker] Current Heap: 150MB
2026-09-21T01:01:36.989056422Z 2026-09-21 01:01:36,986 [INFO] [CpuWorker] Current Load: 10.00%
2026-09-21T01:01:39.489143882Z 2026-09-21 01:01:39,488 [INFO] [MemoryWorker] Current Heap: 175MB
2026-09-21T01:01:40.116374924Z 2026-09-21 01:01:40,116 [INFO] [CpuWorker] Current Load: 5.63%
2026-09-21T01:01:42.513669300Z 2026-09-21 01:01:42,513 [INFO] [MemoryWorker] Current Heap: 200MB
2026-09-21T01:01:43.242152925Z 2026-09-21 01:01:43,239 [INFO] [CpuWorker] Current Load: 5.32%
2026-09-21T01:01:45.362670843Z 2026-09-21 01:01:45,361 [INFO] [CpuWorker] Cooldown complete (5.00%). Resuming load increase...
2026-09-21T01:01:45.546813885Z 2026-09-21 01:01:45,546 [INFO] [MemoryWorker] Current Heap: 225MB
2026-09-21T01:01:46.373065968Z 2026-09-21 01:01:46,371 [INFO] [CpuWorker] Current Load: 5.00%
2026-09-21T01:01:48.489299969Z 2026-09-21 01:01:48,488 [INFO] [CpuWorker] Peak reached (10.00%). Starting cooldown...
2026-09-21T01:01:48.576474886Z 2026-09-21 01:01:48,575 [INFO] [MemoryWorker] Current Heap: 250MB
2026-09-21T01:01:49.503482178Z 2026-09-21 01:01:49,499 [INFO] [CpuWorker] Current Load: 10.00%
2026-09-21T01:01:51.594538179Z 2026-09-21 01:01:51,593 [INFO] [MemoryWorker] Current Heap: 275MB
2026-09-21T01:01:51.622484221Z 2026-09-21 01:01:51,621 [INFO] [CpuWorker] Cooldown complete (5.00%). Resuming load increase...
2026-09-21T01:01:52.635815388Z 2026-09-21 01:01:52,632 [INFO] [CpuWorker] Current Load: 5.00%
2026-09-21T01:01:54.623541416Z 2026-09-21 01:01:54,622 [INFO] [MemoryWorker] Current Heap: 300MB
2026-09-21T01:01:55.769741375Z 2026-09-21 01:01:55,765 [INFO] [CpuWorker] Current Load: 8.75%
2026-09-21T01:01:57.655511334Z 2026-09-21 01:01:57,654 [INFO] [MemoryWorker] Current Heap: 325MB
2026-09-21T01:01:57.888755043Z 2026-09-21 01:01:57,887 [INFO] [CpuWorker] Peak reached (10.00%). Starting cooldown...
2026-09-21T01:01:58.897575918Z 2026-09-21 01:01:58,896 [INFO] [CpuWorker] Current Load: 10.00%
2026-09-21T01:02:00.659784544Z 2026-09-21 01:02:00,659 [INFO] [MemoryWorker] Current Heap: 350MB
2026-09-21T01:02:02.019160253Z 2026-09-21 01:02:02,018 [INFO] [CpuWorker] Current Load: 5.19%
2026-09-21T01:02:03.686859129Z 2026-09-21 01:02:03,685 [INFO] [MemoryWorker] Current Heap: 375MB
2026-09-21T01:02:04.140412921Z 2026-09-21 01:02:04,138 [INFO] [CpuWorker] Cooldown complete (5.00%). Resuming load increase...
2026-09-21T01:02:05.144815421Z 2026-09-21 01:02:05,142 [INFO] [CpuWorker] Current Load: 5.00%
2026-09-21T01:02:06.715592714Z 2026-09-21 01:02:06,715 [INFO] [MemoryWorker] Current Heap: 400MB
2026-09-21T01:02:07.259944381Z 2026-09-21 01:02:07,258 [INFO] [CpuWorker] Peak reached (10.00%). Starting cooldown...
2026-09-21T01:02:08.264206964Z 2026-09-21 01:02:08,263 [INFO] [CpuWorker] Current Load: 10.00%
2026-09-21T01:02:09.745516257Z 2026-09-21 01:02:09,744 [INFO] [MemoryWorker] Current Heap: 425MB
2026-09-21T01:02:10.384496965Z 2026-09-21 01:02:10,383 [INFO] [CpuWorker] Cooldown complete (5.00%). Resuming load increase...
2026-09-21T01:02:11.396815216Z 2026-09-21 01:02:11,394 [INFO] [CpuWorker] Current Load: 5.00%
2026-09-21T01:02:12.781856050Z 2026-09-21 01:02:12,780 [INFO] [MemoryWorker] Current Heap: 450MB
2026-09-21T01:02:14.520450634Z 2026-09-21 01:02:14,518 [INFO] [CpuWorker] Current Load: 5.27%
2026-09-21T01:02:15.805033301Z 2026-09-21 01:02:15,804 [INFO] [MemoryWorker] Current Heap: 475MB
2026-09-21T01:02:17.645928510Z 2026-09-21 01:02:17,644 [INFO] [CpuWorker] Current Load: 8.49%
2026-09-21T01:02:18.835314386Z 2026-09-21 01:02:18,834 [INFO] [MemoryWorker] Current Heap: 500MB
2026-09-21T01:02:20.771483304Z 2026-09-21 01:02:20,770 [INFO] [CpuWorker] Current Load: 9.72%
2026-09-21T01:02:21.866240721Z 2026-09-21 01:02:21,865 [INFO] [MemoryWorker] Current Heap: 525MB
2026-09-21T01:02:21.866286138Z 2026-09-21 01:02:21,865 [WARNING] [MemoryWorker] Memory Usage Reached Limit (525MB). Starting cleanup...
2026-09-21T01:02:21.873312929Z 2026-09-21 01:02:21,872 [INFO] [System] Memory Cache Flushed. Process Stabilized.
2026-09-21T01:02:22.885508930Z 
2026-09-21T01:02:22.885524471Z >>> [SYSTEM] MEMORY RECOVERED (Cache Cleared) <<<
2026-09-21T01:02:22.885526805Z 
2026-09-21T01:02:22.885528096Z 2026-09-21 01:02:22,885 [INFO] [CpuWorker] Peak reached (10.00%). Starting cooldown...
2026-09-21T01:02:23.897100597Z 2026-09-21 01:02:23,895 [INFO] [CpuWorker] Current Load: 10.00%
2026-09-21T01:02:26.920847542Z 2026-09-21 01:02:26,920 [INFO] [MemoryWorker] Current Heap: 25MB
2026-09-21T01:02:27.031239917Z 2026-09-21 01:02:27,025 [INFO] [CpuWorker] Current Load: 7.50%
2026-09-21T01:02:29.938616002Z 2026-09-21 01:02:29,938 [INFO] [MemoryWorker] Current Heap: 50MB
2026-09-21T01:02:30.150571169Z 2026-09-21 01:02:30,150 [INFO] [CpuWorker] Current Load: 5.07%
2026-09-21T01:02:32.273446586Z 2026-09-21 01:02:32,271 [INFO] [CpuWorker] Cooldown complete (5.00%). Resuming load increase...
2026-09-21T01:02:32.963267920Z 2026-09-21 01:02:32,962 [INFO] [MemoryWorker] Current Heap: 75MB
2026-09-21T01:02:33.280276129Z 2026-09-21 01:02:33,278 [INFO] [CpuWorker] Current Load: 5.00%
2026-09-21T01:02:35.402535630Z 2026-09-21 01:02:35,400 [INFO] [CpuWorker] Peak reached (10.00%). Starting cooldown...
2026-09-21T01:02:35.988526172Z 2026-09-21 01:02:35,987 [INFO] [MemoryWorker] Current Heap: 100MB
2026-09-21T01:02:36.412862380Z 2026-09-21 01:02:36,411 [INFO] [CpuWorker] Current Load: 10.00%
2026-09-21T01:02:38.534530089Z 2026-09-21 01:02:38,529 [INFO] [CpuWorker] Cooldown complete (5.00%). Resuming load increase...
2026-09-21T01:02:39.001736631Z 2026-09-21 01:02:38,999 [INFO] [MemoryWorker] Current Heap: 125MB
2026-09-21T01:02:39.547234840Z 2026-09-21 01:02:39,544 [INFO] [CpuWorker] Current Load: 5.00%
2026-09-21T01:02:42.016136466Z 2026-09-21 01:02:42,015 [INFO] [MemoryWorker] Current Heap: 150MB
2026-09-21T01:02:42.679815425Z 2026-09-21 01:02:42,677 [INFO] [CpuWorker] Current Load: 5.31%
2026-09-21T01:02:44.798759009Z 2026-09-21 01:02:44,797 [INFO] [CpuWorker] Peak reached (10.00%). Starting cooldown...
2026-09-21T01:02:45.037570884Z 2026-09-21 01:02:45,036 [INFO] [MemoryWorker] Current Heap: 175MB
2026-09-21T01:02:45.809871551Z 2026-09-21 01:02:45,808 [INFO] [CpuWorker] Current Load: 10.00%
2026-09-21T01:02:47.926686511Z 2026-09-21 01:02:47,925 [INFO] [CpuWorker] Cooldown complete (5.00%). Resuming load increase...
2026-09-21T01:02:48.067045011Z 2026-09-21 01:02:48,066 [INFO] [MemoryWorker] Current Heap: 200MB
2026-09-21T01:02:48.937086969Z 2026-09-21 01:02:48,934 [INFO] [CpuWorker] Current Load: 5.00%
2026-09-21T01:02:51.043779262Z 2026-09-21 01:02:51,043 [INFO] [CpuWorker] Peak reached (10.00%). Starting cooldown...
2026-09-21T01:02:51.086908637Z 2026-09-21 01:02:51,086 [INFO] [MemoryWorker] Current Heap: 225MB
2026-09-21T01:02:52.054280846Z 2026-09-21 01:02:52,052 [INFO] [CpuWorker] Current Load: 10.00%
