
=== initial ===
2026-09-21T10:01:18+0900
--- identity ---
uid=10001(agent-admin) gid=10001(agent-admin) groups=10001(agent-admin)
--- monitor.sh ---
[2026-09-21 01:01:18] PROCESS:agent-app-linux-arm64 PID:7 PPID:1 ETIME:00:00 CPU:0.0% MEM:0.0% RSS:1.6MB RSS_KB:1608 VSZ_KB:2600 STAT:S PORT:15034
[2026-09-21 01:01:18] PROCESS:agent-app-linux-arm64 PID:8 PPID:7 ETIME:00:00 CPU:0.0% MEM:0.2% RSS:16.4MB RSS_KB:16780 VSZ_KB:22144 STAT:SN PORT:15034
--- ps -ef ---
UID        PID  PPID  C STIME TTY          TIME CMD
agent-a+     1     0  0 01:01 ?        00:00:00 /sbin/docker-init -- /opt/agent/agent-app-linux-arm64
agent-a+     7     1  0 01:01 ?        00:00:00 /opt/agent/agent-app-linux-arm64
agent-a+     8     7  0 01:01 ?        00:00:00 /opt/agent/agent-app-linux-arm64
agent-a+    43     0  0 01:01 ?        00:00:00 ps -ef
--- ps process PID=7 ---
  PID  PPID     ELAPSED %CPU %MEM   RSS    VSZ STAT CMD
    7     1       00:00  0.0  0.0  1608   2600 S    /opt/agent/agent-app-linux-arm64
--- top -H PID=7 ---
top - 01:01:18 up 8 min,  0 users,  load average: 0.00, 0.08, 0.06
Threads:   1 total,   0 running,   1 sleeping,   0 stopped,   0 zombie
%Cpu(s):  0.0 us,  0.0 sy,  0.0 ni,100.0 id,  0.0 wa,  0.0 hi,  0.0 si,  0.0 st
MiB Mem :   7936.0 total,   6976.4 free,    429.8 used,    529.8 buff/cache
MiB Swap:   1024.0 total,   1024.0 free,      0.0 used.   7350.7 avail Mem 

  PID USER      PR  NI    VIRT    RES    SHR S  %CPU  %MEM     TIME+ COMMAND
    7 agent-a+  20   0    2600   1608   1396 S   0.0   0.0   0:00.05 agent-app+
--- ps -L PID=7 ---
  PID   TID STAT %CPU %MEM WCHAN                            COMMAND
    7     7 S     0.0  0.0 do_wait                          agent-app-linux
--- ps process PID=8 ---
  PID  PPID     ELAPSED %CPU %MEM   RSS    VSZ STAT CMD
    8     7       00:00  0.0  0.2 16780  22144 SN   /opt/agent/agent-app-linux-arm64
--- top -H PID=8 ---
top - 01:01:19 up 8 min,  0 users,  load average: 0.00, 0.08, 0.06
Threads:   1 total,   0 running,   1 sleeping,   0 stopped,   0 zombie
%Cpu(s):  0.0 us,  0.0 sy,  0.0 ni,100.0 id,  0.0 wa,  0.0 hi,  0.0 si,  0.0 st
MiB Mem :   7936.0 total,   6977.6 free,    428.6 used,    529.8 buff/cache
MiB Swap:   1024.0 total,   1024.0 free,      0.0 used.   7351.9 avail Mem 

  PID USER      PR  NI    VIRT    RES    SHR S  %CPU  %MEM     TIME+ COMMAND
    8 agent-a+  30  10   22144  16780   8508 S   0.0   0.2   0:00.03 agent-app+
--- ps -L PID=8 ---
  PID   TID STAT %CPU %MEM WCHAN                            COMMAND
    8     8 SN    3.0  0.2 do_select                        agent-app-linux
--- docker stats ---
NAME=codyssey-agent-deadlock-after-20260921-100115-78272 CPU=0.00% MEM=9.883MiB / 1GiB MEM_PERC=0.97% PIDS=3

=== t+5s ===
2026-09-21T10:01:25+0900
--- identity ---
uid=10001(agent-admin) gid=10001(agent-admin) groups=10001(agent-admin)
--- monitor.sh ---
[2026-09-21 01:01:25] PROCESS:agent-app-linux-arm64 PID:7 PPID:1 ETIME:00:07 CPU:0.7% MEM:0.0% RSS:1.6MB RSS_KB:1608 VSZ_KB:2600 STAT:S PORT:15034
[2026-09-21 01:01:25] PROCESS:agent-app-linux-arm64 PID:8 PPID:7 ETIME:00:07 CPU:1.1% MEM:0.8% RSS:66.6MB RSS_KB:68200 VSZ_KB:221960 STAT:SNl PORT:15034
--- ps -ef ---
UID        PID  PPID  C STIME TTY          TIME CMD
agent-a+     1     0  0 01:01 ?        00:00:00 /sbin/docker-init -- /opt/agent/agent-app-linux-arm64
agent-a+     7     1  0 01:01 ?        00:00:00 /opt/agent/agent-app-linux-arm64
agent-a+     8     7  1 01:01 ?        00:00:00 /opt/agent/agent-app-linux-arm64
agent-a+   120     0  0 01:01 ?        00:00:00 ps -ef
--- ps process PID=7 ---
  PID  PPID     ELAPSED %CPU %MEM   RSS    VSZ STAT CMD
    7     1       00:07  0.7  0.0  1608   2600 S    /opt/agent/agent-app-linux-arm64
--- top -H PID=7 ---
top - 01:01:25 up 9 min,  0 users,  load average: 0.00, 0.08, 0.05
Threads:   1 total,   0 running,   1 sleeping,   0 stopped,   0 zombie
%Cpu(s):  0.0 us,  0.0 sy,  0.0 ni,100.0 id,  0.0 wa,  0.0 hi,  0.0 si,  0.0 st
MiB Mem :   7936.0 total,   6928.1 free,    477.8 used,    530.1 buff/cache
MiB Swap:   1024.0 total,   1024.0 free,      0.0 used.   7302.4 avail Mem 

  PID USER      PR  NI    VIRT    RES    SHR S  %CPU  %MEM     TIME+ COMMAND
    7 agent-a+  20   0    2600   1608   1396 S   0.0   0.0   0:00.05 agent-app+
--- ps -L PID=7 ---
  PID   TID STAT %CPU %MEM WCHAN                            COMMAND
    7     7 S     0.7  0.0 do_wait                          agent-app-linux
--- ps process PID=8 ---
  PID  PPID     ELAPSED %CPU %MEM   RSS    VSZ STAT CMD
    8     7       00:07  1.1  0.8 68200 221960 SNl  /opt/agent/agent-app-linux-arm64
--- top -H PID=8 ---
top - 01:01:26 up 9 min,  0 users,  load average: 0.00, 0.08, 0.05
Threads:   3 total,   0 running,   3 sleeping,   0 stopped,   0 zombie
%Cpu(s):  0.6 us,  0.0 sy,  0.0 ni, 98.7 id,  0.0 wa,  0.0 hi,  0.6 si,  0.0 st
MiB Mem :   7936.0 total,   6924.0 free,    482.0 used,    530.1 buff/cache
MiB Swap:   1024.0 total,   1024.0 free,      0.0 used.   7298.3 avail Mem 

  PID USER      PR  NI    VIRT    RES    SHR S  %CPU  %MEM     TIME+ COMMAND
    8 agent-a+  30  10  221960  68200   8508 S   0.0   0.8   0:00.05 agent-app+
   91 agent-a+  30  10  221960  68200   8508 S   0.0   0.8   0:00.00 agent-app+
   92 agent-a+  30  10  221960  68200   8508 S   0.0   0.8   0:00.01 agent-app+
--- ps -L PID=8 ---
  PID   TID STAT %CPU %MEM WCHAN                            COMMAND
    8     8 SNl   0.6  0.8 futex_wait_queue                 agent-app-linux
    8    91 SNl   0.0  0.8 do_select                        agent-app-linux
    8    92 SNl   0.2  0.8 do_select                        agent-app-linux
--- docker stats ---
NAME=codyssey-agent-deadlock-after-20260921-100115-78272 CPU=0.18% MEM=60.23MiB / 1GiB MEM_PERC=5.88% PIDS=5

=== t+10s ===
2026-09-21T10:01:32+0900
--- identity ---
uid=10001(agent-admin) gid=10001(agent-admin) groups=10001(agent-admin)
--- monitor.sh ---
[2026-09-21 01:01:32] PROCESS:agent-app-linux-arm64 PID:7 PPID:1 ETIME:00:14 CPU:0.3% MEM:0.0% RSS:1.6MB RSS_KB:1608 VSZ_KB:2600 STAT:S PORT:15034
[2026-09-21 01:01:32] PROCESS:agent-app-linux-arm64 PID:8 PPID:7 ETIME:00:14 CPU:0.8% MEM:1.4% RSS:116.6MB RSS_KB:119408 VSZ_KB:273168 STAT:SNl PORT:15034
--- ps -ef ---
UID        PID  PPID  C STIME TTY          TIME CMD
agent-a+     1     0  0 01:01 ?        00:00:00 /sbin/docker-init -- /opt/agent/agent-app-linux-arm64
agent-a+     7     1  0 01:01 ?        00:00:00 /opt/agent/agent-app-linux-arm64
agent-a+     8     7  0 01:01 ?        00:00:00 /opt/agent/agent-app-linux-arm64
agent-a+   195     0  0 01:01 ?        00:00:00 ps -ef
--- ps process PID=7 ---
  PID  PPID     ELAPSED %CPU %MEM   RSS    VSZ STAT CMD
    7     1       00:14  0.3  0.0  1608   2600 S    /opt/agent/agent-app-linux-arm64
--- top -H PID=7 ---
top - 01:01:32 up 9 min,  0 users,  load average: 0.00, 0.08, 0.05
Threads:   1 total,   0 running,   1 sleeping,   0 stopped,   0 zombie
%Cpu(s):  0.0 us,  0.0 sy,  0.0 ni,100.0 id,  0.0 wa,  0.0 hi,  0.0 si,  0.0 st
MiB Mem :   7936.0 total,   6884.0 free,    521.9 used,    530.1 buff/cache
MiB Swap:   1024.0 total,   1024.0 free,      0.0 used.   7258.4 avail Mem 

  PID USER      PR  NI    VIRT    RES    SHR S  %CPU  %MEM     TIME+ COMMAND
    7 agent-a+  20   0    2600   1608   1396 S   0.0   0.0   0:00.05 agent-app+
--- ps -L PID=7 ---
  PID   TID STAT %CPU %MEM WCHAN                            COMMAND
    7     7 S     0.3  0.0 do_wait                          agent-app-linux
--- ps process PID=8 ---
  PID  PPID     ELAPSED %CPU %MEM   RSS    VSZ STAT CMD
    8     7       00:14  0.8  1.4 119408 273168 SNl /opt/agent/agent-app-linux-arm64
--- top -H PID=8 ---
top - 01:01:33 up 9 min,  0 users,  load average: 0.00, 0.08, 0.05
Threads:   3 total,   0 running,   3 sleeping,   0 stopped,   0 zombie
%Cpu(s):  0.0 us,  0.0 sy,  0.0 ni,100.0 id,  0.0 wa,  0.0 hi,  0.0 si,  0.0 st
MiB Mem :   7936.0 total,   6882.8 free,    523.1 used,    530.1 buff/cache
MiB Swap:   1024.0 total,   1024.0 free,      0.0 used.   7257.1 avail Mem 

  PID USER      PR  NI    VIRT    RES    SHR S  %CPU  %MEM     TIME+ COMMAND
    8 agent-a+  30  10  273168 119408   8508 S   0.0   1.5   0:00.05 agent-app+
   91 agent-a+  30  10  273168 119408   8508 S   0.0   1.5   0:00.02 agent-app+
   92 agent-a+  30  10  273168 119408   8508 S   0.0   1.5   0:00.03 agent-app+
--- ps -L PID=8 ---
  PID   TID STAT %CPU %MEM WCHAN                            COMMAND
    8     8 SNl   0.3  1.4 futex_wait_queue                 agent-app-linux
    8    91 SNl   0.1  1.4 do_select                        agent-app-linux
    8    92 SNl   0.2  1.4 do_select                        agent-app-linux
--- docker stats ---
NAME=codyssey-agent-deadlock-after-20260921-100115-78272 CPU=2.53% MEM=135.9MiB / 1GiB MEM_PERC=13.27% PIDS=5

=== t+15s ===
2026-09-21T10:01:39+0900
--- identity ---
uid=10001(agent-admin) gid=10001(agent-admin) groups=10001(agent-admin)
--- monitor.sh ---
[2026-09-21 01:01:39] PROCESS:agent-app-linux-arm64 PID:7 PPID:1 ETIME:00:21 CPU:0.2% MEM:0.0% RSS:1.6MB RSS_KB:1608 VSZ_KB:2600 STAT:S PORT:15034
[2026-09-21 01:01:39] PROCESS:agent-app-linux-arm64 PID:8 PPID:7 ETIME:00:21 CPU:0.7% MEM:2.0% RSS:166.6MB RSS_KB:170616 VSZ_KB:324376 STAT:SNl PORT:15034
--- ps -ef ---
UID        PID  PPID  C STIME TTY          TIME CMD
agent-a+     1     0  0 01:01 ?        00:00:00 /sbin/docker-init -- /opt/agent/agent-app-linux-arm64
agent-a+     7     1  0 01:01 ?        00:00:00 /opt/agent/agent-app-linux-arm64
agent-a+     8     7  0 01:01 ?        00:00:00 /opt/agent/agent-app-linux-arm64
agent-a+   270     0  0 01:01 ?        00:00:00 ps -ef
--- ps process PID=7 ---
  PID  PPID     ELAPSED %CPU %MEM   RSS    VSZ STAT CMD
    7     1       00:21  0.2  0.0  1608   2600 S    /opt/agent/agent-app-linux-arm64
--- top -H PID=7 ---
top - 01:01:39 up 9 min,  0 users,  load average: 0.00, 0.08, 0.05
Threads:   1 total,   0 running,   1 sleeping,   0 stopped,   0 zombie
%Cpu(s):  0.0 us,  0.0 sy,  0.0 ni,100.0 id,  0.0 wa,  0.0 hi,  0.0 si,  0.0 st
MiB Mem :   7936.0 total,   6802.8 free,    602.6 used,    530.6 buff/cache
MiB Swap:   1024.0 total,   1024.0 free,      0.0 used.   7177.8 avail Mem 

  PID USER      PR  NI    VIRT    RES    SHR S  %CPU  %MEM     TIME+ COMMAND
    7 agent-a+  20   0    2600   1608   1396 S   0.0   0.0   0:00.05 agent-app+
--- ps -L PID=7 ---
  PID   TID STAT %CPU %MEM WCHAN                            COMMAND
    7     7 S     0.2  0.0 do_wait                          agent-app-linux
--- ps process PID=8 ---
  PID  PPID     ELAPSED %CPU %MEM   RSS    VSZ STAT CMD
    8     7       00:21  0.8  2.4 196220 349980 SNl /opt/agent/agent-app-linux-arm64
--- top -H PID=8 ---
top - 01:01:40 up 9 min,  0 users,  load average: 0.00, 0.08, 0.05
Threads:   3 total,   0 running,   3 sleeping,   0 stopped,   0 zombie
%Cpu(s):  0.0 us,  0.0 sy,  0.0 ni,100.0 id,  0.0 wa,  0.0 hi,  0.0 si,  0.0 st
MiB Mem :   7936.0 total,   6813.7 free,    591.7 used,    530.6 buff/cache
MiB Swap:   1024.0 total,   1024.0 free,      0.0 used.   7188.7 avail Mem 

  PID USER      PR  NI    VIRT    RES    SHR S  %CPU  %MEM     TIME+ COMMAND
   92 agent-a+  30  10  349980 196220   8508 S   6.2   2.4   0:00.06 agent-app+
    8 agent-a+  30  10  349980 196220   8508 S   0.0   2.4   0:00.05 agent-app+
   91 agent-a+  30  10  349980 196220   8508 S   0.0   2.4   0:00.04 agent-app+
--- ps -L PID=8 ---
  PID   TID STAT %CPU %MEM WCHAN                            COMMAND
    8     8 SNl   0.2  2.4 futex_wait_queue                 agent-app-linux
    8    91 SNl   0.2  2.4 do_select                        agent-app-linux
    8    92 SNl   0.3  2.4 do_select                        agent-app-linux
--- docker stats ---
NAME=codyssey-agent-deadlock-after-20260921-100115-78272 CPU=0.02% MEM=185.5MiB / 1GiB MEM_PERC=18.12% PIDS=5

=== t+20s ===
2026-09-21T10:01:46+0900
--- identity ---
uid=10001(agent-admin) gid=10001(agent-admin) groups=10001(agent-admin)
--- monitor.sh ---
[2026-09-21 01:01:46] PROCESS:agent-app-linux-arm64 PID:7 PPID:1 ETIME:00:28 CPU:0.1% MEM:0.0% RSS:1.6MB RSS_KB:1608 VSZ_KB:2600 STAT:S PORT:15034
[2026-09-21 01:01:46] PROCESS:agent-app-linux-arm64 PID:8 PPID:7 ETIME:00:28 CPU:0.7% MEM:3.0% RSS:241.6MB RSS_KB:247428 VSZ_KB:401188 STAT:SNl PORT:15034
--- ps -ef ---
UID        PID  PPID  C STIME TTY          TIME CMD
agent-a+     1     0  0 01:01 ?        00:00:00 /sbin/docker-init -- /opt/agent/agent-app-linux-arm64
agent-a+     7     1  0 01:01 ?        00:00:00 /opt/agent/agent-app-linux-arm64
agent-a+     8     7  0 01:01 ?        00:00:00 /opt/agent/agent-app-linux-arm64
agent-a+   345     0  0 01:01 ?        00:00:00 ps -ef
--- ps process PID=7 ---
  PID  PPID     ELAPSED %CPU %MEM   RSS    VSZ STAT CMD
    7     1       00:28  0.1  0.0  1608   2600 S    /opt/agent/agent-app-linux-arm64
--- top -H PID=7 ---
top - 01:01:46 up 9 min,  0 users,  load average: 0.00, 0.07, 0.05
Threads:   1 total,   0 running,   1 sleeping,   0 stopped,   0 zombie
%Cpu(s):  0.0 us,  0.0 sy,  0.0 ni,100.0 id,  0.0 wa,  0.0 hi,  0.0 si,  0.0 st
MiB Mem :   7936.0 total,   6752.2 free,    653.2 used,    530.6 buff/cache
MiB Swap:   1024.0 total,   1024.0 free,      0.0 used.   7127.2 avail Mem 

  PID USER      PR  NI    VIRT    RES    SHR S  %CPU  %MEM     TIME+ COMMAND
    7 agent-a+  20   0    2600   1608   1396 S   0.0   0.0   0:00.05 agent-app+
--- ps -L PID=7 ---
  PID   TID STAT %CPU %MEM WCHAN                            COMMAND
    7     7 S     0.1  0.0 do_wait                          agent-app-linux
--- ps process PID=8 ---
  PID  PPID     ELAPSED %CPU %MEM   RSS    VSZ STAT CMD
    8     7       00:29  0.7  3.0 247428 401188 SNl /opt/agent/agent-app-linux-arm64
--- top -H PID=8 ---
top - 01:01:47 up 9 min,  0 users,  load average: 0.00, 0.07, 0.05
Threads:   3 total,   0 running,   3 sleeping,   0 stopped,   0 zombie
%Cpu(s):  0.0 us,  0.0 sy,  0.0 ni,100.0 id,  0.0 wa,  0.0 hi,  0.0 si,  0.0 st
MiB Mem :   7936.0 total,   6755.8 free,    649.6 used,    530.6 buff/cache
MiB Swap:   1024.0 total,   1024.0 free,      0.0 used.   7130.8 avail Mem 

  PID USER      PR  NI    VIRT    RES    SHR S  %CPU  %MEM     TIME+ COMMAND
    8 agent-a+  30  10  401188 247428   8508 S   0.0   3.0   0:00.05 agent-app+
   91 agent-a+  30  10  401188 247428   8508 S   0.0   3.0   0:00.07 agent-app+
   92 agent-a+  30  10  401188 247428   8508 S   0.0   3.0   0:00.07 agent-app+
--- ps -L PID=8 ---
  PID   TID STAT %CPU %MEM WCHAN                            COMMAND
    8     8 SNl   0.1  3.0 futex_wait_queue                 agent-app-linux
    8    91 SNl   0.2  3.0 do_select                        agent-app-linux
    8    92 SNl   0.2  3.0 do_select                        agent-app-linux
--- docker stats ---
NAME=codyssey-agent-deadlock-after-20260921-100115-78272 CPU=0.01% MEM=235.4MiB / 1GiB MEM_PERC=22.99% PIDS=5

=== t+25s ===
2026-09-21T10:01:53+0900
--- identity ---
uid=10001(agent-admin) gid=10001(agent-admin) groups=10001(agent-admin)
--- monitor.sh ---
[2026-09-21 01:01:53] PROCESS:agent-app-linux-arm64 PID:7 PPID:1 ETIME:00:35 CPU:0.1% MEM:0.0% RSS:1.6MB RSS_KB:1608 VSZ_KB:2600 STAT:S PORT:15034
[2026-09-21 01:01:53] PROCESS:agent-app-linux-arm64 PID:8 PPID:7 ETIME:00:35 CPU:0.7% MEM:3.6% RSS:291.6MB RSS_KB:298636 VSZ_KB:452396 STAT:SNl PORT:15034
--- ps -ef ---
UID        PID  PPID  C STIME TTY          TIME CMD
agent-a+     1     0  0 01:01 ?        00:00:00 /sbin/docker-init -- /opt/agent/agent-app-linux-arm64
agent-a+     7     1  0 01:01 ?        00:00:00 /opt/agent/agent-app-linux-arm64
agent-a+     8     7  0 01:01 ?        00:00:00 /opt/agent/agent-app-linux-arm64
agent-a+   420     0  0 01:01 ?        00:00:00 ps -ef
--- ps process PID=7 ---
  PID  PPID     ELAPSED %CPU %MEM   RSS    VSZ STAT CMD
    7     1       00:35  0.1  0.0  1608   2600 S    /opt/agent/agent-app-linux-arm64
--- top -H PID=7 ---
top - 01:01:53 up 9 min,  0 users,  load average: 0.00, 0.07, 0.05
Threads:   1 total,   0 running,   1 sleeping,   0 stopped,   0 zombie
%Cpu(s):  0.0 us,  0.0 sy,  0.0 ni,100.0 id,  0.0 wa,  0.0 hi,  0.0 si,  0.0 st
MiB Mem :   7936.0 total,   6698.3 free,    707.0 used,    530.6 buff/cache
MiB Swap:   1024.0 total,   1024.0 free,      0.0 used.   7073.3 avail Mem 

  PID USER      PR  NI    VIRT    RES    SHR S  %CPU  %MEM     TIME+ COMMAND
    7 agent-a+  20   0    2600   1608   1396 S   0.0   0.0   0:00.05 agent-app+
--- ps -L PID=7 ---
  PID   TID STAT %CPU %MEM WCHAN                            COMMAND
    7     7 S     0.1  0.0 do_wait                          agent-app-linux
--- ps process PID=8 ---
  PID  PPID     ELAPSED %CPU %MEM   RSS    VSZ STAT CMD
    8     7       00:36  0.7  3.6 298636 452396 SNl /opt/agent/agent-app-linux-arm64
--- top -H PID=8 ---
top - 01:01:54 up 9 min,  0 users,  load average: 0.08, 0.09, 0.06
Threads:   3 total,   0 running,   3 sleeping,   0 stopped,   0 zombie
%Cpu(s):  0.0 us,  0.0 sy,  0.0 ni,100.0 id,  0.0 wa,  0.0 hi,  0.0 si,  0.0 st
MiB Mem :   7936.0 total,   6699.2 free,    706.1 used,    530.6 buff/cache
MiB Swap:   1024.0 total,   1024.0 free,      0.0 used.   7074.2 avail Mem 

  PID USER      PR  NI    VIRT    RES    SHR S  %CPU  %MEM     TIME+ COMMAND
    8 agent-a+  30  10  452396 298636   8508 S   0.0   3.7   0:00.05 agent-app+
   91 agent-a+  30  10  452396 298636   8508 S   0.0   3.7   0:00.09 agent-app+
   92 agent-a+  30  10  452396 298636   8508 S   0.0   3.7   0:00.10 agent-app+
--- ps -L PID=8 ---
  PID   TID STAT %CPU %MEM WCHAN                            COMMAND
    8     8 SNl   0.1  3.6 futex_wait_queue                 agent-app-linux
    8    91 SNl   0.2  3.6 do_select                        agent-app-linux
    8    92 SNl   0.3  3.6 do_select                        agent-app-linux
--- docker stats ---
NAME=codyssey-agent-deadlock-after-20260921-100115-78272 CPU=1.09% MEM=311.1MiB / 1GiB MEM_PERC=30.38% PIDS=5

=== t+30s ===
2026-09-21T10:02:00+0900
--- identity ---
uid=10001(agent-admin) gid=10001(agent-admin) groups=10001(agent-admin)
--- monitor.sh ---
[2026-09-21 01:02:00] PROCESS:agent-app-linux-arm64 PID:7 PPID:1 ETIME:00:42 CPU:0.1% MEM:0.0% RSS:1.6MB RSS_KB:1608 VSZ_KB:2600 STAT:S PORT:15034
[2026-09-21 01:02:00] PROCESS:agent-app-linux-arm64 PID:8 PPID:7 ETIME:00:42 CPU:0.7% MEM:4.3% RSS:341.6MB RSS_KB:349844 VSZ_KB:503604 STAT:SNl PORT:15034
--- ps -ef ---
UID        PID  PPID  C STIME TTY          TIME CMD
agent-a+     1     0  0 01:01 ?        00:00:00 /sbin/docker-init -- /opt/agent/agent-app-linux-arm64
agent-a+     7     1  0 01:01 ?        00:00:00 /opt/agent/agent-app-linux-arm64
agent-a+     8     7  0 01:01 ?        00:00:00 /opt/agent/agent-app-linux-arm64
agent-a+   495     0  0 01:02 ?        00:00:00 ps -ef
--- ps process PID=7 ---
  PID  PPID     ELAPSED %CPU %MEM   RSS    VSZ STAT CMD
    7     1       00:42  0.1  0.0  1608   2600 S    /opt/agent/agent-app-linux-arm64
--- top -H PID=7 ---
top - 01:02:01 up 9 min,  0 users,  load average: 0.07, 0.09, 0.06
Threads:   1 total,   0 running,   1 sleeping,   0 stopped,   0 zombie
%Cpu(s):  0.0 us,  0.0 sy,  0.0 ni,100.0 id,  0.0 wa,  0.0 hi,  0.0 si,  0.0 st
MiB Mem :   7936.0 total,   6616.8 free,    788.5 used,    530.7 buff/cache
MiB Swap:   1024.0 total,   1024.0 free,      0.0 used.   6991.8 avail Mem 

  PID USER      PR  NI    VIRT    RES    SHR S  %CPU  %MEM     TIME+ COMMAND
    7 agent-a+  20   0    2600   1608   1396 S   0.0   0.0   0:00.05 agent-app+
--- ps -L PID=7 ---
  PID   TID STAT %CPU %MEM WCHAN                            COMMAND
    7     7 S     0.1  0.0 do_wait                          agent-app-linux
--- ps process PID=8 ---
  PID  PPID     ELAPSED %CPU %MEM   RSS    VSZ STAT CMD
    8     7       00:43  0.7  4.6 375448 529208 SNl /opt/agent/agent-app-linux-arm64
--- top -H PID=8 ---
top - 01:02:01 up 9 min,  0 users,  load average: 0.07, 0.09, 0.06
Threads:   3 total,   0 running,   3 sleeping,   0 stopped,   0 zombie
%Cpu(s):  0.0 us,  0.6 sy,  0.0 ni, 99.4 id,  0.0 wa,  0.0 hi,  0.0 si,  0.0 st
MiB Mem :   7936.0 total,   6616.5 free,    788.9 used,    530.7 buff/cache
MiB Swap:   1024.0 total,   1024.0 free,      0.0 used.   6991.5 avail Mem 

  PID USER      PR  NI    VIRT    RES    SHR S  %CPU  %MEM     TIME+ COMMAND
    8 agent-a+  30  10  529208 375448   8508 S   0.0   4.6   0:00.05 agent-app+
   91 agent-a+  30  10  529208 375448   8508 S   0.0   4.6   0:00.11 agent-app+
   92 agent-a+  30  10  529208 375448   8508 S   0.0   4.6   0:00.12 agent-app+
--- ps -L PID=8 ---
  PID   TID STAT %CPU %MEM WCHAN                            COMMAND
    8     8 SNl   0.1  4.6 futex_wait_queue                 agent-app-linux
    8    91 SNl   0.2  4.6 do_select                        agent-app-linux
    8    92 SNl   0.3  4.6 do_select                        agent-app-linux
--- docker stats ---
NAME=codyssey-agent-deadlock-after-20260921-100115-78272 CPU=0.63% MEM=360.7MiB / 1GiB MEM_PERC=35.22% PIDS=5

=== t+35s ===
2026-09-21T10:02:07+0900
--- identity ---
uid=10001(agent-admin) gid=10001(agent-admin) groups=10001(agent-admin)
--- monitor.sh ---
[2026-09-21 01:02:07] PROCESS:agent-app-linux-arm64 PID:7 PPID:1 ETIME:00:49 CPU:0.1% MEM:0.0% RSS:1.6MB RSS_KB:1608 VSZ_KB:2600 STAT:S PORT:15034
[2026-09-21 01:02:07] PROCESS:agent-app-linux-arm64 PID:8 PPID:7 ETIME:00:49 CPU:0.7% MEM:5.2% RSS:416.7MB RSS_KB:426656 VSZ_KB:580416 STAT:SNl PORT:15034
--- ps -ef ---
UID        PID  PPID  C STIME TTY          TIME CMD
agent-a+     1     0  0 01:01 ?        00:00:00 /sbin/docker-init -- /opt/agent/agent-app-linux-arm64
agent-a+     7     1  0 01:01 ?        00:00:00 /opt/agent/agent-app-linux-arm64
agent-a+     8     7  0 01:01 ?        00:00:00 /opt/agent/agent-app-linux-arm64
agent-a+   571     0  0 01:02 ?        00:00:00 ps -ef
--- ps process PID=7 ---
  PID  PPID     ELAPSED %CPU %MEM   RSS    VSZ STAT CMD
    7     1       00:49  0.1  0.0  1608   2600 S    /opt/agent/agent-app-linux-arm64
--- top -H PID=7 ---
top - 01:02:08 up 9 min,  0 users,  load average: 0.07, 0.08, 0.06
Threads:   1 total,   0 running,   1 sleeping,   0 stopped,   0 zombie
%Cpu(s):  0.0 us,  0.0 sy,  0.0 ni,100.0 id,  0.0 wa,  0.0 hi,  0.0 si,  0.0 st
MiB Mem :   7936.0 total,   6581.2 free,    824.2 used,    530.7 buff/cache
MiB Swap:   1024.0 total,   1024.0 free,      0.0 used.   6956.2 avail Mem 

  PID USER      PR  NI    VIRT    RES    SHR S  %CPU  %MEM     TIME+ COMMAND
    7 agent-a+  20   0    2600   1608   1396 S   0.0   0.0   0:00.05 agent-app+
--- ps -L PID=7 ---
  PID   TID STAT %CPU %MEM WCHAN                            COMMAND
    7     7 S     0.1  0.0 do_wait                          agent-app-linux
--- ps process PID=8 ---
  PID  PPID     ELAPSED %CPU %MEM   RSS    VSZ STAT CMD
    8     7       00:50  0.7  5.2 426656 580416 SNl /opt/agent/agent-app-linux-arm64
--- top -H PID=8 ---
top - 01:02:08 up 9 min,  0 users,  load average: 0.07, 0.08, 0.06
Threads:   3 total,   0 running,   3 sleeping,   0 stopped,   0 zombie
%Cpu(s):  0.6 us,  0.6 sy,  0.0 ni, 98.7 id,  0.0 wa,  0.0 hi,  0.0 si,  0.0 st
MiB Mem :   7936.0 total,   6578.9 free,    826.5 used,    530.6 buff/cache
MiB Swap:   1024.0 total,   1024.0 free,      0.0 used.   6953.9 avail Mem 

  PID USER      PR  NI    VIRT    RES    SHR S  %CPU  %MEM     TIME+ COMMAND
    8 agent-a+  30  10  580416 426656   8508 S   0.0   5.3   0:00.05 agent-app+
   91 agent-a+  30  10  580416 426656   8508 S   0.0   5.3   0:00.14 agent-app+
   92 agent-a+  30  10  580416 426656   8508 S   0.0   5.3   0:00.14 agent-app+
--- ps -L PID=8 ---
  PID   TID STAT %CPU %MEM WCHAN                            COMMAND
    8     8 SNl   0.1  5.2 futex_wait_queue                 agent-app-linux
    8    91 SNl   0.2  5.2 do_select                        agent-app-linux
    8    92 SNl   0.2  5.2 do_select                        agent-app-linux
--- docker stats ---
NAME=codyssey-agent-deadlock-after-20260921-100115-78272 CPU=1.24% MEM=436.3MiB / 1GiB MEM_PERC=42.61% PIDS=5

=== t+40s ===
2026-09-21T10:02:15+0900
--- identity ---
uid=10001(agent-admin) gid=10001(agent-admin) groups=10001(agent-admin)
--- monitor.sh ---
[2026-09-21 01:02:15] PROCESS:agent-app-linux-arm64 PID:7 PPID:1 ETIME:00:57 CPU:0.0% MEM:0.0% RSS:1.6MB RSS_KB:1608 VSZ_KB:2600 STAT:S PORT:15034
[2026-09-21 01:02:15] PROCESS:agent-app-linux-arm64 PID:8 PPID:7 ETIME:00:57 CPU:0.7% MEM:5.8% RSS:466.7MB RSS_KB:477864 VSZ_KB:631624 STAT:SNl PORT:15034
--- ps -ef ---
UID        PID  PPID  C STIME TTY          TIME CMD
agent-a+     1     0  0 01:01 ?        00:00:00 /sbin/docker-init -- /opt/agent/agent-app-linux-arm64
agent-a+     7     1  0 01:01 ?        00:00:00 /opt/agent/agent-app-linux-arm64
agent-a+     8     7  0 01:01 ?        00:00:00 /opt/agent/agent-app-linux-arm64
agent-a+   646     0  0 01:02 ?        00:00:00 ps -ef
--- ps process PID=7 ---
  PID  PPID     ELAPSED %CPU %MEM   RSS    VSZ STAT CMD
    7     1       00:57  0.0  0.0  1608   2600 S    /opt/agent/agent-app-linux-arm64
--- top -H PID=7 ---
top - 01:02:15 up 9 min,  0 users,  load average: 0.06, 0.08, 0.06
Threads:   1 total,   0 running,   1 sleeping,   0 stopped,   0 zombie
%Cpu(s):  0.0 us,  0.0 sy,  0.0 ni,100.0 id,  0.0 wa,  0.0 hi,  0.0 si,  0.0 st
MiB Mem :   7936.0 total,   6505.7 free,    899.7 used,    530.7 buff/cache
MiB Swap:   1024.0 total,   1024.0 free,      0.0 used.   6880.7 avail Mem 

  PID USER      PR  NI    VIRT    RES    SHR S  %CPU  %MEM     TIME+ COMMAND
    7 agent-a+  20   0    2600   1608   1396 S   0.0   0.0   0:00.05 agent-app+
--- ps -L PID=7 ---
  PID   TID STAT %CPU %MEM WCHAN                            COMMAND
    7     7 S     0.0  0.0 do_wait                          agent-app-linux
--- ps process PID=8 ---
  PID  PPID     ELAPSED %CPU %MEM   RSS    VSZ STAT CMD
    8     7       00:58  0.7  6.1 503468 657228 SNl /opt/agent/agent-app-linux-arm64
--- top -H PID=8 ---
top - 01:02:16 up 9 min,  0 users,  load average: 0.06, 0.08, 0.06
Threads:   3 total,   0 running,   3 sleeping,   0 stopped,   0 zombie
%Cpu(s):  0.0 us,  0.0 sy,  0.0 ni,100.0 id,  0.0 wa,  0.0 hi,  0.0 si,  0.0 st
MiB Mem :   7936.0 total,   6495.7 free,    909.6 used,    530.7 buff/cache
MiB Swap:   1024.0 total,   1024.0 free,      0.0 used.   6870.8 avail Mem 

  PID USER      PR  NI    VIRT    RES    SHR S  %CPU  %MEM     TIME+ COMMAND
    8 agent-a+  30  10  657228 503468   8508 S   0.0   6.2   0:00.05 agent-app+
   91 agent-a+  30  10  657228 503468   8508 S   0.0   6.2   0:00.17 agent-app+
   92 agent-a+  30  10  657228 503468   8508 S   0.0   6.2   0:00.17 agent-app+
--- ps -L PID=8 ---
  PID   TID STAT %CPU %MEM WCHAN                            COMMAND
    8     8 SNl   0.0  6.1 futex_wait_queue                 agent-app-linux
    8    91 SNl   0.3  6.1 do_select                        agent-app-linux
    8    92 SNl   0.3  6.1 do_select                        agent-app-linux
--- docker stats ---
NAME=codyssey-agent-deadlock-after-20260921-100115-78272 CPU=0.05% MEM=485.9MiB / 1GiB MEM_PERC=47.45% PIDS=5

=== t+45s ===
2026-09-21T10:02:22+0900
--- identity ---
uid=10001(agent-admin) gid=10001(agent-admin) groups=10001(agent-admin)
--- monitor.sh ---
[2026-09-21 01:02:22] PROCESS:agent-app-linux-arm64 PID:7 PPID:1 ETIME:01:04 CPU:0.0% MEM:0.0% RSS:1.6MB RSS_KB:1608 VSZ_KB:2600 STAT:S PORT:15034
[2026-09-21 01:02:22] PROCESS:agent-app-linux-arm64 PID:8 PPID:7 ETIME:01:04 CPU:0.7% MEM:0.2% RSS:16.6MB RSS_KB:16992 VSZ_KB:170752 STAT:SNl PORT:15034
--- ps -ef ---
UID        PID  PPID  C STIME TTY          TIME CMD
agent-a+     1     0  0 01:01 ?        00:00:00 /sbin/docker-init -- /opt/agent/agent-app-linux-arm64
agent-a+     7     1  0 01:01 ?        00:00:00 /opt/agent/agent-app-linux-arm64
agent-a+     8     7  0 01:01 ?        00:00:00 /opt/agent/agent-app-linux-arm64
agent-a+   721     0  0 01:02 ?        00:00:00 ps -ef
--- ps process PID=7 ---
  PID  PPID     ELAPSED %CPU %MEM   RSS    VSZ STAT CMD
    7     1       01:04  0.0  0.0  1608   2600 S    /opt/agent/agent-app-linux-arm64
--- top -H PID=7 ---
top - 01:02:22 up 9 min,  0 users,  load average: 0.05, 0.08, 0.05
Threads:   1 total,   0 running,   1 sleeping,   0 stopped,   0 zombie
%Cpu(s):  0.0 us,  0.0 sy,  0.0 ni,100.0 id,  0.0 wa,  0.0 hi,  0.0 si,  0.0 st
MiB Mem :   7936.0 total,   6971.2 free,    434.1 used,    530.7 buff/cache
MiB Swap:   1024.0 total,   1024.0 free,      0.0 used.   7346.3 avail Mem 

  PID USER      PR  NI    VIRT    RES    SHR S  %CPU  %MEM     TIME+ COMMAND
    7 agent-a+  20   0    2600   1608   1396 S   0.0   0.0   0:00.05 agent-app+
--- ps -L PID=7 ---
  PID   TID STAT %CPU %MEM WCHAN                            COMMAND
    7     7 S     0.0  0.0 do_wait                          agent-app-linux
--- ps process PID=8 ---
  PID  PPID     ELAPSED %CPU %MEM   RSS    VSZ STAT CMD
    8     7       01:05  0.7  0.2 16992 170752 SNl  /opt/agent/agent-app-linux-arm64
--- top -H PID=8 ---
top - 01:02:23 up 9 min,  0 users,  load average: 0.05, 0.08, 0.05
Threads:   3 total,   0 running,   3 sleeping,   0 stopped,   0 zombie
%Cpu(s):  0.0 us,  0.0 sy,  0.0 ni,100.0 id,  0.0 wa,  0.0 hi,  0.0 si,  0.0 st
MiB Mem :   7936.0 total,   6984.0 free,    421.3 used,    530.7 buff/cache
MiB Swap:   1024.0 total,   1024.0 free,      0.0 used.   7359.1 avail Mem 

  PID USER      PR  NI    VIRT    RES    SHR S  %CPU  %MEM     TIME+ COMMAND
    8 agent-a+  30  10  170752  16992   8508 S   0.0   0.2   0:00.05 agent-app+
   91 agent-a+  30  10  170752  16992   8508 S   0.0   0.2   0:00.20 agent-app+
   92 agent-a+  30  10  170752  16992   8508 S   0.0   0.2   0:00.19 agent-app+
--- ps -L PID=8 ---
  PID   TID STAT %CPU %MEM WCHAN                            COMMAND
    8     8 SNl   0.0  0.2 futex_wait_queue                 agent-app-linux
    8    91 SNl   0.3  0.2 do_select                        agent-app-linux
    8    92 SNl   0.3  0.2 do_select                        agent-app-linux
--- docker stats ---
NAME=codyssey-agent-deadlock-after-20260921-100115-78272 CPU=1.16% MEM=9.922MiB / 1GiB MEM_PERC=0.97% PIDS=5

=== t+50s ===
2026-09-21T10:02:29+0900
--- identity ---
uid=10001(agent-admin) gid=10001(agent-admin) groups=10001(agent-admin)
--- monitor.sh ---
[2026-09-21 01:02:29] PROCESS:agent-app-linux-arm64 PID:7 PPID:1 ETIME:01:11 CPU:0.0% MEM:0.0% RSS:1.6MB RSS_KB:1608 VSZ_KB:2600 STAT:S PORT:15034
[2026-09-21 01:02:29] PROCESS:agent-app-linux-arm64 PID:8 PPID:7 ETIME:01:11 CPU:0.7% MEM:0.5% RSS:41.6MB RSS_KB:42592 VSZ_KB:170752 STAT:SNl PORT:15034
--- ps -ef ---
UID        PID  PPID  C STIME TTY          TIME CMD
agent-a+     1     0  0 01:01 ?        00:00:00 /sbin/docker-init -- /opt/agent/agent-app-linux-arm64
agent-a+     7     1  0 01:01 ?        00:00:00 /opt/agent/agent-app-linux-arm64
agent-a+     8     7  0 01:01 ?        00:00:00 /opt/agent/agent-app-linux-arm64
agent-a+   797     0  0 01:02 ?        00:00:00 ps -ef
--- ps process PID=7 ---
  PID  PPID     ELAPSED %CPU %MEM   RSS    VSZ STAT CMD
    7     1       01:11  0.0  0.0  1608   2600 S    /opt/agent/agent-app-linux-arm64
--- top -H PID=7 ---
top - 01:02:30 up 10 min,  0 users,  load average: 0.04, 0.08, 0.05
Threads:   1 total,   0 running,   1 sleeping,   0 stopped,   0 zombie
%Cpu(s):  0.0 us,  0.0 sy,  0.0 ni,100.0 id,  0.0 wa,  0.0 hi,  0.0 si,  0.0 st
MiB Mem :   7936.0 total,   6932.5 free,    472.7 used,    530.7 buff/cache
MiB Swap:   1024.0 total,   1024.0 free,      0.0 used.   7307.6 avail Mem 

  PID USER      PR  NI    VIRT    RES    SHR S  %CPU  %MEM     TIME+ COMMAND
    7 agent-a+  20   0    2600   1608   1396 S   0.0   0.0   0:00.05 agent-app+
--- ps -L PID=7 ---
  PID   TID STAT %CPU %MEM WCHAN                            COMMAND
    7     7 S     0.0  0.0 do_wait                          agent-app-linux
--- ps process PID=8 ---
  PID  PPID     ELAPSED %CPU %MEM   RSS    VSZ STAT CMD
    8     7       01:12  0.6  0.8 68192 170752 SNl  /opt/agent/agent-app-linux-arm64
--- top -H PID=8 ---
top - 01:02:30 up 10 min,  0 users,  load average: 0.04, 0.08, 0.05
Threads:   3 total,   0 running,   3 sleeping,   0 stopped,   0 zombie
%Cpu(s):  0.0 us,  0.0 sy,  0.0 ni,100.0 id,  0.0 wa,  0.0 hi,  0.0 si,  0.0 st
MiB Mem :   7936.0 total,   6924.2 free,    481.1 used,    530.7 buff/cache
MiB Swap:   1024.0 total,   1024.0 free,      0.0 used.   7299.3 avail Mem 

  PID USER      PR  NI    VIRT    RES    SHR S  %CPU  %MEM     TIME+ COMMAND
    8 agent-a+  30  10  170752  68192   8508 S   0.0   0.8   0:00.05 agent-app+
   91 agent-a+  30  10  170752  68192   8508 S   0.0   0.8   0:00.22 agent-app+
   92 agent-a+  30  10  170752  68192   8508 S   0.0   0.8   0:00.22 agent-app+
--- ps -L PID=8 ---
  PID   TID STAT %CPU %MEM WCHAN                            COMMAND
    8     8 SNl   0.0  0.8 futex_wait_queue                 agent-app-linux
    8    91 SNl   0.3  0.8 do_select                        agent-app-linux
    8    92 SNl   0.3  0.8 do_select                        agent-app-linux
--- docker stats ---
NAME=codyssey-agent-deadlock-after-20260921-100115-78272 CPU=0.01% MEM=60.04MiB / 1GiB MEM_PERC=5.86% PIDS=5

=== t+55s ===
2026-09-21T10:02:36+0900
--- identity ---
uid=10001(agent-admin) gid=10001(agent-admin) groups=10001(agent-admin)
--- monitor.sh ---
[2026-09-21 01:02:36] PROCESS:agent-app-linux-arm64 PID:7 PPID:1 ETIME:01:18 CPU:0.0% MEM:0.0% RSS:1.6MB RSS_KB:1608 VSZ_KB:2600 STAT:S PORT:15034
[2026-09-21 01:02:36] PROCESS:agent-app-linux-arm64 PID:8 PPID:7 ETIME:01:18 CPU:0.6% MEM:1.4% RSS:116.6MB RSS_KB:119396 VSZ_KB:236288 STAT:SNl PORT:15034
--- ps -ef ---
UID        PID  PPID  C STIME TTY          TIME CMD
agent-a+     1     0  0 01:01 ?        00:00:00 /sbin/docker-init -- /opt/agent/agent-app-linux-arm64
agent-a+     7     1  0 01:01 ?        00:00:00 /opt/agent/agent-app-linux-arm64
agent-a+     8     7  0 01:01 ?        00:00:00 /opt/agent/agent-app-linux-arm64
agent-a+   872     0  0 01:02 ?        00:00:00 ps -ef
--- ps process PID=7 ---
  PID  PPID     ELAPSED %CPU %MEM   RSS    VSZ STAT CMD
    7     1       01:18  0.0  0.0  1608   2600 S    /opt/agent/agent-app-linux-arm64
--- top -H PID=7 ---
top - 01:02:37 up 10 min,  0 users,  load average: 0.04, 0.08, 0.05
Threads:   1 total,   0 running,   1 sleeping,   0 stopped,   0 zombie
%Cpu(s):  0.0 us,  0.0 sy,  0.0 ni,100.0 id,  0.0 wa,  0.0 hi,  0.0 si,  0.0 st
MiB Mem :   7936.0 total,   6886.5 free,    518.7 used,    530.7 buff/cache
MiB Swap:   1024.0 total,   1024.0 free,      0.0 used.   7261.6 avail Mem 

  PID USER      PR  NI    VIRT    RES    SHR S  %CPU  %MEM     TIME+ COMMAND
    7 agent-a+  20   0    2600   1608   1396 S   0.0   0.0   0:00.05 agent-app+
--- ps -L PID=7 ---
  PID   TID STAT %CPU %MEM WCHAN                            COMMAND
    7     7 S     0.0  0.0 do_wait                          agent-app-linux
--- ps process PID=8 ---
  PID  PPID     ELAPSED %CPU %MEM   RSS    VSZ STAT CMD
    8     7       01:19  0.6  1.4 119396 236288 SNl /opt/agent/agent-app-linux-arm64
--- top -H PID=8 ---
top - 01:02:37 up 10 min,  0 users,  load average: 0.04, 0.08, 0.05
Threads:   3 total,   0 running,   3 sleeping,   0 stopped,   0 zombie
%Cpu(s):  0.0 us,  0.0 sy,  0.0 ni,100.0 id,  0.0 wa,  0.0 hi,  0.0 si,  0.0 st
MiB Mem :   7936.0 total,   6884.6 free,    520.7 used,    530.8 buff/cache
MiB Swap:   1024.0 total,   1024.0 free,      0.0 used.   7259.6 avail Mem 

  PID USER      PR  NI    VIRT    RES    SHR S  %CPU  %MEM     TIME+ COMMAND
    8 agent-a+  30  10  236288 119396   8508 S   0.0   1.5   0:00.05 agent-app+
   91 agent-a+  30  10  236288 119396   8508 S   0.0   1.5   0:00.23 agent-app+
   92 agent-a+  30  10  236288 119396   8508 S   0.0   1.5   0:00.24 agent-app+
--- ps -L PID=8 ---
  PID   TID STAT %CPU %MEM WCHAN                            COMMAND
    8     8 SNl   0.0  1.4 futex_wait_queue                 agent-app-linux
    8    91 SNl   0.3  1.4 do_select                        agent-app-linux
    8    92 SNl   0.3  1.4 do_select                        agent-app-linux
--- docker stats ---
NAME=codyssey-agent-deadlock-after-20260921-100115-78272 CPU=0.55% MEM=110.4MiB / 1GiB MEM_PERC=10.78% PIDS=5

=== t+60s ===
2026-09-21T10:02:43+0900
--- identity ---
uid=10001(agent-admin) gid=10001(agent-admin) groups=10001(agent-admin)
--- monitor.sh ---
[2026-09-21 01:02:43] PROCESS:agent-app-linux-arm64 PID:7 PPID:1 ETIME:01:25 CPU:0.0% MEM:0.0% RSS:1.6MB RSS_KB:1608 VSZ_KB:2600 STAT:S PORT:15034
[2026-09-21 01:02:43] PROCESS:agent-app-linux-arm64 PID:8 PPID:7 ETIME:01:25 CPU:0.6% MEM:2.0% RSS:166.6MB RSS_KB:170600 VSZ_KB:301824 STAT:SNl PORT:15034
--- ps -ef ---
UID        PID  PPID  C STIME TTY          TIME CMD
agent-a+     1     0  0 01:01 ?        00:00:00 /sbin/docker-init -- /opt/agent/agent-app-linux-arm64
agent-a+     7     1  0 01:01 ?        00:00:00 /opt/agent/agent-app-linux-arm64
agent-a+     8     7  0 01:01 ?        00:00:00 /opt/agent/agent-app-linux-arm64
agent-a+   947     0  0 01:02 ?        00:00:00 ps -ef
--- ps process PID=7 ---
  PID  PPID     ELAPSED %CPU %MEM   RSS    VSZ STAT CMD
    7     1       01:25  0.0  0.0  1608   2600 S    /opt/agent/agent-app-linux-arm64
--- top -H PID=7 ---
top - 01:02:44 up 10 min,  0 users,  load average: 0.04, 0.07, 0.05
Threads:   1 total,   0 running,   1 sleeping,   0 stopped,   0 zombie
%Cpu(s):  0.0 us,  0.0 sy,  0.0 ni,100.0 id,  0.0 wa,  0.0 hi,  0.0 si,  0.0 st
MiB Mem :   7936.0 total,   6816.8 free,    588.5 used,    530.8 buff/cache
MiB Swap:   1024.0 total,   1024.0 free,      0.0 used.   7191.9 avail Mem 

  PID USER      PR  NI    VIRT    RES    SHR S  %CPU  %MEM     TIME+ COMMAND
    7 agent-a+  20   0    2600   1608   1396 S   0.0   0.0   0:00.05 agent-app+
--- ps -L PID=7 ---
  PID   TID STAT %CPU %MEM WCHAN                            COMMAND
    7     7 S     0.0  0.0 do_wait                          agent-app-linux
--- ps process PID=8 ---
  PID  PPID     ELAPSED %CPU %MEM   RSS    VSZ STAT CMD
    8     7       01:26  0.6  2.0 170600 301824 SNl /opt/agent/agent-app-linux-arm64
--- top -H PID=8 ---
top - 01:02:44 up 10 min,  0 users,  load average: 0.11, 0.09, 0.06
Threads:   3 total,   0 running,   3 sleeping,   0 stopped,   0 zombie
%Cpu(s):  0.0 us,  0.0 sy,  0.0 ni,100.0 id,  0.0 wa,  0.0 hi,  0.0 si,  0.0 st
MiB Mem :   7936.0 total,   6828.9 free,    576.4 used,    530.8 buff/cache
MiB Swap:   1024.0 total,   1024.0 free,      0.0 used.   7204.0 avail Mem 

  PID USER      PR  NI    VIRT    RES    SHR S  %CPU  %MEM     TIME+ COMMAND
    8 agent-a+  30  10  301824 170600   8508 S   0.0   2.1   0:00.05 agent-app+
   91 agent-a+  30  10  301824 170600   8508 S   0.0   2.1   0:00.25 agent-app+
   92 agent-a+  30  10  301824 170600   8508 S   0.0   2.1   0:00.26 agent-app+
--- ps -L PID=8 ---
  PID   TID STAT %CPU %MEM WCHAN                            COMMAND
    8     8 SNl   0.0  2.0 futex_wait_queue                 agent-app-linux
    8    91 SNl   0.3  2.0 do_select                        agent-app-linux
    8    92 SNl   0.3  2.0 do_select                        agent-app-linux
--- docker stats ---
NAME=codyssey-agent-deadlock-after-20260921-100115-78272 CPU=0.80% MEM=185.6MiB / 1GiB MEM_PERC=18.13% PIDS=5

=== final-before-stop-t+65s ===
2026-09-21T10:02:50+0900
--- identity ---
uid=10001(agent-admin) gid=10001(agent-admin) groups=10001(agent-admin)
--- monitor.sh ---
[2026-09-21 01:02:50] PROCESS:agent-app-linux-arm64 PID:7 PPID:1 ETIME:01:32 CPU:0.0% MEM:0.0% RSS:1.6MB RSS_KB:1608 VSZ_KB:2600 STAT:S PORT:15034
[2026-09-21 01:02:50] PROCESS:agent-app-linux-arm64 PID:8 PPID:7 ETIME:01:32 CPU:0.6% MEM:2.7% RSS:216.6MB RSS_KB:221804 VSZ_KB:367360 STAT:SNl PORT:15034
--- ps -ef ---
UID        PID  PPID  C STIME TTY          TIME CMD
agent-a+     1     0  0 01:01 ?        00:00:00 /sbin/docker-init -- /opt/agent/agent-app-linux-arm64
agent-a+     7     1  0 01:01 ?        00:00:00 /opt/agent/agent-app-linux-arm64
agent-a+     8     7  0 01:01 ?        00:00:00 /opt/agent/agent-app-linux-arm64
agent-a+  1022     0  0 01:02 ?        00:00:00 ps -ef
--- ps process PID=7 ---
  PID  PPID     ELAPSED %CPU %MEM   RSS    VSZ STAT CMD
    7     1       01:32  0.0  0.0  1608   2600 S    /opt/agent/agent-app-linux-arm64
--- top -H PID=7 ---
top - 01:02:51 up 10 min,  0 users,  load average: 0.10, 0.09, 0.06
Threads:   1 total,   0 running,   1 sleeping,   0 stopped,   0 zombie
%Cpu(s):  0.0 us,  0.0 sy,  0.0 ni,100.0 id,  0.0 wa,  0.0 hi,  0.0 si,  0.0 st
MiB Mem :   7936.0 total,   6753.6 free,    651.7 used,    530.8 buff/cache
MiB Swap:   1024.0 total,   1024.0 free,      0.0 used.   7128.7 avail Mem 

  PID USER      PR  NI    VIRT    RES    SHR S  %CPU  %MEM     TIME+ COMMAND
    7 agent-a+  20   0    2600   1608   1396 S   0.0   0.0   0:00.05 agent-app+
--- ps -L PID=7 ---
  PID   TID STAT %CPU %MEM WCHAN                            COMMAND
    7     7 S     0.0  0.0 do_wait                          agent-app-linux
--- ps process PID=8 ---
  PID  PPID     ELAPSED %CPU %MEM   RSS    VSZ STAT CMD
    8     7       01:33  0.6  3.0 247408 432896 SNl /opt/agent/agent-app-linux-arm64
--- top -H PID=8 ---
top - 01:02:51 up 10 min,  0 users,  load average: 0.10, 0.09, 0.06
Threads:   3 total,   0 running,   3 sleeping,   0 stopped,   0 zombie
%Cpu(s):  0.0 us,  0.0 sy,  0.0 ni,100.0 id,  0.0 wa,  0.0 hi,  0.0 si,  0.0 st
MiB Mem :   7936.0 total,   6752.4 free,    652.8 used,    530.8 buff/cache
MiB Swap:   1024.0 total,   1024.0 free,      0.0 used.   7127.5 avail Mem 

  PID USER      PR  NI    VIRT    RES    SHR S  %CPU  %MEM     TIME+ COMMAND
    8 agent-a+  30  10  432896 247408   8508 S   0.0   3.0   0:00.05 agent-app+
   91 agent-a+  30  10  432896 247408   8508 S   0.0   3.0   0:00.27 agent-app+
   92 agent-a+  30  10  432896 247408   8508 S   0.0   3.0   0:00.28 agent-app+
--- ps -L PID=8 ---
  PID   TID STAT %CPU %MEM WCHAN                            COMMAND
    8     8 SNl   0.0  3.0 futex_wait_queue                 agent-app-linux
    8    91 SNl   0.3  3.0 do_select                        agent-app-linux
    8    92 SNl   0.3  3.0 do_select                        agent-app-linux
--- docker stats ---
NAME=codyssey-agent-deadlock-after-20260921-100115-78272 CPU=1.18% MEM=235.5MiB / 1GiB MEM_PERC=23.00% PIDS=5
