
=== initial ===
2026-09-21T10:07:43+0900
--- identity ---
uid=10001(agent-admin) gid=10001(agent-admin) groups=10001(agent-admin)
--- monitor.sh ---
[2026-09-21 01:07:43] PROCESS:agent-app-linux-arm64 PID:7 PPID:1 ETIME:00:01 CPU:5.0% MEM:0.0% RSS:1.6MB RSS_KB:1592 VSZ_KB:2600 STAT:S PORT:15034
[2026-09-21 01:07:43] PROCESS:agent-app-linux-arm64 PID:8 PPID:7 ETIME:00:01 CPU:3.0% MEM:0.2% RSS:16.4MB RSS_KB:16780 VSZ_KB:22144 STAT:SN PORT:15034
--- ps -ef ---
UID        PID  PPID  C STIME TTY          TIME CMD
agent-a+     1     0  0 01:07 ?        00:00:00 /sbin/docker-init -- /opt/agent/agent-app-linux-arm64
agent-a+     7     1  5 01:07 ?        00:00:00 /opt/agent/agent-app-linux-arm64
agent-a+     8     7  3 01:07 ?        00:00:00 /opt/agent/agent-app-linux-arm64
agent-a+    41     0  0 01:07 ?        00:00:00 ps -ef
--- ps process PID=7 ---
  PID  PPID     ELAPSED %CPU %MEM   RSS    VSZ STAT CMD
    7     1       00:01  5.0  0.0  1592   2600 S    /opt/agent/agent-app-linux-arm64
--- top -H PID=7 ---
top - 01:07:43 up 15 min,  0 users,  load average: 0.00, 0.03, 0.03
Threads:   1 total,   0 running,   1 sleeping,   0 stopped,   0 zombie
%Cpu(s):  0.0 us,  0.0 sy,  0.0 ni,100.0 id,  0.0 wa,  0.0 hi,  0.0 si,  0.0 st
MiB Mem :   7936.0 total,   6961.9 free,    443.4 used,    530.8 buff/cache
MiB Swap:   1024.0 total,   1024.0 free,      0.0 used.   7336.9 avail Mem 

  PID USER      PR  NI    VIRT    RES    SHR S  %CPU  %MEM     TIME+ COMMAND
    7 agent-a+  20   0    2600   1592   1380 S   0.0   0.0   0:00.05 agent-app+
--- ps -L PID=7 ---
  PID   TID STAT %CPU %MEM WCHAN                            COMMAND
    7     7 S     5.0  0.0 do_wait                          agent-app-linux
--- ps process PID=8 ---
  PID  PPID     ELAPSED %CPU %MEM   RSS    VSZ STAT CMD
    8     7       00:01  3.0  0.2 16780  22144 SN   /opt/agent/agent-app-linux-arm64
--- top -H PID=8 ---
top - 01:07:43 up 15 min,  0 users,  load average: 0.00, 0.03, 0.03
Threads:   1 total,   0 running,   1 sleeping,   0 stopped,   0 zombie
%Cpu(s):  0.6 us,  0.0 sy,  0.0 ni, 99.4 id,  0.0 wa,  0.0 hi,  0.0 si,  0.0 st
MiB Mem :   7936.0 total,   6969.0 free,    436.2 used,    530.8 buff/cache
MiB Swap:   1024.0 total,   1024.0 free,      0.0 used.   7344.2 avail Mem 

  PID USER      PR  NI    VIRT    RES    SHR S  %CPU  %MEM     TIME+ COMMAND
    8 agent-a+  30  10   22144  16780   8508 S   0.0   0.2   0:00.03 agent-app+
--- ps -L PID=8 ---
  PID   TID STAT %CPU %MEM WCHAN                            COMMAND
    8     8 SN    3.0  0.2 do_select                        agent-app-linux
--- docker stats ---
NAME=codyssey-agent-oom-before-20260921-100740-79393 CPU=0.48% MEM=34.92MiB / 1GiB MEM_PERC=3.41% PIDS=3

=== t+5s ===
2026-09-21T10:07:50+0900
--- identity ---
uid=10001(agent-admin) gid=10001(agent-admin) groups=10001(agent-admin)
--- monitor.sh ---
[2026-09-21 01:07:50] PROCESS:agent-app-linux-arm64 PID:7 PPID:1 ETIME:00:08 CPU:0.6% MEM:0.0% RSS:1.6MB RSS_KB:1592 VSZ_KB:2600 STAT:S PORT:15034
[2026-09-21 01:07:50] PROCESS:agent-app-linux-arm64 PID:8 PPID:7 ETIME:00:08 CPU:0.5% MEM:0.8% RSS:66.4MB RSS_KB:67988 VSZ_KB:73352 STAT:SN PORT:15034
--- ps -ef ---
UID        PID  PPID  C STIME TTY          TIME CMD
agent-a+     1     0  0 01:07 ?        00:00:00 /sbin/docker-init -- /opt/agent/agent-app-linux-arm64
agent-a+     7     1  0 01:07 ?        00:00:00 /opt/agent/agent-app-linux-arm64
agent-a+     8     7  0 01:07 ?        00:00:00 /opt/agent/agent-app-linux-arm64
agent-a+   116     0  0 01:07 ?        00:00:00 ps -ef
--- ps process PID=7 ---
  PID  PPID     ELAPSED %CPU %MEM   RSS    VSZ STAT CMD
    7     1       00:08  0.6  0.0  1592   2600 S    /opt/agent/agent-app-linux-arm64
--- top -H PID=7 ---
top - 01:07:50 up 15 min,  0 users,  load average: 0.00, 0.02, 0.03
Threads:   1 total,   0 running,   1 sleeping,   0 stopped,   0 zombie
%Cpu(s):  0.0 us,  0.0 sy,  0.0 ni,100.0 id,  0.0 wa,  0.0 hi,  0.0 si,  0.0 st
MiB Mem :   7936.0 total,   6926.5 free,    478.7 used,    530.8 buff/cache
MiB Swap:   1024.0 total,   1024.0 free,      0.0 used.   7301.7 avail Mem 

  PID USER      PR  NI    VIRT    RES    SHR S  %CPU  %MEM     TIME+ COMMAND
    7 agent-a+  20   0    2600   1592   1380 S   0.0   0.0   0:00.05 agent-app+
--- ps -L PID=7 ---
  PID   TID STAT %CPU %MEM WCHAN                            COMMAND
    7     7 S     0.6  0.0 do_wait                          agent-app-linux
--- ps process PID=8 ---
  PID  PPID     ELAPSED %CPU %MEM   RSS    VSZ STAT CMD
    8     7       00:08  0.5  0.8 67988  73352 SN   /opt/agent/agent-app-linux-arm64
--- top -H PID=8 ---
top - 01:07:51 up 15 min,  0 users,  load average: 0.00, 0.02, 0.03
Threads:   1 total,   0 running,   1 sleeping,   0 stopped,   0 zombie
%Cpu(s):  0.6 us,  0.0 sy,  0.0 ni, 99.4 id,  0.0 wa,  0.0 hi,  0.0 si,  0.0 st
MiB Mem :   7936.0 total,   6925.6 free,    479.7 used,    530.8 buff/cache
MiB Swap:   1024.0 total,   1024.0 free,      0.0 used.   7300.8 avail Mem 

  PID USER      PR  NI    VIRT    RES    SHR S  %CPU  %MEM     TIME+ COMMAND
    8 agent-a+  30  10   73352  67988   8508 S   0.0   0.8   0:00.04 agent-app+
--- ps -L PID=8 ---
  PID   TID STAT %CPU %MEM WCHAN                            COMMAND
    8     8 SN    0.4  1.1 do_select                        agent-app-linux
--- docker stats ---
NAME=codyssey-agent-oom-before-20260921-100740-79393 CPU=0.01% MEM=85.5MiB / 1GiB MEM_PERC=8.35% PIDS=3

=== t+10s ===
2026-09-21T10:07:57+0900
--- identity ---
uid=10001(agent-admin) gid=10001(agent-admin) groups=10001(agent-admin)
--- monitor.sh ---
[2026-09-21 01:07:57] PROCESS:agent-app-linux-arm64 PID:7 PPID:1 ETIME:00:15 CPU:0.3% MEM:0.0% RSS:1.6MB RSS_KB:1592 VSZ_KB:2600 STAT:S PORT:15034
[2026-09-21 01:07:57] PROCESS:agent-app-linux-arm64 PID:8 PPID:7 ETIME:00:15 CPU:0.4% MEM:1.7% RSS:141.4MB RSS_KB:144800 VSZ_KB:150164 STAT:SN PORT:15034
--- ps -ef ---
UID        PID  PPID  C STIME TTY          TIME CMD
agent-a+     1     0  0 01:07 ?        00:00:00 /sbin/docker-init -- /opt/agent/agent-app-linux-arm64
agent-a+     7     1  0 01:07 ?        00:00:00 /opt/agent/agent-app-linux-arm64
agent-a+     8     7  0 01:07 ?        00:00:00 /opt/agent/agent-app-linux-arm64
agent-a+   191     0  0 01:07 ?        00:00:00 ps -ef
--- ps process PID=7 ---
  PID  PPID     ELAPSED %CPU %MEM   RSS    VSZ STAT CMD
    7     1       00:15  0.3  0.0  1592   2600 S    /opt/agent/agent-app-linux-arm64
--- top -H PID=7 ---
top - 01:07:57 up 15 min,  0 users,  load average: 0.00, 0.02, 0.03
Threads:   1 total,   0 running,   1 sleeping,   0 stopped,   0 zombie
%Cpu(s):  0.0 us,  0.0 sy,  0.0 ni,100.0 id,  0.0 wa,  0.0 hi,  0.0 si,  0.0 st
MiB Mem :   7936.0 total,   6836.1 free,    568.2 used,    531.7 buff/cache
MiB Swap:   1024.0 total,   1024.0 free,      0.0 used.   7212.1 avail Mem 

  PID USER      PR  NI    VIRT    RES    SHR S  %CPU  %MEM     TIME+ COMMAND
    7 agent-a+  20   0    2600   1592   1380 S   0.0   0.0   0:00.05 agent-app+
--- ps -L PID=7 ---
  PID   TID STAT %CPU %MEM WCHAN                            COMMAND
    7     7 S     0.3  0.0 do_wait                          agent-app-linux
--- ps process PID=8 ---
  PID  PPID     ELAPSED %CPU %MEM   RSS    VSZ STAT CMD
    8     7       00:15  0.4  1.7 144800 150164 SN  /opt/agent/agent-app-linux-arm64
--- top -H PID=8 ---
top - 01:07:58 up 15 min,  0 users,  load average: 0.00, 0.02, 0.03
Threads:   1 total,   0 running,   1 sleeping,   0 stopped,   0 zombie
%Cpu(s):  0.0 us,  0.0 sy,  0.0 ni,100.0 id,  0.0 wa,  0.0 hi,  0.0 si,  0.0 st
MiB Mem :   7936.0 total,   6842.2 free,    562.1 used,    531.7 buff/cache
MiB Swap:   1024.0 total,   1024.0 free,      0.0 used.   7218.2 avail Mem 

  PID USER      PR  NI    VIRT    RES    SHR S  %CPU  %MEM     TIME+ COMMAND
    8 agent-a+  30  10  150164 144800   8508 S   0.0   1.8   0:00.06 agent-app+
--- ps -L PID=8 ---
  PID   TID STAT %CPU %MEM WCHAN                            COMMAND
    8     8 SN    0.3  1.7 do_select                        agent-app-linux
--- docker stats ---
NAME=codyssey-agent-oom-before-20260921-100740-79393 CPU=0.01% MEM=135.4MiB / 1GiB MEM_PERC=13.22% PIDS=3

=== final-after-process-exit ===
2026-09-21T10:08:04+0900
--- identity ---
Error response from daemon: container 25af87908feb9844873ce04dd248b91341e72ea740b2938266ea7ec55f769f98 is not running
--- monitor.sh ---
Error response from daemon: container 25af87908feb9844873ce04dd248b91341e72ea740b2938266ea7ec55f769f98 is not running
--- ps -ef ---
Error response from daemon: container 25af87908feb9844873ce04dd248b91341e72ea740b2938266ea7ec55f769f98 is not running
--- docker stats ---
NAME=codyssey-agent-oom-before-20260921-100740-79393 CPU=0.00% MEM=0B / 0B MEM_PERC=0.00% PIDS=0
