2026-09-15T05:01:07.670410880Z >>> Starting Agent Boot Sequence...
2026-09-15T05:01:07.670436047Z [1/6] Checking User Account               [OK]
2026-09-15T05:01:07.670437630Z    ... Running as service user 'agent-admin' (uid=10001)
2026-09-15T05:01:07.670438547Z [2/6] Verifying Environment Variables     [OK]
2026-09-15T05:01:07.670439339Z    ... All required Envs correct
2026-09-15T05:01:07.670440130Z [3/6] Checking Required Files             [OK]
2026-09-15T05:01:07.670440922Z    ... Verified 'secret.key' with correct key string.
2026-09-15T05:01:07.670441714Z [4/6] Checking Port Availability          [OK]
2026-09-15T05:01:07.670442464Z    ... Port 15034 is available.
2026-09-15T05:01:07.670443214Z [5/6] Verifying Log Permission            [OK]
2026-09-15T05:01:07.670443964Z    ... Log directory is writable: /var/log/agent-app
2026-09-15T05:01:07.670444755Z [6/6] Verifying Mission Environment       [OK]
2026-09-15T05:01:07.670445547Z    ... MEMORY_LIMIT=512MB, CPU_MAX_OCCUPY=10%, MULTI_THREAD_ENABLE=False
2026-09-15T05:01:07.670446380Z ------------------------------------------------------------
2026-09-15T05:01:07.670447214Z All Boot Checks Passed!
2026-09-15T05:01:07.670447922Z Agent READY
2026-09-15T05:01:07.670448672Z 2026-09-15 05:01:07,670 [INFO] [SafetyGuard] Process priority lowered (nice=10).
2026-09-15T05:01:07.670449630Z 2026-09-15 05:01:07,670 [INFO] Agent listening at port 15034
2026-09-15T05:01:09.671309423Z 
2026-09-15T05:01:09.671333090Z ==================================================
2026-09-15T05:01:09.671334798Z  [ Agent Initiate ] Resource Check 
2026-09-15T05:01:09.671335798Z ==================================================
2026-09-15T05:01:09.671336798Z  [ MEMORY ] Limit: 512MB 		[ OK ]
2026-09-15T05:01:09.671337840Z  [ CPU    ] Limit: 10%  		[ OK ]
2026-09-15T05:01:09.671338923Z  [ THREAD ] Concurrency: False 		[ OK ]
2026-09-15T05:01:09.671339840Z --------------------------------------------------
2026-09-15T05:01:09.671343631Z  >>> SYSTEM STATUS: STABLE. STARTING WORKLOAD MONITORING...
2026-09-15T05:01:09.671344798Z ==================================================
2026-09-15T05:01:09.671345673Z 
2026-09-15T05:01:09.671346590Z 2026-09-15 05:01:09,670 [INFO] >>> Scenario Selected: [Healthy System Monitoring]
2026-09-15T05:01:09.671767506Z 
2026-09-15T05:01:09.671782881Z >>> [SYSTEM] ALL CONFIGURATIONS OPTIMAL. RUNNING STABILITY TEST... <<<
2026-09-15T05:01:09.671785798Z 
2026-09-15T05:01:09.671787423Z 2026-09-15 05:01:09,671 [INFO] [Scheduler] Task Scheduler Initialized.
2026-09-15T05:01:09.671789340Z 2026-09-15 05:01:09,671 [INFO] [Scheduler] Registered Tasks: ['Thread-A', 'Thread-B', 'Thread-C']
2026-09-15T05:01:09.671863423Z 2026-09-15 05:01:09,671 [INFO] [Scheduler] Starting task execution...
2026-09-15T05:01:09.671869173Z 2026-09-15 05:01:09,671 [INFO] [Thread-B] Task Started. Calculating... (20%)
2026-09-15T05:01:09.727788173Z 2026-09-15 05:01:09,727 [INFO] [Thread-B] Calculating... (40%)
2026-09-15T05:01:09.784020048Z 2026-09-15 05:01:09,783 [INFO] [Thread-B] Calculating... (60%)
2026-09-15T05:01:09.838662923Z 2026-09-15 05:01:09,838 [INFO] [Thread-B] Calculating... (80%)
2026-09-15T05:01:09.896662798Z 2026-09-15 05:01:09,896 [INFO] [Thread-B] Task Completed. (100%)
2026-09-15T05:01:09.950191840Z 2026-09-15 05:01:09,949 [INFO] [Thread-C] Task Started. Calculating... (20%)
2026-09-15T05:01:10.004443548Z 2026-09-15 05:01:10,003 [INFO] [Thread-C] Calculating... (40%)
2026-09-15T05:01:10.063590548Z 2026-09-15 05:01:10,062 [INFO] [Thread-C] Calculating... (60%)
2026-09-15T05:01:10.117004340Z 2026-09-15 05:01:10,116 [INFO] [Thread-C] Calculating... (80%)
2026-09-15T05:01:10.172272423Z 2026-09-15 05:01:10,171 [INFO] [Thread-C] Task Completed. (100%)
2026-09-15T05:01:10.227466715Z 2026-09-15 05:01:10,226 [INFO] [Thread-A] Task Started. Calculating... (20%)
2026-09-15T05:01:10.282544423Z 2026-09-15 05:01:10,280 [INFO] [Thread-A] Calculating... (40%)
2026-09-15T05:01:10.334349881Z 2026-09-15 05:01:10,334 [INFO] [Thread-A] Calculating... (60%)
2026-09-15T05:01:10.386844298Z 2026-09-15 05:01:10,386 [INFO] [Thread-A] Calculating... (80%)
2026-09-15T05:01:10.442751340Z 2026-09-15 05:01:10,442 [INFO] [Thread-A] Task Completed. (100%)
2026-09-15T05:01:10.510419007Z 2026-09-15 05:01:10,498 [INFO] [Scheduler] All tasks completed.
2026-09-15T05:01:10.511607673Z 2026-09-15 05:01:10,510 [INFO] [MemoryWorker] Current Heap: 25MB
2026-09-15T05:01:10.511717882Z 2026-09-15 05:01:10,511 [INFO] [CpuWorker] Started. Maximum CPU Limit: 10%
2026-09-15T05:01:10.511804173Z 2026-09-15 05:01:10,511 [INFO] [CpuWorker] Current Load: 5.00%
2026-09-15T05:01:13.538024925Z 2026-09-15 05:01:13,537 [INFO] [MemoryWorker] Current Heap: 50MB
2026-09-15T05:01:13.639946508Z 2026-09-15 05:01:13,635 [INFO] [CpuWorker] Current Load: 5.02%
2026-09-15T05:01:15.742399509Z 2026-09-15 05:01:15,742 [INFO] [CpuWorker] Peak reached (10.00%). Starting cooldown...
2026-09-15T05:01:16.558915801Z 2026-09-15 05:01:16,558 [INFO] [MemoryWorker] Current Heap: 75MB
2026-09-15T05:01:16.749757551Z 2026-09-15 05:01:16,749 [INFO] [CpuWorker] Current Load: 10.00%
2026-09-15T05:01:19.582254886Z 2026-09-15 05:01:19,581 [INFO] [MemoryWorker] Current Heap: 100MB
2026-09-15T05:01:19.880029761Z 2026-09-15 05:01:19,879 [INFO] [CpuWorker] Current Load: 8.43%
2026-09-15T05:01:22.601450346Z 2026-09-15 05:01:22,601 [INFO] [MemoryWorker] Current Heap: 125MB
2026-09-15T05:01:23.005057888Z 2026-09-15 05:01:23,004 [INFO] [CpuWorker] Current Load: 7.46%
2026-09-15T05:01:25.129897680Z 2026-09-15 05:01:25,129 [INFO] [CpuWorker] Cooldown complete (5.00%). Resuming load increase...
2026-09-15T05:01:25.626273472Z 2026-09-15 05:01:25,625 [INFO] [MemoryWorker] Current Heap: 150MB
2026-09-15T05:01:26.139012666Z 2026-09-15 05:01:26,138 [INFO] [CpuWorker] Current Load: 5.00%
2026-09-15T05:01:28.254624292Z 2026-09-15 05:01:28,253 [INFO] [CpuWorker] Peak reached (10.00%). Starting cooldown...
2026-09-15T05:01:28.654354751Z 2026-09-15 05:01:28,654 [INFO] [MemoryWorker] Current Heap: 175MB
2026-09-15T05:01:29.264912876Z 2026-09-15 05:01:29,264 [INFO] [CpuWorker] Current Load: 10.00%
2026-09-15T05:01:31.379055044Z 2026-09-15 05:01:31,378 [INFO] [CpuWorker] Cooldown complete (5.00%). Resuming load increase...
2026-09-15T05:01:31.681402294Z 2026-09-15 05:01:31,681 [INFO] [MemoryWorker] Current Heap: 200MB
2026-09-15T05:01:32.389203794Z 2026-09-15 05:01:32,388 [INFO] [CpuWorker] Current Load: 5.00%
2026-09-15T05:01:34.706309629Z 2026-09-15 05:01:34,705 [INFO] [MemoryWorker] Current Heap: 225MB
2026-09-15T05:01:35.521910254Z 2026-09-15 05:01:35,521 [INFO] [CpuWorker] Current Load: 9.17%
2026-09-15T05:01:37.647198464Z 2026-09-15 05:01:37,646 [INFO] [CpuWorker] Peak reached (10.00%). Starting cooldown...
2026-09-15T05:01:37.736303380Z 2026-09-15 05:01:37,735 [INFO] [MemoryWorker] Current Heap: 250MB
2026-09-15T05:01:38.654502089Z 2026-09-15 05:01:38,653 [INFO] [CpuWorker] Current Load: 10.00%
2026-09-15T05:01:40.769726590Z 2026-09-15 05:01:40,769 [INFO] [MemoryWorker] Current Heap: 275MB
2026-09-15T05:01:40.770288215Z 2026-09-15 05:01:40,769 [INFO] [CpuWorker] Cooldown complete (5.00%). Resuming load increase...
2026-09-15T05:01:41.780281049Z 2026-09-15 05:01:41,779 [INFO] [CpuWorker] Current Load: 5.00%
2026-09-15T05:01:43.779083633Z 2026-09-15 05:01:43,778 [INFO] [MemoryWorker] Current Heap: 300MB
2026-09-15T05:01:44.911834009Z 2026-09-15 05:01:44,910 [INFO] [CpuWorker] Current Load: 6.13%
2026-09-15T05:01:46.805303801Z 2026-09-15 05:01:46,804 [INFO] [MemoryWorker] Current Heap: 325MB
2026-09-15T05:01:48.045992552Z 2026-09-15 05:01:48,044 [INFO] [CpuWorker] Current Load: 6.83%
2026-09-15T05:01:49.831556053Z 2026-09-15 05:01:49,831 [INFO] [MemoryWorker] Current Heap: 350MB
2026-09-15T05:01:50.161883095Z 2026-09-15 05:01:50,161 [INFO] [CpuWorker] Peak reached (10.00%). Starting cooldown...
2026-09-15T05:01:51.172601345Z 2026-09-15 05:01:51,171 [INFO] [CpuWorker] Current Load: 10.00%
2026-09-15T05:01:52.855322262Z 2026-09-15 05:01:52,854 [INFO] [MemoryWorker] Current Heap: 375MB
2026-09-15T05:01:53.287448138Z 2026-09-15 05:01:53,286 [INFO] [CpuWorker] Cooldown complete (5.00%). Resuming load increase...
2026-09-15T05:01:54.296598138Z 2026-09-15 05:01:54,295 [INFO] [CpuWorker] Current Load: 5.00%
2026-09-15T05:01:55.881394250Z 2026-09-15 05:01:55,881 [INFO] [MemoryWorker] Current Heap: 400MB
2026-09-15T05:01:56.426017542Z 2026-09-15 05:01:56,415 [INFO] [CpuWorker] Peak reached (10.00%). Starting cooldown...
2026-09-15T05:01:57.432904917Z 2026-09-15 05:01:57,432 [INFO] [CpuWorker] Current Load: 10.00%
2026-09-15T05:01:58.906325043Z 2026-09-15 05:01:58,906 [INFO] [MemoryWorker] Current Heap: 425MB
2026-09-15T05:02:00.561873960Z 2026-09-15 05:02:00,561 [INFO] [CpuWorker] Current Load: 6.04%
2026-09-15T05:02:01.933907127Z 2026-09-15 05:02:01,933 [INFO] [MemoryWorker] Current Heap: 450MB
2026-09-15T05:02:02.682042253Z 2026-09-15 05:02:02,681 [INFO] [CpuWorker] Cooldown complete (5.00%). Resuming load increase...
2026-09-15T05:02:03.693365212Z 2026-09-15 05:02:03,690 [INFO] [CpuWorker] Current Load: 5.00%
2026-09-15T05:02:04.942210171Z 2026-09-15 05:02:04,941 [INFO] [MemoryWorker] Current Heap: 475MB
2026-09-15T05:02:06.834303296Z 2026-09-15 05:02:06,833 [INFO] [CpuWorker] Current Load: 8.40%
2026-09-15T05:02:07.964415464Z 2026-09-15 05:02:07,964 [INFO] [MemoryWorker] Current Heap: 500MB
2026-09-15T05:02:08.949911172Z 2026-09-15 05:02:08,949 [INFO] [CpuWorker] Peak reached (10.00%). Starting cooldown...
2026-09-15T05:02:09.959403965Z 2026-09-15 05:02:09,957 [INFO] [CpuWorker] Current Load: 10.00%
2026-09-15T05:02:10.991306007Z 2026-09-15 05:02:10,990 [INFO] [MemoryWorker] Current Heap: 525MB
2026-09-15T05:02:10.991359257Z 2026-09-15 05:02:10,991 [WARNING] [MemoryWorker] Memory Usage Reached Limit (525MB). Starting cleanup...
2026-09-15T05:02:10.996911882Z 2026-09-15 05:02:10,996 [INFO] [System] Memory Cache Flushed. Process Stabilized.
2026-09-15T05:02:13.070398216Z 
2026-09-15T05:02:13.070421091Z >>> [SYSTEM] MEMORY RECOVERED (Cache Cleared) <<<
2026-09-15T05:02:13.070424008Z 
2026-09-15T05:02:13.070426049Z 2026-09-15 05:02:13,070 [INFO] [CpuWorker] Current Load: 8.04%
2026-09-15T05:02:15.175925800Z 2026-09-15 05:02:15,175 [INFO] [CpuWorker] Cooldown complete (5.00%). Resuming load increase...
2026-09-15T05:02:16.022412218Z 2026-09-15 05:02:16,021 [INFO] [MemoryWorker] Current Heap: 25MB
2026-09-15T05:02:16.188396093Z 2026-09-15 05:02:16,187 [INFO] [CpuWorker] Current Load: 5.00%
2026-09-15T05:02:18.307003802Z 2026-09-15 05:02:18,306 [INFO] [CpuWorker] Peak reached (10.00%). Starting cooldown...
2026-09-15T05:02:19.048547802Z 2026-09-15 05:02:19,047 [INFO] [MemoryWorker] Current Heap: 50MB
2026-09-15T05:02:19.312098927Z 2026-09-15 05:02:19,311 [INFO] [CpuWorker] Current Load: 10.00%
2026-09-15T05:02:21.431744678Z 2026-09-15 05:02:21,430 [INFO] [CpuWorker] Cooldown complete (5.00%). Resuming load increase...
2026-09-15T05:02:22.072254637Z 2026-09-15 05:02:22,071 [INFO] [MemoryWorker] Current Heap: 75MB
2026-09-15T05:02:22.442805679Z 2026-09-15 05:02:22,441 [INFO] [CpuWorker] Current Load: 5.00%
2026-09-15T05:02:24.560441055Z 2026-09-15 05:02:24,559 [INFO] [CpuWorker] Peak reached (10.00%). Starting cooldown...
2026-09-15T05:02:25.097227472Z 2026-09-15 05:02:25,096 [INFO] [MemoryWorker] Current Heap: 100MB
2026-09-15T05:02:25.573251972Z 2026-09-15 05:02:25,570 [INFO] [CpuWorker] Current Load: 10.00%
2026-09-15T05:02:27.685989542Z 2026-09-15 05:02:27,685 [INFO] [CpuWorker] Cooldown complete (5.00%). Resuming load increase...
2026-09-15T05:02:28.121839501Z 2026-09-15 05:02:28,121 [INFO] [MemoryWorker] Current Heap: 125MB
2026-09-15T05:02:28.695971918Z 2026-09-15 05:02:28,695 [INFO] [CpuWorker] Current Load: 5.00%
2026-09-15T05:02:30.817569002Z 2026-09-15 05:02:30,816 [INFO] [CpuWorker] Peak reached (10.00%). Starting cooldown...
2026-09-15T05:02:31.147252127Z 2026-09-15 05:02:31,146 [INFO] [MemoryWorker] Current Heap: 150MB
2026-09-15T05:02:31.829719127Z 2026-09-15 05:02:31,827 [INFO] [CpuWorker] Current Load: 10.00%
2026-09-15T05:02:34.149409795Z 2026-09-15 05:02:34,149 [INFO] [MemoryWorker] Current Heap: 175MB
2026-09-15T05:02:34.942548337Z 2026-09-15 05:02:34,941 [INFO] [CpuWorker] Current Load: 9.49%
2026-09-15T05:02:37.175154297Z 2026-09-15 05:02:37,174 [INFO] [MemoryWorker] Current Heap: 200MB
2026-09-15T05:02:38.077243464Z 2026-09-15 05:02:38,076 [INFO] [CpuWorker] Current Load: 8.27%
2026-09-15T05:02:40.188391923Z 2026-09-15 05:02:40,188 [INFO] [MemoryWorker] Current Heap: 225MB
2026-09-15T05:02:40.190150506Z 2026-09-15 05:02:40,189 [INFO] [CpuWorker] Cooldown complete (5.00%). Resuming load increase...
2026-09-15T05:02:41.191726049Z 2026-09-15 05:02:41,191 [INFO] [CpuWorker] Current Load: 5.00%
2026-09-15T05:02:43.209625716Z 2026-09-15 05:02:43,208 [INFO] [MemoryWorker] Current Heap: 250MB
2026-09-15T05:02:44.303722717Z 2026-09-15 05:02:44,302 [INFO] [CpuWorker] Current Load: 7.07%
2026-09-15T05:02:46.234207343Z 2026-09-15 05:02:46,233 [INFO] [MemoryWorker] Current Heap: 275MB
2026-09-15T05:02:46.420287218Z 2026-09-15 05:02:46,419 [INFO] [CpuWorker] Peak reached (10.00%). Starting cooldown...
2026-09-15T05:02:47.425418302Z 2026-09-15 05:02:47,425 [INFO] [CpuWorker] Current Load: 10.00%
2026-09-15T05:02:49.255019469Z 2026-09-15 05:02:49,254 [INFO] [MemoryWorker] Current Heap: 300MB
2026-09-15T05:02:50.544193095Z 2026-09-15 05:02:50,543 [INFO] [CpuWorker] Current Load: 8.19%
2026-09-15T05:02:52.274230887Z 2026-09-15 05:02:52,273 [INFO] [MemoryWorker] Current Heap: 325MB
2026-09-15T05:02:52.667730262Z 2026-09-15 05:02:52,664 [INFO] [CpuWorker] Cooldown complete (5.00%). Resuming load increase...
2026-09-15T05:02:53.677214930Z 2026-09-15 05:02:53,676 [INFO] [CpuWorker] Current Load: 5.00%
2026-09-15T05:02:55.293377014Z 2026-09-15 05:02:55,293 [INFO] [MemoryWorker] Current Heap: 350MB
2026-09-15T05:02:55.789676916Z 2026-09-15 05:02:55,789 [INFO] [CpuWorker] Peak reached (10.00%). Starting cooldown...
2026-09-15T05:02:56.803679458Z 2026-09-15 05:02:56,802 [INFO] [CpuWorker] Current Load: 10.00%
2026-09-15T05:02:58.324875501Z 2026-09-15 05:02:58,324 [INFO] [MemoryWorker] Current Heap: 375MB
2026-09-15T05:02:59.931916585Z 2026-09-15 05:02:59,931 [INFO] [CpuWorker] Current Load: 5.91%
2026-09-15T05:03:01.350910794Z 2026-09-15 05:03:01,350 [INFO] [MemoryWorker] Current Heap: 400MB
2026-09-15T05:03:02.038015628Z 2026-09-15 05:03:02,037 [INFO] [CpuWorker] Cooldown complete (5.00%). Resuming load increase...
2026-09-15T05:03:03.044990753Z 2026-09-15 05:03:03,044 [INFO] [CpuWorker] Current Load: 5.00%
2026-09-15T05:03:04.382633712Z 2026-09-15 05:03:04,381 [INFO] [MemoryWorker] Current Heap: 425MB
2026-09-15T05:03:05.161450754Z 2026-09-15 05:03:05,160 [INFO] [CpuWorker] Peak reached (10.00%). Starting cooldown...
2026-09-15T05:03:06.168988088Z 2026-09-15 05:03:06,168 [INFO] [CpuWorker] Current Load: 10.00%
2026-09-15T05:03:07.415581588Z 2026-09-15 05:03:07,415 [INFO] [MemoryWorker] Current Heap: 450MB
2026-09-15T05:03:08.286050172Z 2026-09-15 05:03:08,285 [INFO] [CpuWorker] Cooldown complete (5.00%). Resuming load increase...
2026-09-15T05:03:09.287006964Z 2026-09-15 05:03:09,286 [INFO] [CpuWorker] Current Load: 5.00%
2026-09-15T05:03:10.441605923Z 2026-09-15 05:03:10,441 [INFO] [MemoryWorker] Current Heap: 475MB
2026-09-15T05:03:11.402258799Z 2026-09-15 05:03:11,401 [INFO] [CpuWorker] Peak reached (10.00%). Starting cooldown...
2026-09-15T05:03:12.416109007Z 2026-09-15 05:03:12,412 [INFO] [CpuWorker] Current Load: 10.00%
2026-09-15T05:03:13.473281591Z 2026-09-15 05:03:13,472 [INFO] [MemoryWorker] Current Heap: 500MB
2026-09-15T05:03:15.541979009Z 2026-09-15 05:03:15,540 [INFO] [CpuWorker] Current Load: 6.61%
2026-09-15T05:03:16.478867384Z 2026-09-15 05:03:16,478 [INFO] [MemoryWorker] Current Heap: 525MB
2026-09-15T05:03:16.478886634Z 2026-09-15 05:03:16,478 [WARNING] [MemoryWorker] Memory Usage Reached Limit (525MB). Starting cleanup...
2026-09-15T05:03:16.485254009Z 2026-09-15 05:03:16,485 [INFO] [System] Memory Cache Flushed. Process Stabilized.
2026-09-15T05:03:17.654683052Z 
2026-09-15T05:03:17.654726927Z >>> [SYSTEM] MEMORY RECOVERED (Cache Cleared) <<<
2026-09-15T05:03:17.654731052Z 
2026-09-15T05:03:17.654733718Z 2026-09-15 05:03:17,654 [INFO] [CpuWorker] Cooldown complete (5.00%). Resuming load increase...
2026-09-15T05:03:18.661519219Z 2026-09-15 05:03:18,660 [INFO] [CpuWorker] Current Load: 5.00%
2026-09-15T05:03:20.782154345Z 2026-09-15 05:03:20,781 [INFO] [CpuWorker] Peak reached (10.00%). Starting cooldown...
2026-09-15T05:03:21.521207053Z 2026-09-15 05:03:21,520 [INFO] [MemoryWorker] Current Heap: 25MB
2026-09-15T05:03:21.793944262Z 2026-09-15 05:03:21,793 [INFO] [CpuWorker] Current Load: 10.00%
2026-09-15T05:03:23.910924388Z 2026-09-15 05:03:23,910 [INFO] [CpuWorker] Cooldown complete (5.00%). Resuming load increase...
2026-09-15T05:03:24.549017972Z 2026-09-15 05:03:24,548 [INFO] [MemoryWorker] Current Heap: 50MB
2026-09-15T05:03:24.923332013Z 2026-09-15 05:03:24,921 [INFO] [CpuWorker] Current Load: 5.00%
