
=== initial ===
2026-09-15T14:01:07+0900
--- identity ---
uid=10001(agent-admin) gid=10001(agent-admin) groups=10001(agent-admin)
--- monitor.sh ---
[2026-09-15 05:01:07] PROCESS:agent-app-linux-arm64 PID:7 PPID:1 ETIME:00:00 CPU:0.0% MEM:0.0% RSS:1.6MB RSS_KB:1636 VSZ_KB:2600 STAT:S PORT:15034
[2026-09-15 05:01:07] PROCESS:agent-app-linux-arm64 PID:8 PPID:7 ETIME:00:00 CPU:0.0% MEM:0.2% RSS:16.4MB RSS_KB:16844 VSZ_KB:22144 STAT:SN PORT:15034
--- ps -ef ---
UID        PID  PPID  C STIME TTY          TIME CMD
agent-a+     1     0  0 05:01 ?        00:00:00 /sbin/docker-init -- /opt/agent/agent-app-linux-arm64
agent-a+     7     1  0 05:01 ?        00:00:00 /opt/agent/agent-app-linux-arm64
agent-a+     8     7  0 05:01 ?        00:00:00 /opt/agent/agent-app-linux-arm64
agent-a+    42     0  0 05:01 ?        00:00:00 ps -ef
--- ps process PID=7 ---
  PID  PPID     ELAPSED %CPU %MEM   RSS    VSZ STAT CMD
    7     1       00:00  0.0  0.0  1636   2600 S    /opt/agent/agent-app-linux-arm64
--- top -H PID=7 ---
top - 05:01:08 up 48 min,  0 users,  load average: 0.27, 0.16, 0.11
Threads:   1 total,   0 running,   1 sleeping,   0 stopped,   0 zombie
%Cpu(s):  0.0 us,  0.0 sy,  0.0 ni,100.0 id,  0.0 wa,  0.0 hi,  0.0 si,  0.0 st
MiB Mem :   7936.0 total,   6830.5 free,    475.7 used,    629.8 buff/cache
MiB Swap:   1024.0 total,   1024.0 free,      0.0 used.   7301.5 avail Mem 

  PID USER      PR  NI    VIRT    RES    SHR S  %CPU  %MEM     TIME+ COMMAND
    7 agent-a+  20   0    2600   1636   1424 S   0.0   0.0   0:00.06 agent-app+
--- ps -L PID=7 ---
  PID   TID STAT %CPU %MEM WCHAN                            COMMAND
    7     7 S     0.0  0.0 do_wait                          agent-app-linux
--- ps process PID=8 ---
  PID  PPID     ELAPSED %CPU %MEM   RSS    VSZ STAT CMD
    8     7       00:00  0.0  0.2 16844  22144 SN   /opt/agent/agent-app-linux-arm64
--- top -H PID=8 ---
top - 05:01:08 up 48 min,  0 users,  load average: 0.27, 0.16, 0.11
Threads:   1 total,   0 running,   1 sleeping,   0 stopped,   0 zombie
%Cpu(s):  0.0 us,  0.0 sy,  0.0 ni,100.0 id,  0.0 wa,  0.0 hi,  0.0 si,  0.0 st
MiB Mem :   7936.0 total,   6838.2 free,    468.0 used,    629.8 buff/cache
MiB Swap:   1024.0 total,   1024.0 free,      0.0 used.   7309.3 avail Mem 

  PID USER      PR  NI    VIRT    RES    SHR S  %CPU  %MEM     TIME+ COMMAND
    8 agent-a+  30  10   22144  16844   8572 S   0.0   0.2   0:00.04 agent-app+
--- ps -L PID=8 ---
  PID   TID STAT %CPU %MEM WCHAN                            COMMAND
    8     8 SN    4.0  0.2 do_select                        agent-app-linux
--- docker stats ---
NAME=codyssey-agent-oom-after-20260915-140104-61678 CPU=0.01% MEM=9.68MiB / 1GiB MEM_PERC=0.95% PIDS=3

=== t+5s ===
2026-09-15T14:01:14+0900
--- identity ---
uid=10001(agent-admin) gid=10001(agent-admin) groups=10001(agent-admin)
--- monitor.sh ---
[2026-09-15 05:01:14] PROCESS:agent-app-linux-arm64 PID:7 PPID:1 ETIME:00:07 CPU:0.8% MEM:0.0% RSS:1.6MB RSS_KB:1636 VSZ_KB:2600 STAT:S PORT:15034
[2026-09-15 05:01:14] PROCESS:agent-app-linux-arm64 PID:8 PPID:7 ETIME:00:07 CPU:1.0% MEM:0.8% RSS:66.7MB RSS_KB:68268 VSZ_KB:221960 STAT:SNl PORT:15034
--- ps -ef ---
UID        PID  PPID  C STIME TTY          TIME CMD
agent-a+     1     0  0 05:01 ?        00:00:00 /sbin/docker-init -- /opt/agent/agent-app-linux-arm64
agent-a+     7     1  0 05:01 ?        00:00:00 /opt/agent/agent-app-linux-arm64
agent-a+     8     7  1 05:01 ?        00:00:00 /opt/agent/agent-app-linux-arm64
agent-a+   119     0  0 05:01 ?        00:00:00 ps -ef
--- ps process PID=7 ---
  PID  PPID     ELAPSED %CPU %MEM   RSS    VSZ STAT CMD
    7     1       00:07  0.8  0.0  1636   2600 S    /opt/agent/agent-app-linux-arm64
--- top -H PID=7 ---
top - 05:01:15 up 48 min,  0 users,  load average: 0.31, 0.17, 0.11
Threads:   1 total,   0 running,   1 sleeping,   0 stopped,   0 zombie
%Cpu(s):  0.0 us,  0.6 sy,  0.0 ni, 99.4 id,  0.0 wa,  0.0 hi,  0.0 si,  0.0 st
MiB Mem :   7936.0 total,   6800.1 free,    505.7 used,    630.2 buff/cache
MiB Swap:   1024.0 total,   1024.0 free,      0.0 used.   7271.5 avail Mem 

  PID USER      PR  NI    VIRT    RES    SHR S  %CPU  %MEM     TIME+ COMMAND
    7 agent-a+  20   0    2600   1636   1424 S   0.0   0.0   0:00.06 agent-app+
--- ps -L PID=7 ---
  PID   TID STAT %CPU %MEM WCHAN                            COMMAND
    7     7 S     0.8  0.0 do_wait                          agent-app-linux
--- ps process PID=8 ---
  PID  PPID     ELAPSED %CPU %MEM   RSS    VSZ STAT CMD
    8     7       00:07  1.0  0.8 68268 221960 SNl  /opt/agent/agent-app-linux-arm64
--- top -H PID=8 ---
top - 05:01:15 up 48 min,  0 users,  load average: 0.31, 0.17, 0.11
Threads:   3 total,   0 running,   3 sleeping,   0 stopped,   0 zombie
%Cpu(s):  0.0 us,  0.0 sy,  0.0 ni,100.0 id,  0.0 wa,  0.0 hi,  0.0 si,  0.0 st
MiB Mem :   7936.0 total,   6808.7 free,    497.2 used,    630.2 buff/cache
MiB Swap:   1024.0 total,   1024.0 free,      0.0 used.   7280.1 avail Mem 

  PID USER      PR  NI    VIRT    RES    SHR S  %CPU  %MEM     TIME+ COMMAND
    8 agent-a+  30  10  221960  68268   8572 S   0.0   0.8   0:00.05 agent-app+
   90 agent-a+  30  10  221960  68268   8572 S   0.0   0.8   0:00.01 agent-app+
   91 agent-a+  30  10  221960  68268   8572 S   0.0   0.8   0:00.01 agent-app+
--- ps -L PID=8 ---
  PID   TID STAT %CPU %MEM WCHAN                            COMMAND
    8     8 SNl   0.6  0.8 futex_wait_queue                 agent-app-linux
    8    90 SNl   0.1  0.8 do_select                        agent-app-linux
    8    91 SNl   0.2  0.8 do_select                        agent-app-linux
--- docker stats ---
NAME=codyssey-agent-oom-after-20260915-140104-61678 CPU=0.51% MEM=85.29MiB / 1GiB MEM_PERC=8.33% PIDS=5

=== t+10s ===
2026-09-15T14:01:21+0900
--- identity ---
uid=10001(agent-admin) gid=10001(agent-admin) groups=10001(agent-admin)
--- monitor.sh ---
[2026-09-15 05:01:21] PROCESS:agent-app-linux-arm64 PID:7 PPID:1 ETIME:00:14 CPU:0.4% MEM:0.0% RSS:1.6MB RSS_KB:1636 VSZ_KB:2600 STAT:S PORT:15034
[2026-09-15 05:01:21] PROCESS:agent-app-linux-arm64 PID:8 PPID:7 ETIME:00:14 CPU:0.7% MEM:1.4% RSS:116.7MB RSS_KB:119476 VSZ_KB:273168 STAT:SNl PORT:15034
--- ps -ef ---
UID        PID  PPID  C STIME TTY          TIME CMD
agent-a+     1     0  0 05:01 ?        00:00:00 /sbin/docker-init -- /opt/agent/agent-app-linux-arm64
agent-a+     7     1  0 05:01 ?        00:00:00 /opt/agent/agent-app-linux-arm64
agent-a+     8     7  0 05:01 ?        00:00:00 /opt/agent/agent-app-linux-arm64
agent-a+   195     0  0 05:01 ?        00:00:00 ps -ef
--- ps process PID=7 ---
  PID  PPID     ELAPSED %CPU %MEM   RSS    VSZ STAT CMD
    7     1       00:14  0.4  0.0  1636   2600 S    /opt/agent/agent-app-linux-arm64
--- top -H PID=7 ---
top - 05:01:22 up 48 min,  0 users,  load average: 0.29, 0.17, 0.11
Threads:   1 total,   0 running,   1 sleeping,   0 stopped,   0 zombie
%Cpu(s):  0.0 us,  0.0 sy,  0.0 ni,100.0 id,  0.0 wa,  0.0 hi,  0.0 si,  0.0 st
MiB Mem :   7936.0 total,   6728.7 free,    577.1 used,    630.2 buff/cache
MiB Swap:   1024.0 total,   1024.0 free,      0.0 used.   7200.1 avail Mem 

  PID USER      PR  NI    VIRT    RES    SHR S  %CPU  %MEM     TIME+ COMMAND
    7 agent-a+  20   0    2600   1636   1424 S   0.0   0.0   0:00.06 agent-app+
--- ps -L PID=7 ---
  PID   TID STAT %CPU %MEM WCHAN                            COMMAND
    7     7 S     0.4  0.0 do_wait                          agent-app-linux
--- ps process PID=8 ---
  PID  PPID     ELAPSED %CPU %MEM   RSS    VSZ STAT CMD
    8     7       00:14  0.7  1.4 119476 273168 SNl /opt/agent/agent-app-linux-arm64
--- top -H PID=8 ---
top - 05:01:22 up 48 min,  0 users,  load average: 0.29, 0.17, 0.11
Threads:   3 total,   0 running,   3 sleeping,   0 stopped,   0 zombie
%Cpu(s):  0.0 us,  0.7 sy,  0.0 ni, 99.3 id,  0.0 wa,  0.0 hi,  0.0 si,  0.0 st
MiB Mem :   7936.0 total,   6711.7 free,    594.1 used,    630.2 buff/cache
MiB Swap:   1024.0 total,   1024.0 free,      0.0 used.   7183.1 avail Mem 

  PID USER      PR  NI    VIRT    RES    SHR S  %CPU  %MEM     TIME+ COMMAND
   90 agent-a+  30  10  298772 145080   8572 S   6.7   1.8   0:00.03 agent-app+
    8 agent-a+  30  10  298772 145080   8572 S   0.0   1.8   0:00.05 agent-app+
   91 agent-a+  30  10  298772 145080   8572 S   0.0   1.8   0:00.03 agent-app+
--- ps -L PID=8 ---
  PID   TID STAT %CPU %MEM WCHAN                            COMMAND
    8     8 SNl   0.3  1.7 futex_wait_queue                 agent-app-linux
    8    90 SNl   0.2  1.7 do_select                        agent-app-linux
    8    91 SNl   0.2  1.7 do_select                        agent-app-linux
--- docker stats ---
NAME=codyssey-agent-oom-after-20260915-140104-61678 CPU=0.81% MEM=135.3MiB / 1GiB MEM_PERC=13.21% PIDS=5

=== t+15s ===
2026-09-15T14:01:28+0900
--- identity ---
uid=10001(agent-admin) gid=10001(agent-admin) groups=10001(agent-admin)
--- monitor.sh ---
[2026-09-15 05:01:28] PROCESS:agent-app-linux-arm64 PID:7 PPID:1 ETIME:00:21 CPU:0.2% MEM:0.0% RSS:1.6MB RSS_KB:1636 VSZ_KB:2600 STAT:S PORT:15034
[2026-09-15 05:01:28] PROCESS:agent-app-linux-arm64 PID:8 PPID:7 ETIME:00:21 CPU:0.7% MEM:2.4% RSS:191.7MB RSS_KB:196288 VSZ_KB:349980 STAT:SNl PORT:15034
--- ps -ef ---
UID        PID  PPID  C STIME TTY          TIME CMD
agent-a+     1     0  0 05:01 ?        00:00:00 /sbin/docker-init -- /opt/agent/agent-app-linux-arm64
agent-a+     7     1  0 05:01 ?        00:00:00 /opt/agent/agent-app-linux-arm64
agent-a+     8     7  0 05:01 ?        00:00:00 /opt/agent/agent-app-linux-arm64
agent-a+   270     0  0 05:01 ?        00:00:00 ps -ef
--- ps process PID=7 ---
  PID  PPID     ELAPSED %CPU %MEM   RSS    VSZ STAT CMD
    7     1       00:21  0.2  0.0  1636   2600 S    /opt/agent/agent-app-linux-arm64
--- top -H PID=7 ---
top - 05:01:29 up 48 min,  0 users,  load average: 0.26, 0.16, 0.11
Threads:   1 total,   0 running,   1 sleeping,   0 stopped,   0 zombie
%Cpu(s):  0.0 us,  0.0 sy,  0.7 ni, 99.3 id,  0.0 wa,  0.0 hi,  0.0 si,  0.0 st
MiB Mem :   7936.0 total,   6658.5 free,    647.3 used,    630.3 buff/cache
MiB Swap:   1024.0 total,   1024.0 free,      0.0 used.   7129.9 avail Mem 

  PID USER      PR  NI    VIRT    RES    SHR S  %CPU  %MEM     TIME+ COMMAND
    7 agent-a+  20   0    2600   1636   1424 S   0.0   0.0   0:00.06 agent-app+
--- ps -L PID=7 ---
  PID   TID STAT %CPU %MEM WCHAN                            COMMAND
    7     7 S     0.2  0.0 do_wait                          agent-app-linux
--- ps process PID=8 ---
  PID  PPID     ELAPSED %CPU %MEM   RSS    VSZ STAT CMD
    8     7       00:21  0.7  2.4 196288 349980 SNl /opt/agent/agent-app-linux-arm64
--- top -H PID=8 ---
top - 05:01:29 up 48 min,  0 users,  load average: 0.26, 0.16, 0.11
Threads:   3 total,   0 running,   3 sleeping,   0 stopped,   0 zombie
%Cpu(s):  0.0 us,  0.0 sy,  0.0 ni,100.0 id,  0.0 wa,  0.0 hi,  0.0 si,  0.0 st
MiB Mem :   7936.0 total,   6676.8 free,    629.0 used,    630.3 buff/cache
MiB Swap:   1024.0 total,   1024.0 free,      0.0 used.   7148.2 avail Mem 

  PID USER      PR  NI    VIRT    RES    SHR S  %CPU  %MEM     TIME+ COMMAND
    8 agent-a+  30  10  349980 196288   8572 S   0.0   2.4   0:00.05 agent-app+
   90 agent-a+  30  10  349980 196288   8572 S   0.0   2.4   0:00.05 agent-app+
   91 agent-a+  30  10  349980 196288   8572 S   0.0   2.4   0:00.05 agent-app+
--- ps -L PID=8 ---
  PID   TID STAT %CPU %MEM WCHAN                            COMMAND
    8     8 SNl   0.2  2.4 futex_wait_queue                 agent-app-linux
    8    90 SNl   0.2  2.4 do_select                        agent-app-linux
    8    91 SNl   0.2  2.4 do_select                        agent-app-linux
--- docker stats ---
NAME=codyssey-agent-oom-after-20260915-140104-61678 CPU=0.01% MEM=185.8MiB / 1GiB MEM_PERC=18.14% PIDS=5

=== t+20s ===
2026-09-15T14:01:35+0900
--- identity ---
uid=10001(agent-admin) gid=10001(agent-admin) groups=10001(agent-admin)
--- monitor.sh ---
[2026-09-15 05:01:35] PROCESS:agent-app-linux-arm64 PID:7 PPID:1 ETIME:00:28 CPU:0.2% MEM:0.0% RSS:1.6MB RSS_KB:1636 VSZ_KB:2600 STAT:S PORT:15034
[2026-09-15 05:01:35] PROCESS:agent-app-linux-arm64 PID:8 PPID:7 ETIME:00:28 CPU:0.6% MEM:3.0% RSS:241.7MB RSS_KB:247496 VSZ_KB:401188 STAT:SNl PORT:15034
--- ps -ef ---
UID        PID  PPID  C STIME TTY          TIME CMD
agent-a+     1     0  0 05:01 ?        00:00:00 /sbin/docker-init -- /opt/agent/agent-app-linux-arm64
agent-a+     7     1  0 05:01 ?        00:00:00 /opt/agent/agent-app-linux-arm64
agent-a+     8     7  0 05:01 ?        00:00:00 /opt/agent/agent-app-linux-arm64
agent-a+   345     0  0 05:01 ?        00:00:00 ps -ef
--- ps process PID=7 ---
  PID  PPID     ELAPSED %CPU %MEM   RSS    VSZ STAT CMD
    7     1       00:28  0.2  0.0  1636   2600 S    /opt/agent/agent-app-linux-arm64
--- top -H PID=7 ---
top - 05:01:36 up 48 min,  0 users,  load average: 0.22, 0.16, 0.11
Threads:   1 total,   0 running,   1 sleeping,   0 stopped,   0 zombie
%Cpu(s):  0.0 us,  0.6 sy,  0.0 ni, 99.4 id,  0.0 wa,  0.0 hi,  0.0 si,  0.0 st
MiB Mem :   7936.0 total,   6637.2 free,    668.6 used,    630.3 buff/cache
MiB Swap:   1024.0 total,   1024.0 free,      0.0 used.   7108.6 avail Mem 

  PID USER      PR  NI    VIRT    RES    SHR S  %CPU  %MEM     TIME+ COMMAND
    7 agent-a+  20   0    2600   1636   1424 S   0.0   0.0   0:00.06 agent-app+
--- ps -L PID=7 ---
  PID   TID STAT %CPU %MEM WCHAN                            COMMAND
    7     7 S     0.2  0.0 do_wait                          agent-app-linux
--- ps process PID=8 ---
  PID  PPID     ELAPSED %CPU %MEM   RSS    VSZ STAT CMD
    8     7       00:29  0.6  3.0 247496 401188 SNl /opt/agent/agent-app-linux-arm64
--- top -H PID=8 ---
top - 05:01:36 up 48 min,  0 users,  load average: 0.22, 0.16, 0.11
Threads:   3 total,   0 running,   3 sleeping,   0 stopped,   0 zombie
%Cpu(s):  0.0 us,  0.0 sy,  0.0 ni,100.0 id,  0.0 wa,  0.0 hi,  0.0 si,  0.0 st
MiB Mem :   7936.0 total,   6637.5 free,    668.3 used,    630.3 buff/cache
MiB Swap:   1024.0 total,   1024.0 free,      0.0 used.   7109.0 avail Mem 

  PID USER      PR  NI    VIRT    RES    SHR S  %CPU  %MEM     TIME+ COMMAND
    8 agent-a+  30  10  401188 247496   8572 S   0.0   3.0   0:00.05 agent-app+
   90 agent-a+  30  10  401188 247496   8572 S   0.0   3.0   0:00.06 agent-app+
   91 agent-a+  30  10  401188 247496   8572 S   0.0   3.0   0:00.07 agent-app+
--- ps -L PID=8 ---
  PID   TID STAT %CPU %MEM WCHAN                            COMMAND
    8     8 SNl   0.1  3.0 futex_wait_queue                 agent-app-linux
    8    90 SNl   0.2  3.0 do_select                        agent-app-linux
    8    91 SNl   0.2  3.0 do_select                        agent-app-linux
--- docker stats ---
NAME=codyssey-agent-oom-after-20260915-140104-61678 CPU=0.94% MEM=260.4MiB / 1GiB MEM_PERC=25.43% PIDS=5

=== t+25s ===
2026-09-15T14:01:42+0900
--- identity ---
uid=10001(agent-admin) gid=10001(agent-admin) groups=10001(agent-admin)
--- monitor.sh ---
[2026-09-15 05:01:42] PROCESS:agent-app-linux-arm64 PID:7 PPID:1 ETIME:00:35 CPU:0.1% MEM:0.0% RSS:1.6MB RSS_KB:1636 VSZ_KB:2600 STAT:S PORT:15034
[2026-09-15 05:01:42] PROCESS:agent-app-linux-arm64 PID:8 PPID:7 ETIME:00:35 CPU:0.6% MEM:3.6% RSS:291.7MB RSS_KB:298704 VSZ_KB:452396 STAT:SNl PORT:15034
--- ps -ef ---
UID        PID  PPID  C STIME TTY          TIME CMD
agent-a+     1     0  0 05:01 ?        00:00:00 /sbin/docker-init -- /opt/agent/agent-app-linux-arm64
agent-a+     7     1  0 05:01 ?        00:00:00 /opt/agent/agent-app-linux-arm64
agent-a+     8     7  0 05:01 ?        00:00:00 /opt/agent/agent-app-linux-arm64
agent-a+   420     0  0 05:01 ?        00:00:00 ps -ef
--- ps process PID=7 ---
  PID  PPID     ELAPSED %CPU %MEM   RSS    VSZ STAT CMD
    7     1       00:35  0.1  0.0  1636   2600 S    /opt/agent/agent-app-linux-arm64
--- top -H PID=7 ---
top - 05:01:43 up 48 min,  0 users,  load average: 0.20, 0.15, 0.10
Threads:   1 total,   0 running,   1 sleeping,   0 stopped,   0 zombie
%Cpu(s):  0.0 us,  0.6 sy,  0.0 ni, 99.4 id,  0.0 wa,  0.0 hi,  0.0 si,  0.0 st
MiB Mem :   7936.0 total,   6583.0 free,    722.7 used,    630.3 buff/cache
MiB Swap:   1024.0 total,   1024.0 free,      0.0 used.   7054.5 avail Mem 

  PID USER      PR  NI    VIRT    RES    SHR S  %CPU  %MEM     TIME+ COMMAND
    7 agent-a+  20   0    2600   1636   1424 S   0.0   0.0   0:00.06 agent-app+
--- ps -L PID=7 ---
  PID   TID STAT %CPU %MEM WCHAN                            COMMAND
    7     7 S     0.1  0.0 do_wait                          agent-app-linux
--- ps process PID=8 ---
  PID  PPID     ELAPSED %CPU %MEM   RSS    VSZ STAT CMD
    8     7       00:36  0.6  3.6 298704 452396 SNl /opt/agent/agent-app-linux-arm64
--- top -H PID=8 ---
top - 05:01:43 up 48 min,  0 users,  load average: 0.20, 0.15, 0.10
Threads:   3 total,   0 running,   3 sleeping,   0 stopped,   0 zombie
%Cpu(s):  0.0 us,  0.0 sy,  0.0 ni, 99.4 id,  0.0 wa,  0.0 hi,  0.6 si,  0.0 st
MiB Mem :   7936.0 total,   6565.0 free,    740.8 used,    630.3 buff/cache
MiB Swap:   1024.0 total,   1024.0 free,      0.0 used.   7036.4 avail Mem 

  PID USER      PR  NI    VIRT    RES    SHR S  %CPU  %MEM     TIME+ COMMAND
    8 agent-a+  30  10  452396 298704   8572 S   0.0   3.7   0:00.05 agent-app+
   90 agent-a+  30  10  452396 298704   8572 S   0.0   3.7   0:00.08 agent-app+
   91 agent-a+  30  10  452396 298704   8572 S   0.0   3.7   0:00.09 agent-app+
--- ps -L PID=8 ---
  PID   TID STAT %CPU %MEM WCHAN                            COMMAND
    8     8 SNl   0.1  3.9 futex_wait_queue                 agent-app-linux
    8    90 SNl   0.2  3.9 do_select                        agent-app-linux
    8    91 SNl   0.2  3.9 do_select                        agent-app-linux
--- docker stats ---
NAME=codyssey-agent-oom-after-20260915-140104-61678 CPU=0.02% MEM=310.7MiB / 1GiB MEM_PERC=30.34% PIDS=5

=== t+30s ===
2026-09-15T14:01:49+0900
--- identity ---
uid=10001(agent-admin) gid=10001(agent-admin) groups=10001(agent-admin)
--- monitor.sh ---
[2026-09-15 05:01:50] PROCESS:agent-app-linux-arm64 PID:7 PPID:1 ETIME:00:42 CPU:0.1% MEM:0.0% RSS:1.6MB RSS_KB:1636 VSZ_KB:2600 STAT:S PORT:15034
[2026-09-15 05:01:50] PROCESS:agent-app-linux-arm64 PID:8 PPID:7 ETIME:00:42 CPU:0.6% MEM:4.6% RSS:366.7MB RSS_KB:375516 VSZ_KB:529208 STAT:SNl PORT:15034
--- ps -ef ---
UID        PID  PPID  C STIME TTY          TIME CMD
agent-a+     1     0  0 05:01 ?        00:00:00 /sbin/docker-init -- /opt/agent/agent-app-linux-arm64
agent-a+     7     1  0 05:01 ?        00:00:00 /opt/agent/agent-app-linux-arm64
agent-a+     8     7  0 05:01 ?        00:00:00 /opt/agent/agent-app-linux-arm64
agent-a+   495     0  0 05:01 ?        00:00:00 ps -ef
--- ps process PID=7 ---
  PID  PPID     ELAPSED %CPU %MEM   RSS    VSZ STAT CMD
    7     1       00:42  0.1  0.0  1636   2600 S    /opt/agent/agent-app-linux-arm64
--- top -H PID=7 ---
top - 05:01:50 up 48 min,  0 users,  load average: 0.25, 0.17, 0.11
Threads:   1 total,   0 running,   1 sleeping,   0 stopped,   0 zombie
%Cpu(s):  0.0 us,  0.0 sy,  0.0 ni,100.0 id,  0.0 wa,  0.0 hi,  0.0 si,  0.0 st
MiB Mem :   7936.0 total,   6498.1 free,    807.6 used,    630.3 buff/cache
MiB Swap:   1024.0 total,   1024.0 free,      0.0 used.   6969.6 avail Mem 

  PID USER      PR  NI    VIRT    RES    SHR S  %CPU  %MEM     TIME+ COMMAND
    7 agent-a+  20   0    2600   1636   1424 S   0.0   0.0   0:00.06 agent-app+
--- ps -L PID=7 ---
  PID   TID STAT %CPU %MEM WCHAN                            COMMAND
    7     7 S     0.1  0.0 do_wait                          agent-app-linux
--- ps process PID=8 ---
  PID  PPID     ELAPSED %CPU %MEM   RSS    VSZ STAT CMD
    8     7       00:43  0.6  4.6 375516 529208 SNl /opt/agent/agent-app-linux-arm64
--- top -H PID=8 ---
top - 05:01:50 up 48 min,  0 users,  load average: 0.25, 0.17, 0.11
Threads:   3 total,   0 running,   3 sleeping,   0 stopped,   0 zombie
%Cpu(s):  0.0 us,  0.0 sy,  0.0 ni,100.0 id,  0.0 wa,  0.0 hi,  0.0 si,  0.0 st
MiB Mem :   7936.0 total,   6485.2 free,    820.5 used,    630.3 buff/cache
MiB Swap:   1024.0 total,   1024.0 free,      0.0 used.   6956.7 avail Mem 

  PID USER      PR  NI    VIRT    RES    SHR S  %CPU  %MEM     TIME+ COMMAND
    8 agent-a+  30  10  529208 375516   8572 S   0.0   4.6   0:00.05 agent-app+
   90 agent-a+  30  10  529208 375516   8572 S   0.0   4.6   0:00.09 agent-app+
   91 agent-a+  30  10  529208 375516   8572 S   0.0   4.6   0:00.10 agent-app+
--- ps -L PID=8 ---
  PID   TID STAT %CPU %MEM WCHAN                            COMMAND
    8     8 SNl   0.1  4.6 futex_wait_queue                 agent-app-linux
    8    90 SNl   0.2  4.6 do_select                        agent-app-linux
    8    91 SNl   0.2  4.6 do_select                        agent-app-linux
--- docker stats ---
NAME=codyssey-agent-oom-after-20260915-140104-61678 CPU=1.08% MEM=361MiB / 1GiB MEM_PERC=35.26% PIDS=5

=== t+35s ===
2026-09-15T14:01:56+0900
--- identity ---
uid=10001(agent-admin) gid=10001(agent-admin) groups=10001(agent-admin)
--- monitor.sh ---
[2026-09-15 05:01:57] PROCESS:agent-app-linux-arm64 PID:7 PPID:1 ETIME:00:49 CPU:0.1% MEM:0.0% RSS:1.6MB RSS_KB:1636 VSZ_KB:2600 STAT:S PORT:15034
[2026-09-15 05:01:57] PROCESS:agent-app-linux-arm64 PID:8 PPID:7 ETIME:00:49 CPU:0.6% MEM:5.2% RSS:416.7MB RSS_KB:426724 VSZ_KB:580416 STAT:SNl PORT:15034
--- ps -ef ---
UID        PID  PPID  C STIME TTY          TIME CMD
agent-a+     1     0  0 05:01 ?        00:00:00 /sbin/docker-init -- /opt/agent/agent-app-linux-arm64
agent-a+     7     1  0 05:01 ?        00:00:00 /opt/agent/agent-app-linux-arm64
agent-a+     8     7  0 05:01 ?        00:00:00 /opt/agent/agent-app-linux-arm64
agent-a+   570     0  0 05:01 ?        00:00:00 ps -ef
--- ps process PID=7 ---
  PID  PPID     ELAPSED %CPU %MEM   RSS    VSZ STAT CMD
    7     1       00:49  0.1  0.0  1636   2600 S    /opt/agent/agent-app-linux-arm64
--- top -H PID=7 ---
top - 05:01:57 up 49 min,  0 users,  load average: 0.23, 0.16, 0.11
Threads:   1 total,   0 running,   1 sleeping,   0 stopped,   0 zombie
%Cpu(s):  0.0 us,  0.0 sy,  0.7 ni, 99.3 id,  0.0 wa,  0.0 hi,  0.0 si,  0.0 st
MiB Mem :   7936.0 total,   6449.2 free,    856.6 used,    630.3 buff/cache
MiB Swap:   1024.0 total,   1024.0 free,      0.0 used.   6920.7 avail Mem 

  PID USER      PR  NI    VIRT    RES    SHR S  %CPU  %MEM     TIME+ COMMAND
    7 agent-a+  20   0    2600   1636   1424 S   0.0   0.0   0:00.06 agent-app+
--- ps -L PID=7 ---
  PID   TID STAT %CPU %MEM WCHAN                            COMMAND
    7     7 S     0.1  0.0 do_wait                          agent-app-linux
--- ps process PID=8 ---
  PID  PPID     ELAPSED %CPU %MEM   RSS    VSZ STAT CMD
    8     7       00:50  0.6  5.2 426724 580416 SNl /opt/agent/agent-app-linux-arm64
--- top -H PID=8 ---
top - 05:01:57 up 49 min,  0 users,  load average: 0.23, 0.16, 0.11
Threads:   3 total,   0 running,   3 sleeping,   0 stopped,   0 zombie
%Cpu(s):  0.6 us,  0.6 sy,  0.0 ni, 98.7 id,  0.0 wa,  0.0 hi,  0.0 si,  0.0 st
MiB Mem :   7936.0 total,   6437.0 free,    868.8 used,    630.3 buff/cache
MiB Swap:   1024.0 total,   1024.0 free,      0.0 used.   6908.5 avail Mem 

  PID USER      PR  NI    VIRT    RES    SHR S  %CPU  %MEM     TIME+ COMMAND
    8 agent-a+  30  10  580416 426724   8572 S   0.0   5.3   0:00.05 agent-app+
   90 agent-a+  30  10  580416 426724   8572 S   0.0   5.3   0:00.11 agent-app+
   91 agent-a+  30  10  580416 426724   8572 S   0.0   5.3   0:00.14 agent-app+
--- ps -L PID=8 ---
  PID   TID STAT %CPU %MEM WCHAN                            COMMAND
    8     8 SNl   0.1  5.2 futex_wait_queue                 agent-app-linux
    8    90 SNl   0.2  5.2 do_select                        agent-app-linux
    8    91 SNl   0.2  5.2 do_select                        agent-app-linux
--- docker stats ---
NAME=codyssey-agent-oom-after-20260915-140104-61678 CPU=0.75% MEM=436MiB / 1GiB MEM_PERC=42.58% PIDS=5

=== t+40s ===
2026-09-15T14:02:04+0900
--- identity ---
uid=10001(agent-admin) gid=10001(agent-admin) groups=10001(agent-admin)
--- monitor.sh ---
[2026-09-15 05:02:04] PROCESS:agent-app-linux-arm64 PID:7 PPID:1 ETIME:00:57 CPU:0.1% MEM:0.0% RSS:1.6MB RSS_KB:1636 VSZ_KB:2600 STAT:S PORT:15034
[2026-09-15 05:02:04] PROCESS:agent-app-linux-arm64 PID:8 PPID:7 ETIME:00:57 CPU:0.6% MEM:5.8% RSS:466.7MB RSS_KB:477932 VSZ_KB:631624 STAT:SNl PORT:15034
--- ps -ef ---
UID        PID  PPID  C STIME TTY          TIME CMD
agent-a+     1     0  0 05:01 ?        00:00:00 /sbin/docker-init -- /opt/agent/agent-app-linux-arm64
agent-a+     7     1  0 05:01 ?        00:00:00 /opt/agent/agent-app-linux-arm64
agent-a+     8     7  0 05:01 ?        00:00:00 /opt/agent/agent-app-linux-arm64
agent-a+   645     0  0 05:02 ?        00:00:00 ps -ef
--- ps process PID=7 ---
  PID  PPID     ELAPSED %CPU %MEM   RSS    VSZ STAT CMD
    7     1       00:57  0.1  0.0  1636   2600 S    /opt/agent/agent-app-linux-arm64
--- top -H PID=7 ---
top - 05:02:05 up 49 min,  0 users,  load average: 0.44, 0.21, 0.12
Threads:   1 total,   0 running,   1 sleeping,   0 stopped,   0 zombie
%Cpu(s):  0.0 us,  0.6 sy,  0.0 ni, 99.4 id,  0.0 wa,  0.0 hi,  0.0 si,  0.0 st
MiB Mem :   7936.0 total,   6387.2 free,    918.5 used,    630.3 buff/cache
MiB Swap:   1024.0 total,   1024.0 free,      0.0 used.   6858.7 avail Mem 

  PID USER      PR  NI    VIRT    RES    SHR S  %CPU  %MEM     TIME+ COMMAND
    7 agent-a+  20   0    2600   1636   1424 S   0.0   0.0   0:00.06 agent-app+
--- ps -L PID=7 ---
  PID   TID STAT %CPU %MEM WCHAN                            COMMAND
    7     7 S     0.1  0.0 do_wait                          agent-app-linux
--- ps process PID=8 ---
  PID  PPID     ELAPSED %CPU %MEM   RSS    VSZ STAT CMD
    8     7       00:57  0.6  6.1 503536 657228 SNl /opt/agent/agent-app-linux-arm64
--- top -H PID=8 ---
top - 05:02:05 up 49 min,  0 users,  load average: 0.44, 0.21, 0.12
Threads:   3 total,   0 running,   3 sleeping,   0 stopped,   0 zombie
%Cpu(s):  0.0 us,  0.0 sy,  0.0 ni,100.0 id,  0.0 wa,  0.0 hi,  0.0 si,  0.0 st
MiB Mem :   7936.0 total,   6375.7 free,    930.1 used,    630.3 buff/cache
MiB Swap:   1024.0 total,   1024.0 free,      0.0 used.   6847.2 avail Mem 

  PID USER      PR  NI    VIRT    RES    SHR S  %CPU  %MEM     TIME+ COMMAND
    8 agent-a+  30  10  657228 503536   8572 S   0.0   6.2   0:00.05 agent-app+
   90 agent-a+  30  10  657228 503536   8572 S   0.0   6.2   0:00.13 agent-app+
   91 agent-a+  30  10  657228 503536   8572 S   0.0   6.2   0:00.16 agent-app+
--- ps -L PID=8 ---
  PID   TID STAT %CPU %MEM WCHAN                            COMMAND
    8     8 SNl   0.0  6.1 futex_wait_queue                 agent-app-linux
    8    90 SNl   0.2  6.1 do_select                        agent-app-linux
    8    91 SNl   0.2  6.1 do_select                        agent-app-linux
--- docker stats ---
NAME=codyssey-agent-oom-after-20260915-140104-61678 CPU=0.92% MEM=486MiB / 1GiB MEM_PERC=47.46% PIDS=5

=== t+45s ===
2026-09-15T14:02:12+0900
--- identity ---
uid=10001(agent-admin) gid=10001(agent-admin) groups=10001(agent-admin)
--- monitor.sh ---
[2026-09-15 05:02:12] PROCESS:agent-app-linux-arm64 PID:7 PPID:1 ETIME:01:04 CPU:0.0% MEM:0.0% RSS:1.6MB RSS_KB:1636 VSZ_KB:2600 STAT:S PORT:15034
[2026-09-15 05:02:12] PROCESS:agent-app-linux-arm64 PID:8 PPID:7 ETIME:01:04 CPU:0.6% MEM:0.2% RSS:16.7MB RSS_KB:17060 VSZ_KB:170752 STAT:SNl PORT:15034
--- ps -ef ---
UID        PID  PPID  C STIME TTY          TIME CMD
agent-a+     1     0  0 05:01 ?        00:00:00 /sbin/docker-init -- /opt/agent/agent-app-linux-arm64
agent-a+     7     1  0 05:01 ?        00:00:00 /opt/agent/agent-app-linux-arm64
agent-a+     8     7  0 05:01 ?        00:00:00 /opt/agent/agent-app-linux-arm64
agent-a+   721     0  0 05:02 ?        00:00:00 ps -ef
--- ps process PID=7 ---
  PID  PPID     ELAPSED %CPU %MEM   RSS    VSZ STAT CMD
    7     1       01:04  0.0  0.0  1636   2600 S    /opt/agent/agent-app-linux-arm64
--- top -H PID=7 ---
top - 05:02:12 up 49 min,  0 users,  load average: 0.40, 0.20, 0.12
Threads:   1 total,   0 running,   1 sleeping,   0 stopped,   0 zombie
%Cpu(s):  0.0 us,  0.0 sy,  0.0 ni,100.0 id,  0.0 wa,  0.0 hi,  0.0 si,  0.0 st
MiB Mem :   7936.0 total,   6827.2 free,    478.5 used,    630.3 buff/cache
MiB Swap:   1024.0 total,   1024.0 free,      0.0 used.   7298.7 avail Mem 

  PID USER      PR  NI    VIRT    RES    SHR S  %CPU  %MEM     TIME+ COMMAND
    7 agent-a+  20   0    2600   1636   1424 S   0.0   0.0   0:00.06 agent-app+
--- ps -L PID=7 ---
  PID   TID STAT %CPU %MEM WCHAN                            COMMAND
    7     7 S     0.0  0.0 do_wait                          agent-app-linux
--- ps process PID=8 ---
  PID  PPID     ELAPSED %CPU %MEM   RSS    VSZ STAT CMD
    8     7       01:05  0.6  0.2 17060 170752 SNl  /opt/agent/agent-app-linux-arm64
--- top -H PID=8 ---
top - 05:02:12 up 49 min,  0 users,  load average: 0.40, 0.20, 0.12
Threads:   3 total,   0 running,   3 sleeping,   0 stopped,   0 zombie
%Cpu(s):  0.0 us,  0.0 sy,  0.0 ni,100.0 id,  0.0 wa,  0.0 hi,  0.0 si,  0.0 st
MiB Mem :   7936.0 total,   6834.1 free,    471.6 used,    630.3 buff/cache
MiB Swap:   1024.0 total,   1024.0 free,      0.0 used.   7305.6 avail Mem 

  PID USER      PR  NI    VIRT    RES    SHR S  %CPU  %MEM     TIME+ COMMAND
    8 agent-a+  30  10  170752  17060   8572 S   0.0   0.2   0:00.05 agent-app+
   90 agent-a+  30  10  170752  17060   8572 S   0.0   0.2   0:00.15 agent-app+
   91 agent-a+  30  10  170752  17060   8572 S   0.0   0.2   0:00.18 agent-app+
--- ps -L PID=8 ---
  PID   TID STAT %CPU %MEM WCHAN                            COMMAND
    8     8 SNl   0.0  0.2 futex_wait_queue                 agent-app-linux
    8    90 SNl   0.2  0.2 do_select                        agent-app-linux
    8    91 SNl   0.2  0.2 do_select                        agent-app-linux
--- docker stats ---
NAME=codyssey-agent-oom-after-20260915-140104-61678 CPU=0.84% MEM=10.38MiB / 1GiB MEM_PERC=1.01% PIDS=5

=== t+50s ===
2026-09-15T14:02:19+0900
--- identity ---
uid=10001(agent-admin) gid=10001(agent-admin) groups=10001(agent-admin)
--- monitor.sh ---
[2026-09-15 05:02:19] PROCESS:agent-app-linux-arm64 PID:7 PPID:1 ETIME:01:11 CPU:0.0% MEM:0.0% RSS:1.6MB RSS_KB:1636 VSZ_KB:2600 STAT:S PORT:15034
[2026-09-15 05:02:19] PROCESS:agent-app-linux-arm64 PID:8 PPID:7 ETIME:01:11 CPU:0.5% MEM:0.8% RSS:66.7MB RSS_KB:68260 VSZ_KB:170752 STAT:SNl PORT:15034
--- ps -ef ---
UID        PID  PPID  C STIME TTY          TIME CMD
agent-a+     1     0  0 05:01 ?        00:00:00 /sbin/docker-init -- /opt/agent/agent-app-linux-arm64
agent-a+     7     1  0 05:01 ?        00:00:00 /opt/agent/agent-app-linux-arm64
agent-a+     8     7  0 05:01 ?        00:00:00 /opt/agent/agent-app-linux-arm64
agent-a+   796     0  0 05:02 ?        00:00:00 ps -ef
--- ps process PID=7 ---
  PID  PPID     ELAPSED %CPU %MEM   RSS    VSZ STAT CMD
    7     1       01:11  0.0  0.0  1636   2600 S    /opt/agent/agent-app-linux-arm64
--- top -H PID=7 ---
top - 05:02:19 up 49 min,  0 users,  load average: 0.37, 0.20, 0.12
Threads:   1 total,   0 running,   1 sleeping,   0 stopped,   0 zombie
%Cpu(s):  0.0 us,  0.0 sy,  0.0 ni,100.0 id,  0.0 wa,  0.0 hi,  0.0 si,  0.0 st
MiB Mem :   7936.0 total,   6796.7 free,    509.0 used,    630.3 buff/cache
MiB Swap:   1024.0 total,   1024.0 free,      0.0 used.   7268.2 avail Mem 

  PID USER      PR  NI    VIRT    RES    SHR S  %CPU  %MEM     TIME+ COMMAND
    7 agent-a+  20   0    2600   1636   1424 S   0.0   0.0   0:00.06 agent-app+
--- ps -L PID=7 ---
  PID   TID STAT %CPU %MEM WCHAN                            COMMAND
    7     7 S     0.0  0.0 do_wait                          agent-app-linux
--- ps process PID=8 ---
  PID  PPID     ELAPSED %CPU %MEM   RSS    VSZ STAT CMD
    8     7       01:12  0.5  0.8 68260 170752 SNl  /opt/agent/agent-app-linux-arm64
--- top -H PID=8 ---
top - 05:02:19 up 49 min,  0 users,  load average: 0.37, 0.20, 0.12
Threads:   3 total,   0 running,   3 sleeping,   0 stopped,   0 zombie
%Cpu(s):  0.0 us,  0.0 sy,  0.0 ni,100.0 id,  0.0 wa,  0.0 hi,  0.0 si,  0.0 st
MiB Mem :   7936.0 total,   6810.1 free,    495.6 used,    630.3 buff/cache
MiB Swap:   1024.0 total,   1024.0 free,      0.0 used.   7281.6 avail Mem 

  PID USER      PR  NI    VIRT    RES    SHR S  %CPU  %MEM     TIME+ COMMAND
    8 agent-a+  30  10  170752  68260   8572 S   0.0   0.8   0:00.05 agent-app+
   90 agent-a+  30  10  170752  68260   8572 S   0.0   0.8   0:00.16 agent-app+
   91 agent-a+  30  10  170752  68260   8572 S   0.0   0.8   0:00.20 agent-app+
--- ps -L PID=8 ---
  PID   TID STAT %CPU %MEM WCHAN                            COMMAND
    8     8 SNl   0.0  0.8 futex_wait_queue                 agent-app-linux
    8    90 SNl   0.2  0.8 do_select                        agent-app-linux
    8    91 SNl   0.2  0.8 do_select                        agent-app-linux
--- docker stats ---
NAME=codyssey-agent-oom-after-20260915-140104-61678 CPU=0.00% MEM=60.03MiB / 1GiB MEM_PERC=5.86% PIDS=5

=== t+55s ===
2026-09-15T14:02:26+0900
--- identity ---
uid=10001(agent-admin) gid=10001(agent-admin) groups=10001(agent-admin)
--- monitor.sh ---
[2026-09-15 05:02:26] PROCESS:agent-app-linux-arm64 PID:7 PPID:1 ETIME:01:18 CPU:0.0% MEM:0.0% RSS:1.6MB RSS_KB:1636 VSZ_KB:2600 STAT:S PORT:15034
[2026-09-15 05:02:26] PROCESS:agent-app-linux-arm64 PID:8 PPID:7 ETIME:01:18 CPU:0.5% MEM:1.4% RSS:116.7MB RSS_KB:119464 VSZ_KB:236288 STAT:SNl PORT:15034
--- ps -ef ---
UID        PID  PPID  C STIME TTY          TIME CMD
agent-a+     1     0  0 05:01 ?        00:00:00 /sbin/docker-init -- /opt/agent/agent-app-linux-arm64
agent-a+     7     1  0 05:01 ?        00:00:00 /opt/agent/agent-app-linux-arm64
agent-a+     8     7  0 05:01 ?        00:00:00 /opt/agent/agent-app-linux-arm64
agent-a+   872     0  0 05:02 ?        00:00:00 ps -ef
--- ps process PID=7 ---
  PID  PPID     ELAPSED %CPU %MEM   RSS    VSZ STAT CMD
    7     1       01:19  0.0  0.0  1636   2600 S    /opt/agent/agent-app-linux-arm64
--- top -H PID=7 ---
top - 05:02:26 up 49 min,  0 users,  load average: 0.39, 0.21, 0.12
Threads:   1 total,   0 running,   1 sleeping,   0 stopped,   0 zombie
%Cpu(s):  0.0 us,  0.0 sy,  0.0 ni,100.0 id,  0.0 wa,  0.0 hi,  0.0 si,  0.0 st
MiB Mem :   7936.0 total,   6757.3 free,    548.4 used,    630.3 buff/cache
MiB Swap:   1024.0 total,   1024.0 free,      0.0 used.   7228.8 avail Mem 

  PID USER      PR  NI    VIRT    RES    SHR S  %CPU  %MEM     TIME+ COMMAND
    7 agent-a+  20   0    2600   1636   1424 S   0.0   0.0   0:00.06 agent-app+
--- ps -L PID=7 ---
  PID   TID STAT %CPU %MEM WCHAN                            COMMAND
    7     7 S     0.0  0.0 do_wait                          agent-app-linux
--- ps process PID=8 ---
  PID  PPID     ELAPSED %CPU %MEM   RSS    VSZ STAT CMD
    8     7       01:19  0.5  1.4 119464 236288 SNl /opt/agent/agent-app-linux-arm64
--- top -H PID=8 ---
top - 05:02:27 up 49 min,  0 users,  load average: 0.39, 0.21, 0.12
Threads:   3 total,   0 running,   3 sleeping,   0 stopped,   0 zombie
%Cpu(s):  0.0 us,  0.0 sy,  0.0 ni,100.0 id,  0.0 wa,  0.0 hi,  0.0 si,  0.0 st
MiB Mem :   7936.0 total,   6743.8 free,    561.9 used,    630.3 buff/cache
MiB Swap:   1024.0 total,   1024.0 free,      0.0 used.   7215.4 avail Mem 

  PID USER      PR  NI    VIRT    RES    SHR S  %CPU  %MEM     TIME+ COMMAND
    8 agent-a+  30  10  236288 119464   8572 S   0.0   1.5   0:00.05 agent-app+
   90 agent-a+  30  10  236288 119464   8572 S   0.0   1.5   0:00.16 agent-app+
   91 agent-a+  30  10  236288 119464   8572 S   0.0   1.5   0:00.22 agent-app+
--- ps -L PID=8 ---
  PID   TID STAT %CPU %MEM WCHAN                            COMMAND
    8     8 SNl   0.0  1.4 futex_wait_queue                 agent-app-linux
    8    90 SNl   0.2  1.4 do_select                        agent-app-linux
    8    91 SNl   0.2  1.4 do_select                        agent-app-linux
--- docker stats ---
NAME=codyssey-agent-oom-after-20260915-140104-61678 CPU=0.76% MEM=135.4MiB / 1GiB MEM_PERC=13.22% PIDS=5

=== t+60s ===
2026-09-15T14:02:33+0900
--- identity ---
uid=10001(agent-admin) gid=10001(agent-admin) groups=10001(agent-admin)
--- monitor.sh ---
[2026-09-15 05:02:33] PROCESS:agent-app-linux-arm64 PID:7 PPID:1 ETIME:01:25 CPU:0.0% MEM:0.0% RSS:1.6MB RSS_KB:1636 VSZ_KB:2600 STAT:S PORT:15034
[2026-09-15 05:02:33] PROCESS:agent-app-linux-arm64 PID:8 PPID:7 ETIME:01:25 CPU:0.5% MEM:2.1% RSS:166.7MB RSS_KB:170668 VSZ_KB:301824 STAT:SNl PORT:15034
--- ps -ef ---
UID        PID  PPID  C STIME TTY          TIME CMD
agent-a+     1     0  0 05:01 ?        00:00:00 /sbin/docker-init -- /opt/agent/agent-app-linux-arm64
agent-a+     7     1  0 05:01 ?        00:00:00 /opt/agent/agent-app-linux-arm64
agent-a+     8     7  0 05:01 ?        00:00:00 /opt/agent/agent-app-linux-arm64
agent-a+   947     0  0 05:02 ?        00:00:00 ps -ef
--- ps process PID=7 ---
  PID  PPID     ELAPSED %CPU %MEM   RSS    VSZ STAT CMD
    7     1       01:26  0.0  0.0  1636   2600 S    /opt/agent/agent-app-linux-arm64
--- top -H PID=7 ---
top - 05:02:33 up 49 min,  0 users,  load average: 0.36, 0.21, 0.12
Threads:   1 total,   0 running,   1 sleeping,   0 stopped,   0 zombie
%Cpu(s):  0.0 us,  0.6 sy,  0.0 ni, 99.4 id,  0.0 wa,  0.0 hi,  0.0 si,  0.0 st
MiB Mem :   7936.0 total,   6709.4 free,    596.3 used,    630.3 buff/cache
MiB Swap:   1024.0 total,   1024.0 free,      0.0 used.   7180.9 avail Mem 

  PID USER      PR  NI    VIRT    RES    SHR S  %CPU  %MEM     TIME+ COMMAND
    7 agent-a+  20   0    2600   1636   1424 S   0.0   0.0   0:00.06 agent-app+
--- ps -L PID=7 ---
  PID   TID STAT %CPU %MEM WCHAN                            COMMAND
    7     7 S     0.0  0.0 do_wait                          agent-app-linux
--- ps process PID=8 ---
  PID  PPID     ELAPSED %CPU %MEM   RSS    VSZ STAT CMD
    8     7       01:26  0.5  2.1 170668 301824 SNl /opt/agent/agent-app-linux-arm64
--- top -H PID=8 ---
top - 05:02:34 up 49 min,  0 users,  load average: 0.36, 0.21, 0.12
Threads:   3 total,   0 running,   3 sleeping,   0 stopped,   0 zombie
%Cpu(s):  0.0 us,  0.0 sy,  0.0 ni,100.0 id,  0.0 wa,  0.0 hi,  0.0 si,  0.0 st
MiB Mem :   7936.0 total,   6713.4 free,    592.2 used,    630.3 buff/cache
MiB Swap:   1024.0 total,   1024.0 free,      0.0 used.   7185.0 avail Mem 

  PID USER      PR  NI    VIRT    RES    SHR S  %CPU  %MEM     TIME+ COMMAND
    8 agent-a+  30  10  301824 170668   8572 S   0.0   2.1   0:00.05 agent-app+
   90 agent-a+  30  10  301824 170668   8572 S   0.0   2.1   0:00.19 agent-app+
   91 agent-a+  30  10  301824 170668   8572 S   0.0   2.1   0:00.24 agent-app+
--- ps -L PID=8 ---
  PID   TID STAT %CPU %MEM WCHAN                            COMMAND
    8     8 SNl   0.0  2.4 futex_wait_queue                 agent-app-linux
    8    90 SNl   0.2  2.4 do_select                        agent-app-linux
    8    91 SNl   0.2  2.4 do_select                        agent-app-linux
--- docker stats ---
NAME=codyssey-agent-oom-after-20260915-140104-61678 CPU=1.01% MEM=185.3MiB / 1GiB MEM_PERC=18.10% PIDS=5

=== t+65s ===
2026-09-15T14:02:40+0900
--- identity ---
uid=10001(agent-admin) gid=10001(agent-admin) groups=10001(agent-admin)
--- monitor.sh ---
[2026-09-15 05:02:40] PROCESS:agent-app-linux-arm64 PID:7 PPID:1 ETIME:01:32 CPU:0.0% MEM:0.0% RSS:1.6MB RSS_KB:1636 VSZ_KB:2600 STAT:S PORT:15034
[2026-09-15 05:02:40] PROCESS:agent-app-linux-arm64 PID:8 PPID:7 ETIME:01:32 CPU:0.5% MEM:3.0% RSS:241.7MB RSS_KB:247476 VSZ_KB:432896 STAT:SNl PORT:15034
--- ps -ef ---
UID        PID  PPID  C STIME TTY          TIME CMD
agent-a+     1     0  0 05:01 ?        00:00:00 /sbin/docker-init -- /opt/agent/agent-app-linux-arm64
agent-a+     7     1  0 05:01 ?        00:00:00 /opt/agent/agent-app-linux-arm64
agent-a+     8     7  0 05:01 ?        00:00:00 /opt/agent/agent-app-linux-arm64
agent-a+  1023     0  0 05:02 ?        00:00:00 ps -ef
--- ps process PID=7 ---
  PID  PPID     ELAPSED %CPU %MEM   RSS    VSZ STAT CMD
    7     1       01:33  0.0  0.0  1636   2600 S    /opt/agent/agent-app-linux-arm64
--- top -H PID=7 ---
top - 05:02:40 up 49 min,  0 users,  load average: 0.31, 0.20, 0.12
Threads:   1 total,   0 running,   1 sleeping,   0 stopped,   0 zombie
%Cpu(s):  0.0 us,  0.0 sy,  0.0 ni,100.0 id,  0.0 wa,  0.0 hi,  0.0 si,  0.0 st
MiB Mem :   7936.0 total,   6637.8 free,    667.8 used,    630.4 buff/cache
MiB Swap:   1024.0 total,   1024.0 free,      0.0 used.   7109.4 avail Mem 

  PID USER      PR  NI    VIRT    RES    SHR S  %CPU  %MEM     TIME+ COMMAND
    7 agent-a+  20   0    2600   1636   1424 S   0.0   0.0   0:00.06 agent-app+
--- ps -L PID=7 ---
  PID   TID STAT %CPU %MEM WCHAN                            COMMAND
    7     7 S     0.0  0.0 do_wait                          agent-app-linux
--- ps process PID=8 ---
  PID  PPID     ELAPSED %CPU %MEM   RSS    VSZ STAT CMD
    8     7       01:33  0.5  3.0 247476 432896 SNl /opt/agent/agent-app-linux-arm64
--- top -H PID=8 ---
top - 05:02:41 up 49 min,  0 users,  load average: 0.31, 0.20, 0.12
Threads:   3 total,   1 running,   2 sleeping,   0 stopped,   0 zombie
%Cpu(s):  0.0 us,  0.0 sy,  0.0 ni,100.0 id,  0.0 wa,  0.0 hi,  0.0 si,  0.0 st
MiB Mem :   7936.0 total,   6639.8 free,    665.9 used,    630.4 buff/cache
MiB Swap:   1024.0 total,   1024.0 free,      0.0 used.   7111.3 avail Mem 

  PID USER      PR  NI    VIRT    RES    SHR S  %CPU  %MEM     TIME+ COMMAND
    8 agent-a+  30  10  432896 247476   8572 S   0.0   3.0   0:00.05 agent-app+
   90 agent-a+  30  10  432896 247476   8572 S   0.0   3.0   0:00.19 agent-app+
   91 agent-a+  30  10  432896 247476   8572 R   0.0   3.0   0:00.26 agent-app+
--- ps -L PID=8 ---
  PID   TID STAT %CPU %MEM WCHAN                            COMMAND
    8     8 SNl   0.0  3.0 futex_wait_queue                 agent-app-linux
    8    90 SNl   0.2  3.0 do_select                        agent-app-linux
    8    91 SNl   0.2  3.0 do_select                        agent-app-linux
--- docker stats ---
NAME=codyssey-agent-oom-after-20260915-140104-61678 CPU=0.04% MEM=235.4MiB / 1GiB MEM_PERC=22.99% PIDS=5

=== t+70s ===
2026-09-15T14:02:47+0900
--- identity ---
uid=10001(agent-admin) gid=10001(agent-admin) groups=10001(agent-admin)
--- monitor.sh ---
[2026-09-15 05:02:47] PROCESS:agent-app-linux-arm64 PID:7 PPID:1 ETIME:01:39 CPU:0.0% MEM:0.0% RSS:1.6MB RSS_KB:1636 VSZ_KB:2600 STAT:S PORT:15034
[2026-09-15 05:02:47] PROCESS:agent-app-linux-arm64 PID:8 PPID:7 ETIME:01:39 CPU:0.5% MEM:3.6% RSS:291.7MB RSS_KB:298680 VSZ_KB:498432 STAT:SNl PORT:15034
--- ps -ef ---
UID        PID  PPID  C STIME TTY          TIME CMD
agent-a+     1     0  0 05:01 ?        00:00:00 /sbin/docker-init -- /opt/agent/agent-app-linux-arm64
agent-a+     7     1  0 05:01 ?        00:00:00 /opt/agent/agent-app-linux-arm64
agent-a+     8     7  0 05:01 ?        00:00:00 /opt/agent/agent-app-linux-arm64
agent-a+  1098     0  0 05:02 ?        00:00:00 ps -ef
--- ps process PID=7 ---
  PID  PPID     ELAPSED %CPU %MEM   RSS    VSZ STAT CMD
    7     1       01:40  0.0  0.0  1636   2600 S    /opt/agent/agent-app-linux-arm64
--- top -H PID=7 ---
top - 05:02:47 up 49 min,  0 users,  load average: 0.28, 0.20, 0.12
Threads:   1 total,   0 running,   1 sleeping,   0 stopped,   0 zombie
%Cpu(s):  0.0 us,  0.6 sy,  0.0 ni, 99.4 id,  0.0 wa,  0.0 hi,  0.0 si,  0.0 st
MiB Mem :   7936.0 total,   6583.2 free,    722.4 used,    630.4 buff/cache
MiB Swap:   1024.0 total,   1024.0 free,      0.0 used.   7054.8 avail Mem 

  PID USER      PR  NI    VIRT    RES    SHR S  %CPU  %MEM     TIME+ COMMAND
    7 agent-a+  20   0    2600   1636   1424 S   0.0   0.0   0:00.06 agent-app+
--- ps -L PID=7 ---
  PID   TID STAT %CPU %MEM WCHAN                            COMMAND
    7     7 S     0.0  0.0 do_wait                          agent-app-linux
--- ps process PID=8 ---
  PID  PPID     ELAPSED %CPU %MEM   RSS    VSZ STAT CMD
    8     7       01:40  0.5  3.6 298680 498432 SNl /opt/agent/agent-app-linux-arm64
--- top -H PID=8 ---
top - 05:02:48 up 49 min,  0 users,  load average: 0.28, 0.20, 0.12
Threads:   3 total,   0 running,   3 sleeping,   0 stopped,   0 zombie
%Cpu(s):  0.0 us,  0.0 sy,  0.0 ni,100.0 id,  0.0 wa,  0.0 hi,  0.0 si,  0.0 st
MiB Mem :   7936.0 total,   6578.2 free,    727.5 used,    630.4 buff/cache
MiB Swap:   1024.0 total,   1024.0 free,      0.0 used.   7049.7 avail Mem 

  PID USER      PR  NI    VIRT    RES    SHR S  %CPU  %MEM     TIME+ COMMAND
    8 agent-a+  30  10  498432 298680   8572 S   0.0   3.7   0:00.05 agent-app+
   90 agent-a+  30  10  498432 298680   8572 S   0.0   3.7   0:00.19 agent-app+
   91 agent-a+  30  10  498432 298680   8572 S   0.0   3.7   0:00.28 agent-app+
--- ps -L PID=8 ---
  PID   TID STAT %CPU %MEM WCHAN                            COMMAND
    8     8 SNl   0.0  3.6 futex_wait_queue                 agent-app-linux
    8    90 SNl   0.1  3.6 do_select                        agent-app-linux
    8    91 SNl   0.2  3.6 do_select                        agent-app-linux
--- docker stats ---
NAME=codyssey-agent-oom-after-20260915-140104-61678 CPU=0.45% MEM=310.8MiB / 1GiB MEM_PERC=30.35% PIDS=5

=== t+75s ===
2026-09-15T14:02:54+0900
--- identity ---
uid=10001(agent-admin) gid=10001(agent-admin) groups=10001(agent-admin)
--- monitor.sh ---
[2026-09-15 05:02:54] PROCESS:agent-app-linux-arm64 PID:7 PPID:1 ETIME:01:47 CPU:0.0% MEM:0.0% RSS:1.6MB RSS_KB:1636 VSZ_KB:2600 STAT:S PORT:15034
[2026-09-15 05:02:54] PROCESS:agent-app-linux-arm64 PID:8 PPID:7 ETIME:01:47 CPU:0.5% MEM:4.3% RSS:341.7MB RSS_KB:349884 VSZ_KB:563968 STAT:SNl PORT:15034
--- ps -ef ---
UID        PID  PPID  C STIME TTY          TIME CMD
agent-a+     1     0  0 05:01 ?        00:00:00 /sbin/docker-init -- /opt/agent/agent-app-linux-arm64
agent-a+     7     1  0 05:01 ?        00:00:00 /opt/agent/agent-app-linux-arm64
agent-a+     8     7  0 05:01 ?        00:00:00 /opt/agent/agent-app-linux-arm64
agent-a+  1173     0  0 05:02 ?        00:00:00 ps -ef
--- ps process PID=7 ---
  PID  PPID     ELAPSED %CPU %MEM   RSS    VSZ STAT CMD
    7     1       01:47  0.0  0.0  1636   2600 S    /opt/agent/agent-app-linux-arm64
--- top -H PID=7 ---
top - 05:02:55 up 50 min,  0 users,  load average: 0.24, 0.19, 0.12
Threads:   1 total,   0 running,   1 sleeping,   0 stopped,   0 zombie
%Cpu(s):  0.0 us,  0.7 sy,  0.0 ni, 99.3 id,  0.0 wa,  0.0 hi,  0.0 si,  0.0 st
MiB Mem :   7936.0 total,   6522.2 free,    783.4 used,    630.4 buff/cache
MiB Swap:   1024.0 total,   1024.0 free,      0.0 used.   6993.8 avail Mem 

  PID USER      PR  NI    VIRT    RES    SHR S  %CPU  %MEM     TIME+ COMMAND
    7 agent-a+  20   0    2600   1636   1424 S   0.0   0.0   0:00.06 agent-app+
--- ps -L PID=7 ---
  PID   TID STAT %CPU %MEM WCHAN                            COMMAND
    7     7 S     0.0  0.0 do_wait                          agent-app-linux
--- ps process PID=8 ---
  PID  PPID     ELAPSED %CPU %MEM   RSS    VSZ STAT CMD
    8     7       01:47  0.5  4.6 375484 563968 SNl /opt/agent/agent-app-linux-arm64
--- top -H PID=8 ---
top - 05:02:55 up 50 min,  0 users,  load average: 0.24, 0.19, 0.12
Threads:   3 total,   0 running,   3 sleeping,   0 stopped,   0 zombie
%Cpu(s):  0.0 us,  0.6 sy,  0.0 ni, 98.7 id,  0.0 wa,  0.0 hi,  0.6 si,  0.0 st
MiB Mem :   7936.0 total,   6508.4 free,    797.3 used,    630.4 buff/cache
MiB Swap:   1024.0 total,   1024.0 free,      0.0 used.   6979.9 avail Mem 

  PID USER      PR  NI    VIRT    RES    SHR S  %CPU  %MEM     TIME+ COMMAND
    8 agent-a+  30  10  563968 375484   8572 S   0.0   4.6   0:00.05 agent-app+
   90 agent-a+  30  10  563968 375484   8572 S   0.0   4.6   0:00.23 agent-app+
   91 agent-a+  30  10  563968 375484   8572 S   0.0   4.6   0:00.30 agent-app+
--- ps -L PID=8 ---
  PID   TID STAT %CPU %MEM WCHAN                            COMMAND
    8     8 SNl   0.0  4.6 futex_wait_queue                 agent-app-linux
    8    90 SNl   0.2  4.6 do_select                        agent-app-linux
    8    91 SNl   0.2  4.6 do_select                        agent-app-linux
--- docker stats ---
NAME=codyssey-agent-oom-after-20260915-140104-61678 CPU=0.03% MEM=361.2MiB / 1GiB MEM_PERC=35.27% PIDS=5

=== t+80s ===
2026-09-15T14:03:01+0900
--- identity ---
uid=10001(agent-admin) gid=10001(agent-admin) groups=10001(agent-admin)
--- monitor.sh ---
[2026-09-15 05:03:01] PROCESS:agent-app-linux-arm64 PID:7 PPID:1 ETIME:01:54 CPU:0.0% MEM:0.0% RSS:1.6MB RSS_KB:1636 VSZ_KB:2600 STAT:S PORT:15034
[2026-09-15 05:03:01] PROCESS:agent-app-linux-arm64 PID:8 PPID:7 ETIME:01:54 CPU:0.5% MEM:5.2% RSS:416.7MB RSS_KB:426688 VSZ_KB:629504 STAT:SNl PORT:15034
--- ps -ef ---
UID        PID  PPID  C STIME TTY          TIME CMD
agent-a+     1     0  0 05:01 ?        00:00:00 /sbin/docker-init -- /opt/agent/agent-app-linux-arm64
agent-a+     7     1  0 05:01 ?        00:00:00 /opt/agent/agent-app-linux-arm64
agent-a+     8     7  0 05:01 ?        00:00:00 /opt/agent/agent-app-linux-arm64
agent-a+  1248     0  0 05:03 ?        00:00:00 ps -ef
--- ps process PID=7 ---
  PID  PPID     ELAPSED %CPU %MEM   RSS    VSZ STAT CMD
    7     1       01:54  0.0  0.0  1636   2600 S    /opt/agent/agent-app-linux-arm64
--- top -H PID=7 ---
top - 05:03:02 up 50 min,  0 users,  load average: 0.22, 0.18, 0.12
Threads:   1 total,   0 running,   1 sleeping,   0 stopped,   0 zombie
%Cpu(s):  0.0 us,  0.0 sy,  0.0 ni,100.0 id,  0.0 wa,  0.0 hi,  0.0 si,  0.0 st
MiB Mem :   7936.0 total,   6454.2 free,    851.4 used,    630.4 buff/cache
MiB Swap:   1024.0 total,   1024.0 free,      0.0 used.   6925.8 avail Mem 

  PID USER      PR  NI    VIRT    RES    SHR S  %CPU  %MEM     TIME+ COMMAND
    7 agent-a+  20   0    2600   1636   1424 S   0.0   0.0   0:00.06 agent-app+
--- ps -L PID=7 ---
  PID   TID STAT %CPU %MEM WCHAN                            COMMAND
    7     7 S     0.0  0.0 do_wait                          agent-app-linux
--- ps process PID=8 ---
  PID  PPID     ELAPSED %CPU %MEM   RSS    VSZ STAT CMD
    8     7       01:55  0.5  5.2 426688 629504 SNl /opt/agent/agent-app-linux-arm64
--- top -H PID=8 ---
top - 05:03:02 up 50 min,  0 users,  load average: 0.22, 0.18, 0.12
Threads:   3 total,   0 running,   3 sleeping,   0 stopped,   0 zombie
%Cpu(s):  0.0 us,  0.0 sy,  0.0 ni,100.0 id,  0.0 wa,  0.0 hi,  0.0 si,  0.0 st
MiB Mem :   7936.0 total,   6466.7 free,    838.9 used,    630.4 buff/cache
MiB Swap:   1024.0 total,   1024.0 free,      0.0 used.   6938.3 avail Mem 

  PID USER      PR  NI    VIRT    RES    SHR S  %CPU  %MEM     TIME+ COMMAND
    8 agent-a+  30  10  629504 426688   8572 S   0.0   5.3   0:00.05 agent-app+
   90 agent-a+  30  10  629504 426688   8572 S   0.0   5.3   0:00.24 agent-app+
   91 agent-a+  30  10  629504 426688   8572 S   0.0   5.3   0:00.32 agent-app+
--- ps -L PID=8 ---
  PID   TID STAT %CPU %MEM WCHAN                            COMMAND
    8     8 SNl   0.0  5.2 futex_wait_queue                 agent-app-linux
    8    90 SNl   0.2  5.2 do_select                        agent-app-linux
    8    91 SNl   0.2  5.2 do_select                        agent-app-linux
--- docker stats ---
NAME=codyssey-agent-oom-after-20260915-140104-61678 CPU=0.57% MEM=411MiB / 1GiB MEM_PERC=40.13% PIDS=5

=== t+85s ===
2026-09-15T14:03:08+0900
--- identity ---
uid=10001(agent-admin) gid=10001(agent-admin) groups=10001(agent-admin)
--- monitor.sh ---
[2026-09-15 05:03:09] PROCESS:agent-app-linux-arm64 PID:7 PPID:1 ETIME:02:01 CPU:0.0% MEM:0.0% RSS:1.6MB RSS_KB:1636 VSZ_KB:2600 STAT:S PORT:15034
[2026-09-15 05:03:09] PROCESS:agent-app-linux-arm64 PID:8 PPID:7 ETIME:02:01 CPU:0.5% MEM:5.8% RSS:466.7MB RSS_KB:477892 VSZ_KB:695040 STAT:SNl PORT:15034
--- ps -ef ---
UID        PID  PPID  C STIME TTY          TIME CMD
agent-a+     1     0  0 05:01 ?        00:00:00 /sbin/docker-init -- /opt/agent/agent-app-linux-arm64
agent-a+     7     1  0 05:01 ?        00:00:00 /opt/agent/agent-app-linux-arm64
agent-a+     8     7  0 05:01 ?        00:00:00 /opt/agent/agent-app-linux-arm64
agent-a+  1323     0  0 05:03 ?        00:00:00 ps -ef
--- ps process PID=7 ---
  PID  PPID     ELAPSED %CPU %MEM   RSS    VSZ STAT CMD
    7     1       02:01  0.0  0.0  1636   2600 S    /opt/agent/agent-app-linux-arm64
--- top -H PID=7 ---
top - 05:03:09 up 50 min,  0 users,  load average: 0.20, 0.18, 0.12
Threads:   1 total,   0 running,   1 sleeping,   0 stopped,   0 zombie
%Cpu(s):  0.0 us,  0.0 sy,  0.0 ni,100.0 id,  0.0 wa,  0.0 hi,  0.0 si,  0.0 st
MiB Mem :   7936.0 total,   6407.7 free,    897.9 used,    630.4 buff/cache
MiB Swap:   1024.0 total,   1024.0 free,      0.0 used.   6879.3 avail Mem 

  PID USER      PR  NI    VIRT    RES    SHR S  %CPU  %MEM     TIME+ COMMAND
    7 agent-a+  20   0    2600   1636   1424 S   0.0   0.0   0:00.06 agent-app+
--- ps -L PID=7 ---
  PID   TID STAT %CPU %MEM WCHAN                            COMMAND
    7     7 S     0.0  0.0 do_wait                          agent-app-linux
--- ps process PID=8 ---
  PID  PPID     ELAPSED %CPU %MEM   RSS    VSZ STAT CMD
    8     7       02:02  0.5  5.8 477892 695040 SNl /opt/agent/agent-app-linux-arm64
--- top -H PID=8 ---
top - 05:03:09 up 50 min,  0 users,  load average: 0.20, 0.18, 0.12
Threads:   3 total,   0 running,   3 sleeping,   0 stopped,   0 zombie
%Cpu(s):  0.0 us,  0.0 sy,  0.0 ni,100.0 id,  0.0 wa,  0.0 hi,  0.0 si,  0.0 st
MiB Mem :   7936.0 total,   6391.9 free,    913.7 used,    630.4 buff/cache
MiB Swap:   1024.0 total,   1024.0 free,      0.0 used.   6863.5 avail Mem 

  PID USER      PR  NI    VIRT    RES    SHR S  %CPU  %MEM     TIME+ COMMAND
    8 agent-a+  30  10  695040 477892   8572 S   0.0   5.9   0:00.05 agent-app+
   90 agent-a+  30  10  695040 477892   8572 S   0.0   5.9   0:00.27 agent-app+
   91 agent-a+  30  10  695040 477892   8572 S   0.0   5.9   0:00.34 agent-app+
--- ps -L PID=8 ---
  PID   TID STAT %CPU %MEM WCHAN                            COMMAND
    8     8 SNl   0.0  5.8 futex_wait_queue                 agent-app-linux
    8    90 SNl   0.2  5.8 do_select                        agent-app-linux
    8    91 SNl   0.2  5.8 do_select                        agent-app-linux
--- docker stats ---
NAME=codyssey-agent-oom-after-20260915-140104-61678 CPU=0.91% MEM=486.2MiB / 1GiB MEM_PERC=47.48% PIDS=5

=== t+90s ===
2026-09-15T14:03:16+0900
--- identity ---
uid=10001(agent-admin) gid=10001(agent-admin) groups=10001(agent-admin)
--- monitor.sh ---
[2026-09-15 05:03:16] PROCESS:agent-app-linux-arm64 PID:7 PPID:1 ETIME:02:08 CPU:0.0% MEM:0.0% RSS:1.6MB RSS_KB:1636 VSZ_KB:2600 STAT:S PORT:15034
[2026-09-15 05:03:16] PROCESS:agent-app-linux-arm64 PID:8 PPID:7 ETIME:02:08 CPU:0.5% MEM:6.5% RSS:516.7MB RSS_KB:529096 VSZ_KB:760576 STAT:SNl PORT:15034
--- ps -ef ---
UID        PID  PPID  C STIME TTY          TIME CMD
agent-a+     1     0  0 05:01 ?        00:00:00 /sbin/docker-init -- /opt/agent/agent-app-linux-arm64
agent-a+     7     1  0 05:01 ?        00:00:00 /opt/agent/agent-app-linux-arm64
agent-a+     8     7  0 05:01 ?        00:00:00 /opt/agent/agent-app-linux-arm64
agent-a+  1398     0  0 05:03 ?        00:00:00 ps -ef
--- ps process PID=7 ---
  PID  PPID     ELAPSED %CPU %MEM   RSS    VSZ STAT CMD
    7     1       02:08  0.0  0.0  1636   2600 S    /opt/agent/agent-app-linux-arm64
--- top -H PID=7 ---
top - 05:03:16 up 50 min,  0 users,  load average: 0.17, 0.17, 0.11
Threads:   1 total,   0 running,   1 sleeping,   0 stopped,   0 zombie
%Cpu(s):  0.0 us,  0.0 sy,  0.6 ni, 99.4 id,  0.0 wa,  0.0 hi,  0.0 si,  0.0 st
MiB Mem :   7936.0 total,   6790.5 free,    515.1 used,    630.4 buff/cache
MiB Swap:   1024.0 total,   1024.0 free,      0.0 used.   7262.1 avail Mem 

  PID USER      PR  NI    VIRT    RES    SHR S  %CPU  %MEM     TIME+ COMMAND
    7 agent-a+  20   0    2600   1636   1424 S   0.0   0.0   0:00.06 agent-app+
--- ps -L PID=7 ---
  PID   TID STAT %CPU %MEM WCHAN                            COMMAND
    7     7 S     0.0  0.0 do_wait                          agent-app-linux
--- ps process PID=8 ---
  PID  PPID     ELAPSED %CPU %MEM   RSS    VSZ STAT CMD
    8     7       02:09  0.5  0.8 68260 170752 SNl  /opt/agent/agent-app-linux-arm64
--- top -H PID=8 ---
top - 05:03:16 up 50 min,  0 users,  load average: 0.17, 0.17, 0.11
Threads:   3 total,   0 running,   3 sleeping,   0 stopped,   0 zombie
%Cpu(s):  0.0 us,  0.0 sy,  0.0 ni,100.0 id,  0.0 wa,  0.0 hi,  0.0 si,  0.0 st
MiB Mem :   7936.0 total,   6814.3 free,    491.2 used,    630.5 buff/cache
MiB Swap:   1024.0 total,   1024.0 free,      0.0 used.   7286.0 avail Mem 

  PID USER      PR  NI    VIRT    RES    SHR S  %CPU  %MEM     TIME+ COMMAND
    8 agent-a+  30  10  170752  68260   8572 S   0.0   0.8   0:00.05 agent-app+
   90 agent-a+  30  10  170752  68260   8572 S   0.0   0.8   0:00.30 agent-app+
   91 agent-a+  30  10  170752  68260   8572 S   0.0   0.8   0:00.36 agent-app+
--- ps -L PID=8 ---
  PID   TID STAT %CPU %MEM WCHAN                            COMMAND
    8     8 SNl   0.0  0.8 futex_wait_queue                 agent-app-linux
    8    90 SNl   0.2  0.8 do_select                        agent-app-linux
    8    91 SNl   0.2  0.8 do_select                        agent-app-linux
--- docker stats ---
NAME=codyssey-agent-oom-after-20260915-140104-61678 CPU=0.07% MEM=60.01MiB / 1GiB MEM_PERC=5.86% PIDS=5

=== final-before-stop-t+95s ===
2026-09-15T14:03:23+0900
--- identity ---
uid=10001(agent-admin) gid=10001(agent-admin) groups=10001(agent-admin)
--- monitor.sh ---
[2026-09-15 05:03:23] PROCESS:agent-app-linux-arm64 PID:7 PPID:1 ETIME:02:15 CPU:0.0% MEM:0.0% RSS:1.6MB RSS_KB:1636 VSZ_KB:2600 STAT:S PORT:15034
[2026-09-15 05:03:23] PROCESS:agent-app-linux-arm64 PID:8 PPID:7 ETIME:02:15 CPU:0.5% MEM:0.8% RSS:66.7MB RSS_KB:68260 VSZ_KB:170752 STAT:SNl PORT:15034
--- ps -ef ---
UID        PID  PPID  C STIME TTY          TIME CMD
agent-a+     1     0  0 05:01 ?        00:00:00 /sbin/docker-init -- /opt/agent/agent-app-linux-arm64
agent-a+     7     1  0 05:01 ?        00:00:00 /opt/agent/agent-app-linux-arm64
agent-a+     8     7  0 05:01 ?        00:00:00 /opt/agent/agent-app-linux-arm64
agent-a+  1473     0  0 05:03 ?        00:00:00 ps -ef
--- ps process PID=7 ---
  PID  PPID     ELAPSED %CPU %MEM   RSS    VSZ STAT CMD
    7     1       02:15  0.0  0.0  1636   2600 S    /opt/agent/agent-app-linux-arm64
--- top -H PID=7 ---
top - 05:03:23 up 50 min,  0 users,  load average: 0.16, 0.17, 0.11
Threads:   1 total,   0 running,   1 sleeping,   0 stopped,   0 zombie
%Cpu(s):  0.0 us,  0.0 sy,  0.0 ni,100.0 id,  0.0 wa,  0.0 hi,  0.0 si,  0.0 st
MiB Mem :   7936.0 total,   6798.3 free,    507.2 used,    630.5 buff/cache
MiB Swap:   1024.0 total,   1024.0 free,      0.0 used.   7270.1 avail Mem 

  PID USER      PR  NI    VIRT    RES    SHR S  %CPU  %MEM     TIME+ COMMAND
    7 agent-a+  20   0    2600   1636   1424 S   0.0   0.0   0:00.06 agent-app+
--- ps -L PID=7 ---
  PID   TID STAT %CPU %MEM WCHAN                            COMMAND
    7     7 S     0.0  0.0 do_wait                          agent-app-linux
--- ps process PID=8 ---
  PID  PPID     ELAPSED %CPU %MEM   RSS    VSZ STAT CMD
    8     7       02:16  0.5  0.8 68260 170752 SNl  /opt/agent/agent-app-linux-arm64
--- top -H PID=8 ---
top - 05:03:24 up 50 min,  0 users,  load average: 0.16, 0.17, 0.11
Threads:   3 total,   0 running,   3 sleeping,   0 stopped,   0 zombie
%Cpu(s):  0.0 us,  0.0 sy,  0.0 ni,100.0 id,  0.0 wa,  0.0 hi,  0.0 si,  0.0 st
MiB Mem :   7936.0 total,   6804.4 free,    501.1 used,    630.5 buff/cache
MiB Swap:   1024.0 total,   1024.0 free,      0.0 used.   7276.1 avail Mem 

  PID USER      PR  NI    VIRT    RES    SHR S  %CPU  %MEM     TIME+ COMMAND
    8 agent-a+  30  10  170752  68260   8572 S   0.0   0.8   0:00.05 agent-app+
   90 agent-a+  30  10  170752  68260   8572 S   0.0   0.8   0:00.31 agent-app+
   91 agent-a+  30  10  170752  68260   8572 S   0.0   0.8   0:00.38 agent-app+
--- ps -L PID=8 ---
  PID   TID STAT %CPU %MEM WCHAN                            COMMAND
    8     8 SNl   0.0  0.8 futex_wait_queue                 agent-app-linux
    8    90 SNl   0.2  0.8 do_select                        agent-app-linux
    8    91 SNl   0.2  0.8 do_select                        agent-app-linux
--- docker stats ---
NAME=codyssey-agent-oom-after-20260915-140104-61678 CPU=1.13% MEM=60.01MiB / 1GiB MEM_PERC=5.86% PIDS=5
