2026-09-15T05:14:55.511985722Z >>> Starting Agent Boot Sequence...
2026-09-15T05:14:55.512011097Z [1/6] Checking User Account               [OK]
2026-09-15T05:14:55.512012680Z    ... Running as service user 'agent-admin' (uid=10001)
2026-09-15T05:14:55.512013680Z [2/6] Verifying Environment Variables     [OK]
2026-09-15T05:14:55.512014514Z    ... All required Envs correct
2026-09-15T05:14:55.512015389Z [3/6] Checking Required Files             [OK]
2026-09-15T05:14:55.512016264Z    ... Verified 'secret.key' with correct key string.
2026-09-15T05:14:55.512017097Z [4/6] Checking Port Availability          [OK]
2026-09-15T05:14:55.512017889Z    ... Port 15034 is available.
2026-09-15T05:14:55.512018680Z [5/6] Verifying Log Permission            [OK]
2026-09-15T05:14:55.512019514Z    ... Log directory is writable: /var/log/agent-app
2026-09-15T05:14:55.512020347Z [6/6] Verifying Mission Environment       [OK]
2026-09-15T05:14:55.512021180Z    ... MEMORY_LIMIT=512MB, CPU_MAX_OCCUPY=10%, MULTI_THREAD_ENABLE=False
2026-09-15T05:14:55.512022139Z ------------------------------------------------------------
2026-09-15T05:14:55.512022972Z All Boot Checks Passed!
2026-09-15T05:14:55.512023764Z Agent READY
2026-09-15T05:14:55.512024555Z 2026-09-15 05:14:55,511 [INFO] [SafetyGuard] Process priority lowered (nice=10).
2026-09-15T05:14:55.512025472Z 2026-09-15 05:14:55,511 [INFO] Agent listening at port 15034
2026-09-15T05:14:57.522144209Z 
2026-09-15T05:14:57.522186000Z ==================================================
2026-09-15T05:14:57.522189792Z  [ Agent Initiate ] Resource Check 
2026-09-15T05:14:57.522191792Z ==================================================
2026-09-15T05:14:57.522193667Z  [ MEMORY ] Limit: 512MB 		[ OK ]
2026-09-15T05:14:57.522198209Z  [ CPU    ] Limit: 10%  		[ OK ]
2026-09-15T05:14:57.522200167Z  [ THREAD ] Concurrency: False 		[ OK ]
2026-09-15T05:14:57.522201959Z --------------------------------------------------
2026-09-15T05:14:57.522203917Z  >>> SYSTEM STATUS: STABLE. STARTING WORKLOAD MONITORING...
2026-09-15T05:14:57.522205917Z ==================================================
2026-09-15T05:14:57.522207667Z 
2026-09-15T05:14:57.522209375Z 2026-09-15 05:14:57,520 [INFO] >>> Scenario Selected: [Healthy System Monitoring]
2026-09-15T05:14:57.522211417Z 
2026-09-15T05:14:57.522213167Z >>> [SYSTEM] ALL CONFIGURATIONS OPTIMAL. RUNNING STABILITY TEST... <<<
2026-09-15T05:14:57.522215209Z 
2026-09-15T05:14:57.522216834Z 2026-09-15 05:14:57,521 [INFO] [Scheduler] Task Scheduler Initialized.
2026-09-15T05:14:57.522218875Z 2026-09-15 05:14:57,521 [INFO] [Scheduler] Registered Tasks: ['Thread-A', 'Thread-B', 'Thread-C']
2026-09-15T05:14:57.522239250Z 2026-09-15 05:14:57,521 [INFO] [Scheduler] Starting task execution...
2026-09-15T05:14:57.522241375Z 2026-09-15 05:14:57,521 [INFO] [Thread-B] Task Started. Calculating... (20%)
2026-09-15T05:14:57.577809459Z 2026-09-15 05:14:57,576 [INFO] [Thread-B] Calculating... (40%)
2026-09-15T05:14:57.633473292Z 2026-09-15 05:14:57,632 [INFO] [Thread-B] Calculating... (60%)
2026-09-15T05:14:57.686147459Z 2026-09-15 05:14:57,685 [INFO] [Thread-B] Calculating... (80%)
2026-09-15T05:14:57.741636917Z 2026-09-15 05:14:57,740 [INFO] [Thread-B] Task Completed. (100%)
2026-09-15T05:14:57.798555000Z 2026-09-15 05:14:57,796 [INFO] [Thread-C] Task Started. Calculating... (20%)
2026-09-15T05:14:57.851149959Z 2026-09-15 05:14:57,850 [INFO] [Thread-C] Calculating... (40%)
2026-09-15T05:14:57.907677875Z 2026-09-15 05:14:57,903 [INFO] [Thread-C] Calculating... (60%)
2026-09-15T05:14:57.961734667Z 2026-09-15 05:14:57,960 [INFO] [Thread-C] Calculating... (80%)
2026-09-15T05:14:58.017244959Z 2026-09-15 05:14:58,016 [INFO] [Thread-C] Task Completed. (100%)
2026-09-15T05:14:58.074223167Z 2026-09-15 05:14:58,072 [INFO] [Thread-A] Task Started. Calculating... (20%)
2026-09-15T05:14:58.127428751Z 2026-09-15 05:14:58,127 [INFO] [Thread-A] Calculating... (40%)
2026-09-15T05:14:58.205698542Z 2026-09-15 05:14:58,182 [INFO] [Thread-A] Calculating... (60%)
2026-09-15T05:14:58.255501834Z 2026-09-15 05:14:58,254 [INFO] [Thread-A] Calculating... (80%)
2026-09-15T05:14:58.308935292Z 2026-09-15 05:14:58,308 [INFO] [Thread-A] Task Completed. (100%)
2026-09-15T05:14:58.361225709Z 2026-09-15 05:14:58,360 [INFO] [Scheduler] All tasks completed.
2026-09-15T05:14:58.373751876Z 2026-09-15 05:14:58,373 [INFO] [MemoryWorker] Current Heap: 25MB
2026-09-15T05:14:58.373770584Z 2026-09-15 05:14:58,373 [INFO] [CpuWorker] Started. Maximum CPU Limit: 10%
2026-09-15T05:14:58.373881209Z 2026-09-15 05:14:58,373 [INFO] [CpuWorker] Current Load: 5.00%
2026-09-15T05:15:01.414163127Z 2026-09-15 05:15:01,411 [INFO] [MemoryWorker] Current Heap: 50MB
2026-09-15T05:15:01.504248919Z 2026-09-15 05:15:01,500 [INFO] [CpuWorker] Current Load: 9.26%
2026-09-15T05:15:03.617041878Z 2026-09-15 05:15:03,615 [INFO] [CpuWorker] Peak reached (10.00%). Starting cooldown...
2026-09-15T05:15:04.437352712Z 2026-09-15 05:15:04,437 [INFO] [MemoryWorker] Current Heap: 75MB
2026-09-15T05:15:04.618948129Z 2026-09-15 05:15:04,618 [INFO] [CpuWorker] Current Load: 10.00%
2026-09-15T05:15:06.730164630Z 2026-09-15 05:15:06,729 [INFO] [CpuWorker] Cooldown complete (5.00%). Resuming load increase...
2026-09-15T05:15:07.465150963Z 2026-09-15 05:15:07,464 [INFO] [MemoryWorker] Current Heap: 100MB
2026-09-15T05:15:07.738922172Z 2026-09-15 05:15:07,738 [INFO] [CpuWorker] Current Load: 5.00%
2026-09-15T05:15:09.856135756Z 2026-09-15 05:15:09,855 [INFO] [CpuWorker] Peak reached (10.00%). Starting cooldown...
2026-09-15T05:15:10.485961423Z 2026-09-15 05:15:10,485 [INFO] [MemoryWorker] Current Heap: 125MB
2026-09-15T05:15:10.866994048Z 2026-09-15 05:15:10,866 [INFO] [CpuWorker] Current Load: 10.00%
2026-09-15T05:15:13.508654633Z 2026-09-15 05:15:13,508 [INFO] [MemoryWorker] Current Heap: 150MB
2026-09-15T05:15:13.997716508Z 2026-09-15 05:15:13,996 [INFO] [CpuWorker] Current Load: 6.20%
2026-09-15T05:15:16.111031551Z 2026-09-15 05:15:16,110 [INFO] [CpuWorker] Cooldown complete (5.00%). Resuming load increase...
2026-09-15T05:15:16.515146843Z 2026-09-15 05:15:16,514 [INFO] [MemoryWorker] Current Heap: 175MB
2026-09-15T05:15:17.120929510Z 2026-09-15 05:15:17,119 [INFO] [CpuWorker] Current Load: 5.00%
2026-09-15T05:15:19.543312011Z 2026-09-15 05:15:19,542 [INFO] [MemoryWorker] Current Heap: 200MB
2026-09-15T05:15:20.248084719Z 2026-09-15 05:15:20,246 [INFO] [CpuWorker] Current Load: 6.15%
2026-09-15T05:15:22.365615804Z 2026-09-15 05:15:22,364 [INFO] [CpuWorker] Peak reached (10.00%). Starting cooldown...
2026-09-15T05:15:22.573115596Z 2026-09-15 05:15:22,572 [INFO] [MemoryWorker] Current Heap: 225MB
2026-09-15T05:15:23.376033763Z 2026-09-15 05:15:23,374 [INFO] [CpuWorker] Current Load: 10.00%
2026-09-15T05:15:25.495577097Z 2026-09-15 05:15:25,494 [INFO] [CpuWorker] Cooldown complete (5.00%). Resuming load increase...
2026-09-15T05:15:25.603479305Z 2026-09-15 05:15:25,602 [INFO] [MemoryWorker] Current Heap: 250MB
2026-09-15T05:15:26.503386041Z 2026-09-15 05:15:26,502 [INFO] [CpuWorker] Current Load: 5.00%
2026-09-15T05:15:28.633712334Z 2026-09-15 05:15:28,633 [INFO] [MemoryWorker] Current Heap: 275MB
2026-09-15T05:15:29.628311543Z 2026-09-15 05:15:29,624 [INFO] [CpuWorker] Current Load: 6.87%
2026-09-15T05:15:31.644729877Z 2026-09-15 05:15:31,644 [INFO] [MemoryWorker] Current Heap: 300MB
2026-09-15T05:15:31.742770086Z 2026-09-15 05:15:31,741 [INFO] [CpuWorker] Peak reached (10.00%). Starting cooldown...
2026-09-15T05:15:32.753421336Z 2026-09-15 05:15:32,752 [INFO] [CpuWorker] Current Load: 10.00%
2026-09-15T05:15:34.663854004Z 2026-09-15 05:15:34,663 [INFO] [MemoryWorker] Current Heap: 325MB
2026-09-15T05:15:34.870752170Z 2026-09-15 05:15:34,869 [INFO] [CpuWorker] Cooldown complete (5.00%). Resuming load increase...
2026-09-15T05:15:35.881914921Z 2026-09-15 05:15:35,880 [INFO] [CpuWorker] Current Load: 5.00%
2026-09-15T05:15:37.692776463Z 2026-09-15 05:15:37,692 [INFO] [MemoryWorker] Current Heap: 350MB
2026-09-15T05:15:38.999149089Z 2026-09-15 05:15:38,997 [INFO] [CpuWorker] Current Load: 9.68%
2026-09-15T05:15:40.722781632Z 2026-09-15 05:15:40,722 [INFO] [MemoryWorker] Current Heap: 375MB
2026-09-15T05:15:41.115247382Z 2026-09-15 05:15:41,114 [INFO] [CpuWorker] Peak reached (10.00%). Starting cooldown...
2026-09-15T05:15:42.116337299Z 2026-09-15 05:15:42,116 [INFO] [CpuWorker] Current Load: 10.00%
2026-09-15T05:15:43.749360925Z 2026-09-15 05:15:43,749 [INFO] [MemoryWorker] Current Heap: 400MB
2026-09-15T05:15:44.234649258Z 2026-09-15 05:15:44,233 [INFO] [CpuWorker] Cooldown complete (5.00%). Resuming load increase...
2026-09-15T05:15:45.246561009Z 2026-09-15 05:15:45,243 [INFO] [CpuWorker] Current Load: 5.00%
2026-09-15T05:15:46.759163134Z 2026-09-15 05:15:46,758 [INFO] [MemoryWorker] Current Heap: 425MB
2026-09-15T05:15:47.362990135Z 2026-09-15 05:15:47,362 [INFO] [CpuWorker] Peak reached (10.00%). Starting cooldown...
2026-09-15T05:15:48.371262427Z 2026-09-15 05:15:48,369 [INFO] [CpuWorker] Current Load: 10.00%
2026-09-15T05:15:49.793567886Z 2026-09-15 05:15:49,793 [INFO] [MemoryWorker] Current Heap: 450MB
2026-09-15T05:15:50.474535595Z 2026-09-15 05:15:50,473 [INFO] [CpuWorker] Cooldown complete (5.00%). Resuming load increase...
2026-09-15T05:15:51.480555803Z 2026-09-15 05:15:51,480 [INFO] [CpuWorker] Current Load: 5.00%
2026-09-15T05:15:52.819298429Z 2026-09-15 05:15:52,818 [INFO] [MemoryWorker] Current Heap: 475MB
2026-09-15T05:15:54.603831805Z 2026-09-15 05:15:54,602 [INFO] [CpuWorker] Current Load: 6.01%
2026-09-15T05:15:55.845230139Z 2026-09-15 05:15:55,844 [INFO] [MemoryWorker] Current Heap: 500MB
2026-09-15T05:15:56.713936625Z 2026-09-15 05:15:56,713 [INFO] [CpuWorker] Peak reached (10.00%). Starting cooldown...
2026-09-15T05:15:57.720640292Z 2026-09-15 05:15:57,719 [INFO] [CpuWorker] Current Load: 10.00%
2026-09-15T05:15:58.868382418Z 2026-09-15 05:15:58,867 [INFO] [MemoryWorker] Current Heap: 525MB
2026-09-15T05:15:58.868402501Z 2026-09-15 05:15:58,868 [WARNING] [MemoryWorker] Memory Usage Reached Limit (525MB). Starting cleanup...
2026-09-15T05:15:58.875136918Z 2026-09-15 05:15:58,874 [INFO] [System] Memory Cache Flushed. Process Stabilized.
2026-09-15T05:16:00.843268252Z 
2026-09-15T05:16:00.843330710Z >>> [SYSTEM] MEMORY RECOVERED (Cache Cleared) <<<
2026-09-15T05:16:00.843341127Z 
2026-09-15T05:16:00.843347127Z 2026-09-15 05:16:00,841 [INFO] [CpuWorker] Current Load: 9.20%
2026-09-15T05:16:02.963479878Z 2026-09-15 05:16:02,962 [INFO] [CpuWorker] Cooldown complete (5.00%). Resuming load increase...
2026-09-15T05:16:03.915057337Z 2026-09-15 05:16:03,914 [INFO] [MemoryWorker] Current Heap: 25MB
2026-09-15T05:16:03.969509628Z 2026-09-15 05:16:03,969 [INFO] [CpuWorker] Current Load: 5.00%
2026-09-15T05:16:06.943503380Z 2026-09-15 05:16:06,942 [INFO] [MemoryWorker] Current Heap: 50MB
2026-09-15T05:16:07.091256005Z 2026-09-15 05:16:07,090 [INFO] [CpuWorker] Current Load: 5.18%
2026-09-15T05:16:09.973188423Z 2026-09-15 05:16:09,972 [INFO] [MemoryWorker] Current Heap: 75MB
2026-09-15T05:16:10.227834840Z 2026-09-15 05:16:10,225 [INFO] [CpuWorker] Current Load: 8.85%
2026-09-15T05:16:12.342922882Z 2026-09-15 05:16:12,342 [INFO] [CpuWorker] Peak reached (10.00%). Starting cooldown...
2026-09-15T05:16:12.994288508Z 2026-09-15 05:16:12,993 [INFO] [MemoryWorker] Current Heap: 100MB
2026-09-15T05:16:13.355586300Z 2026-09-15 05:16:13,354 [INFO] [CpuWorker] Current Load: 10.00%
