
=== initial ===
2026-09-15T14:14:55+0900
--- identity ---
uid=10001(agent-admin) gid=10001(agent-admin) groups=10001(agent-admin)
--- monitor.sh ---
[2026-09-15 05:14:55] PROCESS:agent-app-linux-arm64 PID:7 PPID:1 ETIME:00:01 CPU:7.0% MEM:0.0% RSS:1.6MB RSS_KB:1636 VSZ_KB:2600 STAT:S PORT:15034
[2026-09-15 05:14:55] PROCESS:agent-app-linux-arm64 PID:14 PPID:7 ETIME:00:00 CPU:0.0% MEM:0.2% RSS:16.4MB RSS_KB:16844 VSZ_KB:22144 STAT:SN PORT:15034
--- ps -ef ---
UID        PID  PPID  C STIME TTY          TIME CMD
agent-a+     1     0  1 05:14 ?        00:00:00 /sbin/docker-init -- /opt/agent/agent-app-linux-arm64
agent-a+     7     1  7 05:14 ?        00:00:00 /opt/agent/agent-app-linux-arm64
agent-a+    14     7  0 05:14 ?        00:00:00 /opt/agent/agent-app-linux-arm64
agent-a+    42     0  0 05:14 ?        00:00:00 ps -ef
--- ps process PID=7 ---
  PID  PPID     ELAPSED %CPU %MEM   RSS    VSZ STAT CMD
    7     1       00:01  7.0  0.0  1636   2600 S    /opt/agent/agent-app-linux-arm64
--- top -H PID=7 ---
top - 05:14:56 up  1:02,  0 users,  load average: 0.65, 0.23, 0.13
Threads:   1 total,   0 running,   1 sleeping,   0 stopped,   0 zombie
%Cpu(s):  0.0 us,  0.0 sy,  0.0 ni,100.0 id,  0.0 wa,  0.0 hi,  0.0 si,  0.0 st
MiB Mem :   7936.0 total,   6840.0 free,    461.4 used,    634.6 buff/cache
MiB Swap:   1024.0 total,   1024.0 free,      0.0 used.   7315.6 avail Mem 

  PID USER      PR  NI    VIRT    RES    SHR S  %CPU  %MEM     TIME+ COMMAND
    7 agent-a+  20   0    2600   1636   1424 S   0.0   0.0   0:00.07 agent-app+
--- ps -L PID=7 ---
  PID   TID STAT %CPU %MEM WCHAN                            COMMAND
    7     7 S     7.0  0.0 do_wait                          agent-app-linux
--- ps process PID=14 ---
  PID  PPID     ELAPSED %CPU %MEM   RSS    VSZ STAT CMD
   14     7       00:00  0.0  0.2 16844  22144 SN   /opt/agent/agent-app-linux-arm64
--- top -H PID=14 ---
top - 05:14:56 up  1:02,  0 users,  load average: 0.65, 0.23, 0.13
Threads:   1 total,   0 running,   1 sleeping,   0 stopped,   0 zombie
%Cpu(s):  0.0 us,  0.0 sy,  0.0 ni,100.0 id,  0.0 wa,  0.0 hi,  0.0 si,  0.0 st
MiB Mem :   7936.0 total,   6850.5 free,    450.9 used,    634.6 buff/cache
MiB Swap:   1024.0 total,   1024.0 free,      0.0 used.   7326.1 avail Mem 

  PID USER      PR  NI    VIRT    RES    SHR S  %CPU  %MEM     TIME+ COMMAND
   14 agent-a+  30  10   22144  16844   8572 S   0.0   0.2   0:00.04 agent-app+
--- ps -L PID=14 ---
  PID   TID STAT %CPU %MEM WCHAN                            COMMAND
   14    14 SN    4.0  0.2 do_select                        agent-app-linux
--- docker stats ---
NAME=codyssey-agent-cpu-before-20260915-141452-66829 CPU=0.01% MEM=9.746MiB / 1GiB MEM_PERC=0.95% PIDS=3

=== t+2s ===
2026-09-15T14:14:59+0900
--- identity ---
uid=10001(agent-admin) gid=10001(agent-admin) groups=10001(agent-admin)
--- monitor.sh ---
[2026-09-15 05:14:59] PROCESS:agent-app-linux-arm64 PID:7 PPID:1 ETIME:00:05 CPU:1.4% MEM:0.0% RSS:1.6MB RSS_KB:1636 VSZ_KB:2600 STAT:S PORT:15034
[2026-09-15 05:14:59] PROCESS:agent-app-linux-arm64 PID:14 PPID:7 ETIME:00:04 CPU:2.2% MEM:0.5% RSS:41.7MB RSS_KB:42664 VSZ_KB:196356 STAT:SNl PORT:15034
--- ps -ef ---
UID        PID  PPID  C STIME TTY          TIME CMD
agent-a+     1     0  0 05:14 ?        00:00:00 /sbin/docker-init -- /opt/agent/agent-app-linux-arm64
agent-a+     7     1  1 05:14 ?        00:00:00 /opt/agent/agent-app-linux-arm64
agent-a+    14     7  2 05:14 ?        00:00:00 /opt/agent/agent-app-linux-arm64
agent-a+   119     0  0 05:14 ?        00:00:00 ps -ef
--- ps process PID=7 ---
  PID  PPID     ELAPSED %CPU %MEM   RSS    VSZ STAT CMD
    7     1       00:05  1.4  0.0  1636   2600 S    /opt/agent/agent-app-linux-arm64
--- top -H PID=7 ---
top - 05:15:00 up  1:02,  0 users,  load average: 0.65, 0.23, 0.13
Threads:   1 total,   0 running,   1 sleeping,   0 stopped,   0 zombie
%Cpu(s):  0.0 us,  0.0 sy,  0.0 ni,100.0 id,  0.0 wa,  0.0 hi,  0.0 si,  0.0 st
MiB Mem :   7936.0 total,   6833.2 free,    468.2 used,    634.6 buff/cache
MiB Swap:   1024.0 total,   1024.0 free,      0.0 used.   7308.8 avail Mem 

  PID USER      PR  NI    VIRT    RES    SHR S  %CPU  %MEM     TIME+ COMMAND
    7 agent-a+  20   0    2600   1636   1424 S   0.0   0.0   0:00.07 agent-app+
--- ps -L PID=7 ---
  PID   TID STAT %CPU %MEM WCHAN                            COMMAND
    7     7 S     1.4  0.0 do_wait                          agent-app-linux
--- ps process PID=14 ---
  PID  PPID     ELAPSED %CPU %MEM   RSS    VSZ STAT CMD
   14     7       00:04  2.2  0.5 42664 196356 SNl  /opt/agent/agent-app-linux-arm64
--- top -H PID=14 ---
top - 05:15:00 up  1:02,  0 users,  load average: 1.00, 0.31, 0.16
Threads:   3 total,   0 running,   3 sleeping,   0 stopped,   0 zombie
%Cpu(s):  0.0 us,  0.0 sy,  0.0 ni,100.0 id,  0.0 wa,  0.0 hi,  0.0 si,  0.0 st
MiB Mem :   7936.0 total,   6827.7 free,    473.6 used,    634.7 buff/cache
MiB Swap:   1024.0 total,   1024.0 free,      0.0 used.   7303.4 avail Mem 

  PID USER      PR  NI    VIRT    RES    SHR S  %CPU  %MEM     TIME+ COMMAND
   14 agent-a+  30  10  196356  42664   8572 S   0.0   0.5   0:00.07 agent-app+
   90 agent-a+  30  10  196356  42664   8572 S   0.0   0.5   0:00.01 agent-app+
   91 agent-a+  30  10  196356  42664   8572 S   0.0   0.5   0:00.00 agent-app+
--- ps -L PID=14 ---
  PID   TID STAT %CPU %MEM WCHAN                            COMMAND
   14    14 SNl   1.4  0.5 futex_wait_queue                 agent-app-linux
   14    90 SNl   0.3  0.5 do_select                        agent-app-linux
   14    91 SNl   0.0  0.5 do_select                        agent-app-linux
--- docker stats ---
NAME=codyssey-agent-cpu-before-20260915-141452-66829 CPU=4.27% MEM=60.5MiB / 1GiB MEM_PERC=5.91% PIDS=5

=== t+4s ===
2026-09-15T14:15:03+0900
--- identity ---
uid=10001(agent-admin) gid=10001(agent-admin) groups=10001(agent-admin)
--- monitor.sh ---
[2026-09-15 05:15:03] PROCESS:agent-app-linux-arm64 PID:7 PPID:1 ETIME:00:09 CPU:0.7% MEM:0.0% RSS:1.6MB RSS_KB:1636 VSZ_KB:2600 STAT:S PORT:15034
[2026-09-15 05:15:03] PROCESS:agent-app-linux-arm64 PID:14 PPID:7 ETIME:00:08 CPU:1.6% MEM:0.8% RSS:66.7MB RSS_KB:68268 VSZ_KB:221960 STAT:SNl PORT:15034
--- ps -ef ---
UID        PID  PPID  C STIME TTY          TIME CMD
agent-a+     1     0  0 05:14 ?        00:00:00 /sbin/docker-init -- /opt/agent/agent-app-linux-arm64
agent-a+     7     1  0 05:14 ?        00:00:00 /opt/agent/agent-app-linux-arm64
agent-a+    14     7  1 05:14 ?        00:00:00 /opt/agent/agent-app-linux-arm64
agent-a+   194     0  0 05:15 ?        00:00:00 ps -ef
--- ps process PID=7 ---
  PID  PPID     ELAPSED %CPU %MEM   RSS    VSZ STAT CMD
    7     1       00:09  0.7  0.0  1636   2600 S    /opt/agent/agent-app-linux-arm64
--- top -H PID=7 ---
top - 05:15:04 up  1:02,  0 users,  load average: 1.00, 0.31, 0.16
Threads:   1 total,   0 running,   1 sleeping,   0 stopped,   0 zombie
%Cpu(s):  0.0 us,  0.0 sy,  0.0 ni,100.0 id,  0.0 wa,  0.0 hi,  0.0 si,  0.0 st
MiB Mem :   7936.0 total,   6810.5 free,    490.4 used,    635.1 buff/cache
MiB Swap:   1024.0 total,   1024.0 free,      0.0 used.   7286.6 avail Mem 

  PID USER      PR  NI    VIRT    RES    SHR S  %CPU  %MEM     TIME+ COMMAND
    7 agent-a+  20   0    2600   1636   1424 S   0.0   0.0   0:00.07 agent-app+
--- ps -L PID=7 ---
  PID   TID STAT %CPU %MEM WCHAN                            COMMAND
    7     7 S     0.7  0.0 do_wait                          agent-app-linux
--- ps process PID=14 ---
  PID  PPID     ELAPSED %CPU %MEM   RSS    VSZ STAT CMD
   14     7       00:08  1.6  0.8 68268 221960 SNl  /opt/agent/agent-app-linux-arm64
--- top -H PID=14 ---
top - 05:15:04 up  1:02,  0 users,  load average: 1.00, 0.31, 0.16
Threads:   3 total,   0 running,   3 sleeping,   0 stopped,   0 zombie
%Cpu(s):  0.0 us,  0.7 sy,  0.0 ni, 99.3 id,  0.0 wa,  0.0 hi,  0.0 si,  0.0 st
MiB Mem :   7936.0 total,   6783.3 free,    517.6 used,    635.1 buff/cache
MiB Swap:   1024.0 total,   1024.0 free,      0.0 used.   7259.4 avail Mem 

  PID USER      PR  NI    VIRT    RES    SHR S  %CPU  %MEM     TIME+ COMMAND
   14 agent-a+  30  10  247564  93872   8572 S   0.0   1.2   0:00.07 agent-app+
   90 agent-a+  30  10  247564  93872   8572 S   0.0   1.2   0:00.04 agent-app+
   91 agent-a+  30  10  247564  93872   8572 S   0.0   1.2   0:00.01 agent-app+
--- ps -L PID=14 ---
  PID   TID STAT %CPU %MEM WCHAN                            COMMAND
   14    14 SNl   0.7  1.1 futex_wait_queue                 agent-app-linux
   14    90 SNl   0.5  1.1 do_select                        agent-app-linux
   14    91 SNl   0.2  1.1 do_select                        agent-app-linux
--- docker stats ---
NAME=codyssey-agent-cpu-before-20260915-141452-66829 CPU=0.01% MEM=85.05MiB / 1GiB MEM_PERC=8.31% PIDS=5

=== t+6s ===
2026-09-15T14:15:07+0900
--- identity ---
uid=10001(agent-admin) gid=10001(agent-admin) groups=10001(agent-admin)
--- monitor.sh ---
[2026-09-15 05:15:07] PROCESS:agent-app-linux-arm64 PID:7 PPID:1 ETIME:00:13 CPU:0.5% MEM:0.0% RSS:1.6MB RSS_KB:1636 VSZ_KB:2600 STAT:S PORT:15034
[2026-09-15 05:15:07] PROCESS:agent-app-linux-arm64 PID:14 PPID:7 ETIME:00:12 CPU:1.3% MEM:1.4% RSS:116.7MB RSS_KB:119476 VSZ_KB:273168 STAT:SNl PORT:15034
--- ps -ef ---
UID        PID  PPID  C STIME TTY          TIME CMD
agent-a+     1     0  0 05:14 ?        00:00:00 /sbin/docker-init -- /opt/agent/agent-app-linux-arm64
agent-a+     7     1  0 05:14 ?        00:00:00 /opt/agent/agent-app-linux-arm64
agent-a+    14     7  1 05:14 ?        00:00:00 /opt/agent/agent-app-linux-arm64
agent-a+   270     0  0 05:15 ?        00:00:00 ps -ef
--- ps process PID=7 ---
  PID  PPID     ELAPSED %CPU %MEM   RSS    VSZ STAT CMD
    7     1       00:13  0.5  0.0  1636   2600 S    /opt/agent/agent-app-linux-arm64
--- top -H PID=7 ---
top - 05:15:08 up  1:02,  0 users,  load average: 0.92, 0.30, 0.16
Threads:   1 total,   0 running,   1 sleeping,   0 stopped,   0 zombie
%Cpu(s):  0.0 us,  0.0 sy,  0.0 ni,100.0 id,  0.0 wa,  0.0 hi,  0.0 si,  0.0 st
MiB Mem :   7936.0 total,   6730.8 free,    570.1 used,    635.1 buff/cache
MiB Swap:   1024.0 total,   1024.0 free,      0.0 used.   7206.9 avail Mem 

  PID USER      PR  NI    VIRT    RES    SHR S  %CPU  %MEM     TIME+ COMMAND
    7 agent-a+  20   0    2600   1636   1424 S   0.0   0.0   0:00.07 agent-app+
--- ps -L PID=7 ---
  PID   TID STAT %CPU %MEM WCHAN                            COMMAND
    7     7 S     0.5  0.0 do_wait                          agent-app-linux
--- ps process PID=14 ---
  PID  PPID     ELAPSED %CPU %MEM   RSS    VSZ STAT CMD
   14     7       00:13  1.2  1.4 119476 273168 SNl /opt/agent/agent-app-linux-arm64
--- top -H PID=14 ---
top - 05:15:08 up  1:02,  0 users,  load average: 0.92, 0.30, 0.16
Threads:   3 total,   0 running,   3 sleeping,   0 stopped,   0 zombie
%Cpu(s):  0.6 us,  0.6 sy,  0.0 ni, 98.7 id,  0.0 wa,  0.0 hi,  0.0 si,  0.0 st
MiB Mem :   7936.0 total,   6746.2 free,    554.7 used,    635.1 buff/cache
MiB Swap:   1024.0 total,   1024.0 free,      0.0 used.   7222.3 avail Mem 

  PID USER      PR  NI    VIRT    RES    SHR S  %CPU  %MEM     TIME+ COMMAND
   14 agent-a+  30  10  273168 119476   8572 S   0.0   1.5   0:00.07 agent-app+
   90 agent-a+  30  10  273168 119476   8572 S   0.0   1.5   0:00.05 agent-app+
   91 agent-a+  30  10  273168 119476   8572 S   0.0   1.5   0:00.03 agent-app+
--- ps -L PID=14 ---
  PID   TID STAT %CPU %MEM WCHAN                            COMMAND
   14    14 SNl   0.5  1.4 futex_wait_queue                 agent-app-linux
   14    90 SNl   0.4  1.4 do_select                        agent-app-linux
   14    91 SNl   0.2  1.4 do_select                        agent-app-linux
--- docker stats ---
NAME=codyssey-agent-cpu-before-20260915-141452-66829 CPU=0.01% MEM=110.2MiB / 1GiB MEM_PERC=10.76% PIDS=5

=== t+8s ===
2026-09-15T14:15:11+0900
--- identity ---
uid=10001(agent-admin) gid=10001(agent-admin) groups=10001(agent-admin)
--- monitor.sh ---
[2026-09-15 05:15:12] PROCESS:agent-app-linux-arm64 PID:7 PPID:1 ETIME:00:17 CPU:0.4% MEM:0.0% RSS:1.6MB RSS_KB:1636 VSZ_KB:2600 STAT:S PORT:15034
[2026-09-15 05:15:12] PROCESS:agent-app-linux-arm64 PID:14 PPID:7 ETIME:00:16 CPU:1.1% MEM:1.7% RSS:141.7MB RSS_KB:145080 VSZ_KB:298772 STAT:SNl PORT:15034
--- ps -ef ---
UID        PID  PPID  C STIME TTY          TIME CMD
agent-a+     1     0  0 05:14 ?        00:00:00 /sbin/docker-init -- /opt/agent/agent-app-linux-arm64
agent-a+     7     1  0 05:14 ?        00:00:00 /opt/agent/agent-app-linux-arm64
agent-a+    14     7  1 05:14 ?        00:00:00 /opt/agent/agent-app-linux-arm64
agent-a+   345     0  0 05:15 ?        00:00:00 ps -ef
--- ps process PID=7 ---
  PID  PPID     ELAPSED %CPU %MEM   RSS    VSZ STAT CMD
    7     1       00:17  0.4  0.0  1636   2600 S    /opt/agent/agent-app-linux-arm64
--- top -H PID=7 ---
top - 05:15:12 up  1:02,  0 users,  load average: 0.84, 0.30, 0.16
Threads:   1 total,   0 running,   1 sleeping,   0 stopped,   0 zombie
%Cpu(s):  0.0 us,  0.0 sy,  0.0 ni,100.0 id,  0.0 wa,  0.0 hi,  0.0 si,  0.0 st
MiB Mem :   7936.0 total,   6720.1 free,    580.8 used,    635.1 buff/cache
MiB Swap:   1024.0 total,   1024.0 free,      0.0 used.   7196.2 avail Mem 

  PID USER      PR  NI    VIRT    RES    SHR S  %CPU  %MEM     TIME+ COMMAND
    7 agent-a+  20   0    2600   1636   1424 S   0.0   0.0   0:00.07 agent-app+
--- ps -L PID=7 ---
  PID   TID STAT %CPU %MEM WCHAN                            COMMAND
    7     7 S     0.3  0.0 do_wait                          agent-app-linux
--- ps process PID=14 ---
  PID  PPID     ELAPSED %CPU %MEM   RSS    VSZ STAT CMD
   14     7       00:17  1.0  1.7 145080 298772 SNl /opt/agent/agent-app-linux-arm64
--- top -H PID=14 ---
top - 05:15:12 up  1:02,  0 users,  load average: 0.84, 0.30, 0.16
Threads:   3 total,   0 running,   3 sleeping,   0 stopped,   0 zombie
%Cpu(s):  0.0 us,  0.0 sy,  0.0 ni,100.0 id,  0.0 wa,  0.0 hi,  0.0 si,  0.0 st
MiB Mem :   7936.0 total,   6735.5 free,    565.4 used,    635.1 buff/cache
MiB Swap:   1024.0 total,   1024.0 free,      0.0 used.   7211.6 avail Mem 

  PID USER      PR  NI    VIRT    RES    SHR S  %CPU  %MEM     TIME+ COMMAND
   14 agent-a+  30  10  298772 145080   8572 S   0.0   1.8   0:00.07 agent-app+
   90 agent-a+  30  10  298772 145080   8572 S   0.0   1.8   0:00.05 agent-app+
   91 agent-a+  30  10  298772 145080   8572 S   0.0   1.8   0:00.04 agent-app+
--- ps -L PID=14 ---
  PID   TID STAT %CPU %MEM WCHAN                            COMMAND
   14    14 SNl   0.4  1.7 futex_wait_queue                 agent-app-linux
   14    90 SNl   0.3  1.7 do_select                        agent-app-linux
   14    91 SNl   0.2  1.7 do_select                        agent-app-linux
--- docker stats ---
NAME=codyssey-agent-cpu-before-20260915-141452-66829 CPU=0.56% MEM=160.6MiB / 1GiB MEM_PERC=15.69% PIDS=5

=== t+10s ===
2026-09-15T14:15:15+0900
--- identity ---
uid=10001(agent-admin) gid=10001(agent-admin) groups=10001(agent-admin)
--- monitor.sh ---
[2026-09-15 05:15:16] PROCESS:agent-app-linux-arm64 PID:7 PPID:1 ETIME:00:21 CPU:0.3% MEM:0.0% RSS:1.6MB RSS_KB:1636 VSZ_KB:2600 STAT:S PORT:15034
[2026-09-15 05:15:16] PROCESS:agent-app-linux-arm64 PID:14 PPID:7 ETIME:00:20 CPU:0.9% MEM:2.1% RSS:166.7MB RSS_KB:170684 VSZ_KB:324376 STAT:SNl PORT:15034
--- ps -ef ---
UID        PID  PPID  C STIME TTY          TIME CMD
agent-a+     1     0  0 05:14 ?        00:00:00 /sbin/docker-init -- /opt/agent/agent-app-linux-arm64
agent-a+     7     1  0 05:14 ?        00:00:00 /opt/agent/agent-app-linux-arm64
agent-a+    14     7  0 05:14 ?        00:00:00 /opt/agent/agent-app-linux-arm64
agent-a+   420     0  0 05:15 ?        00:00:00 ps -ef
--- ps process PID=7 ---
  PID  PPID     ELAPSED %CPU %MEM   RSS    VSZ STAT CMD
    7     1       00:21  0.3  0.0  1636   2600 S    /opt/agent/agent-app-linux-arm64
--- top -H PID=7 ---
top - 05:15:16 up  1:02,  0 users,  load average: 0.78, 0.29, 0.16
Threads:   1 total,   0 running,   1 sleeping,   0 stopped,   0 zombie
%Cpu(s):  0.0 us,  0.6 sy,  0.0 ni, 99.4 id,  0.0 wa,  0.0 hi,  0.0 si,  0.0 st
MiB Mem :   7936.0 total,   6702.4 free,    598.5 used,    635.1 buff/cache
MiB Swap:   1024.0 total,   1024.0 free,      0.0 used.   7178.5 avail Mem 

  PID USER      PR  NI    VIRT    RES    SHR S  %CPU  %MEM     TIME+ COMMAND
    7 agent-a+  20   0    2600   1636   1424 S   0.0   0.0   0:00.07 agent-app+
--- ps -L PID=7 ---
  PID   TID STAT %CPU %MEM WCHAN                            COMMAND
    7     7 S     0.3  0.0 do_wait                          agent-app-linux
--- ps process PID=14 ---
  PID  PPID     ELAPSED %CPU %MEM   RSS    VSZ STAT CMD
   14     7       00:21  0.9  2.4 196288 349980 SNl /opt/agent/agent-app-linux-arm64
--- top -H PID=14 ---
top - 05:15:16 up  1:02,  0 users,  load average: 0.78, 0.29, 0.16
Threads:   3 total,   0 running,   3 sleeping,   0 stopped,   0 zombie
%Cpu(s):  0.0 us,  0.0 sy,  0.0 ni,100.0 id,  0.0 wa,  0.0 hi,  0.0 si,  0.0 st
MiB Mem :   7936.0 total,   6669.4 free,    631.4 used,    635.1 buff/cache
MiB Swap:   1024.0 total,   1024.0 free,      0.0 used.   7145.6 avail Mem 

  PID USER      PR  NI    VIRT    RES    SHR S  %CPU  %MEM     TIME+ COMMAND
   14 agent-a+  30  10  349980 196288   8572 S   0.0   2.4   0:00.07 agent-app+
   90 agent-a+  30  10  349980 196288   8572 S   0.0   2.4   0:00.06 agent-app+
   91 agent-a+  30  10  349980 196288   8572 S   0.0   2.4   0:00.04 agent-app+
--- ps -L PID=14 ---
  PID   TID STAT %CPU %MEM WCHAN                            COMMAND
   14    14 SNl   0.3  2.4 futex_wait_queue                 agent-app-linux
   14    90 SNl   0.3  2.4 do_select                        agent-app-linux
   14    91 SNl   0.2  2.4 do_select                        agent-app-linux
--- docker stats ---
NAME=codyssey-agent-cpu-before-20260915-141452-66829 CPU=0.00% MEM=185.3MiB / 1GiB MEM_PERC=18.10% PIDS=5

=== t+12s ===
2026-09-15T14:15:20+0900
--- identity ---
uid=10001(agent-admin) gid=10001(agent-admin) groups=10001(agent-admin)
--- monitor.sh ---
[2026-09-15 05:15:20] PROCESS:agent-app-linux-arm64 PID:7 PPID:1 ETIME:00:26 CPU:0.2% MEM:0.0% RSS:1.6MB RSS_KB:1636 VSZ_KB:2600 STAT:S PORT:15034
[2026-09-15 05:15:20] PROCESS:agent-app-linux-arm64 PID:14 PPID:7 ETIME:00:25 CPU:0.8% MEM:2.7% RSS:216.7MB RSS_KB:221892 VSZ_KB:375584 STAT:SNl PORT:15034
--- ps -ef ---
UID        PID  PPID  C STIME TTY          TIME CMD
agent-a+     1     0  0 05:14 ?        00:00:00 /sbin/docker-init -- /opt/agent/agent-app-linux-arm64
agent-a+     7     1  0 05:14 ?        00:00:00 /opt/agent/agent-app-linux-arm64
agent-a+    14     7  0 05:14 ?        00:00:00 /opt/agent/agent-app-linux-arm64
agent-a+   495     0  0 05:15 ?        00:00:00 ps -ef
--- ps process PID=7 ---
  PID  PPID     ELAPSED %CPU %MEM   RSS    VSZ STAT CMD
    7     1       00:26  0.2  0.0  1636   2600 S    /opt/agent/agent-app-linux-arm64
--- top -H PID=7 ---
top - 05:15:21 up  1:02,  0 users,  load average: 0.71, 0.29, 0.16
Threads:   1 total,   0 running,   1 sleeping,   0 stopped,   0 zombie
%Cpu(s):  0.0 us,  0.0 sy,  0.0 ni,100.0 id,  0.0 wa,  0.0 hi,  0.0 si,  0.0 st
MiB Mem :   7936.0 total,   6634.4 free,    666.5 used,    635.1 buff/cache
MiB Swap:   1024.0 total,   1024.0 free,      0.0 used.   7110.5 avail Mem 

  PID USER      PR  NI    VIRT    RES    SHR S  %CPU  %MEM     TIME+ COMMAND
    7 agent-a+  20   0    2600   1636   1424 S   0.0   0.0   0:00.07 agent-app+
--- ps -L PID=7 ---
  PID   TID STAT %CPU %MEM WCHAN                            COMMAND
    7     7 S     0.2  0.0 do_wait                          agent-app-linux
--- ps process PID=14 ---
  PID  PPID     ELAPSED %CPU %MEM   RSS    VSZ STAT CMD
   14     7       00:25  0.8  2.7 221892 375584 SNl /opt/agent/agent-app-linux-arm64
--- top -H PID=14 ---
top - 05:15:21 up  1:02,  0 users,  load average: 0.71, 0.29, 0.16
Threads:   3 total,   0 running,   3 sleeping,   0 stopped,   0 zombie
%Cpu(s):  0.0 us,  0.0 sy,  0.0 ni,100.0 id,  0.0 wa,  0.0 hi,  0.0 si,  0.0 st
MiB Mem :   7936.0 total,   6647.4 free,    653.5 used,    635.1 buff/cache
MiB Swap:   1024.0 total,   1024.0 free,      0.0 used.   7123.5 avail Mem 

  PID USER      PR  NI    VIRT    RES    SHR S  %CPU  %MEM     TIME+ COMMAND
   14 agent-a+  30  10  375584 221892   8572 S   0.0   2.7   0:00.07 agent-app+
   90 agent-a+  30  10  375584 221892   8572 S   0.0   2.7   0:00.07 agent-app+
   91 agent-a+  30  10  375584 221892   8572 S   0.0   2.7   0:00.06 agent-app+
--- ps -L PID=14 ---
  PID   TID STAT %CPU %MEM WCHAN                            COMMAND
   14    14 SNl   0.2  2.7 futex_wait_queue                 agent-app-linux
   14    90 SNl   0.2  2.7 do_select                        agent-app-linux
   14    91 SNl   0.2  2.7 do_select                        agent-app-linux
--- docker stats ---
NAME=codyssey-agent-cpu-before-20260915-141452-66829 CPU=0.87% MEM=235.5MiB / 1GiB MEM_PERC=23.00% PIDS=5

=== t+14s ===
2026-09-15T14:15:24+0900
--- identity ---
uid=10001(agent-admin) gid=10001(agent-admin) groups=10001(agent-admin)
--- monitor.sh ---
[2026-09-15 05:15:24] PROCESS:agent-app-linux-arm64 PID:7 PPID:1 ETIME:00:30 CPU:0.2% MEM:0.0% RSS:1.6MB RSS_KB:1636 VSZ_KB:2600 STAT:S PORT:15034
[2026-09-15 05:15:24] PROCESS:agent-app-linux-arm64 PID:14 PPID:7 ETIME:00:29 CPU:0.7% MEM:3.0% RSS:241.7MB RSS_KB:247496 VSZ_KB:401188 STAT:SNl PORT:15034
--- ps -ef ---
UID        PID  PPID  C STIME TTY          TIME CMD
agent-a+     1     0  0 05:14 ?        00:00:00 /sbin/docker-init -- /opt/agent/agent-app-linux-arm64
agent-a+     7     1  0 05:14 ?        00:00:00 /opt/agent/agent-app-linux-arm64
agent-a+    14     7  0 05:14 ?        00:00:00 /opt/agent/agent-app-linux-arm64
agent-a+   571     0  0 05:15 ?        00:00:00 ps -ef
--- ps process PID=7 ---
  PID  PPID     ELAPSED %CPU %MEM   RSS    VSZ STAT CMD
    7     1       00:30  0.2  0.0  1636   2600 S    /opt/agent/agent-app-linux-arm64
--- top -H PID=7 ---
top - 05:15:25 up  1:02,  0 users,  load average: 0.71, 0.29, 0.16
Threads:   1 total,   0 running,   1 sleeping,   0 stopped,   0 zombie
%Cpu(s):  0.0 us,  0.0 sy,  0.0 ni,100.0 id,  0.0 wa,  0.0 hi,  0.0 si,  0.0 st
MiB Mem :   7936.0 total,   6618.2 free,    682.7 used,    635.1 buff/cache
MiB Swap:   1024.0 total,   1024.0 free,      0.0 used.   7094.3 avail Mem 

  PID USER      PR  NI    VIRT    RES    SHR S  %CPU  %MEM     TIME+ COMMAND
    7 agent-a+  20   0    2600   1636   1424 S   0.0   0.0   0:00.07 agent-app+
--- ps -L PID=7 ---
  PID   TID STAT %CPU %MEM WCHAN                            COMMAND
    7     7 S     0.2  0.0 do_wait                          agent-app-linux
--- ps process PID=14 ---
  PID  PPID     ELAPSED %CPU %MEM   RSS    VSZ STAT CMD
   14     7       00:29  0.7  3.0 247496 401188 SNl /opt/agent/agent-app-linux-arm64
--- top -H PID=14 ---
top - 05:15:25 up  1:02,  0 users,  load average: 0.66, 0.28, 0.15
Threads:   3 total,   0 running,   3 sleeping,   0 stopped,   0 zombie
%Cpu(s):  0.0 us,  0.0 sy,  0.0 ni,100.0 id,  0.0 wa,  0.0 hi,  0.0 si,  0.0 st
MiB Mem :   7936.0 total,   6612.6 free,    688.3 used,    635.1 buff/cache
MiB Swap:   1024.0 total,   1024.0 free,      0.0 used.   7088.7 avail Mem 

  PID USER      PR  NI    VIRT    RES    SHR S  %CPU  %MEM     TIME+ COMMAND
   14 agent-a+  30  10  401188 247496   8572 S   0.0   3.0   0:00.07 agent-app+
   90 agent-a+  30  10  401188 247496   8572 S   0.0   3.0   0:00.08 agent-app+
   91 agent-a+  30  10  401188 247496   8572 S   0.0   3.0   0:00.07 agent-app+
--- ps -L PID=14 ---
  PID   TID STAT %CPU %MEM WCHAN                            COMMAND
   14    14 SNl   0.2  3.3 futex_wait_queue                 agent-app-linux
   14    90 SNl   0.3  3.3 do_select                        agent-app-linux
   14    91 SNl   0.2  3.3 do_select                        agent-app-linux
--- docker stats ---
NAME=codyssey-agent-cpu-before-20260915-141452-66829 CPU=0.01% MEM=260.7MiB / 1GiB MEM_PERC=25.46% PIDS=5

=== t+16s ===
2026-09-15T14:15:29+0900
--- identity ---
uid=10001(agent-admin) gid=10001(agent-admin) groups=10001(agent-admin)
--- monitor.sh ---
[2026-09-15 05:15:29] PROCESS:agent-app-linux-arm64 PID:7 PPID:1 ETIME:00:35 CPU:0.2% MEM:0.0% RSS:1.6MB RSS_KB:1636 VSZ_KB:2600 STAT:S PORT:15034
[2026-09-15 05:15:29] PROCESS:agent-app-linux-arm64 PID:14 PPID:7 ETIME:00:34 CPU:0.8% MEM:3.6% RSS:291.7MB RSS_KB:298704 VSZ_KB:452396 STAT:SNl PORT:15034
--- ps -ef ---
UID        PID  PPID  C STIME TTY          TIME CMD
agent-a+     1     0  0 05:14 ?        00:00:00 /sbin/docker-init -- /opt/agent/agent-app-linux-arm64
agent-a+     7     1  0 05:14 ?        00:00:00 /opt/agent/agent-app-linux-arm64
agent-a+    14     7  0 05:14 ?        00:00:00 /opt/agent/agent-app-linux-arm64
agent-a+   645     0  0 05:15 ?        00:00:00 ps -ef
--- ps process PID=7 ---
  PID  PPID     ELAPSED %CPU %MEM   RSS    VSZ STAT CMD
    7     1       00:35  0.2  0.0  1636   2600 S    /opt/agent/agent-app-linux-arm64
--- top -H PID=7 ---
top - 05:15:30 up  1:02,  0 users,  load average: 0.66, 0.28, 0.15
Threads:   1 total,   0 running,   1 sleeping,   0 stopped,   0 zombie
%Cpu(s):  0.0 us,  0.0 sy,  0.0 ni,100.0 id,  0.0 wa,  0.0 hi,  0.0 si,  0.0 st
MiB Mem :   7936.0 total,   6568.0 free,    732.9 used,    635.1 buff/cache
MiB Swap:   1024.0 total,   1024.0 free,      0.0 used.   7044.1 avail Mem 

  PID USER      PR  NI    VIRT    RES    SHR S  %CPU  %MEM     TIME+ COMMAND
    7 agent-a+  20   0    2600   1636   1424 S   0.0   0.0   0:00.07 agent-app+
--- ps -L PID=7 ---
  PID   TID STAT %CPU %MEM WCHAN                            COMMAND
    7     7 S     0.2  0.0 do_wait                          agent-app-linux
--- ps process PID=14 ---
  PID  PPID     ELAPSED %CPU %MEM   RSS    VSZ STAT CMD
   14     7       00:34  0.8  3.6 298704 452396 SNl /opt/agent/agent-app-linux-arm64
--- top -H PID=14 ---
top - 05:15:30 up  1:02,  0 users,  load average: 0.60, 0.28, 0.15
Threads:   3 total,   0 running,   3 sleeping,   0 stopped,   0 zombie
%Cpu(s):  0.0 us,  0.0 sy,  0.0 ni,100.0 id,  0.0 wa,  0.0 hi,  0.0 si,  0.0 st
MiB Mem :   7936.0 total,   6562.5 free,    738.4 used,    635.1 buff/cache
MiB Swap:   1024.0 total,   1024.0 free,      0.0 used.   7038.6 avail Mem 

  PID USER      PR  NI    VIRT    RES    SHR S  %CPU  %MEM     TIME+ COMMAND
   14 agent-a+  30  10  452396 298704   8572 S   0.0   3.7   0:00.07 agent-app+
   90 agent-a+  30  10  452396 298704   8572 S   0.0   3.7   0:00.12 agent-app+
   91 agent-a+  30  10  452396 298704   8572 S   0.0   3.7   0:00.08 agent-app+
--- ps -L PID=14 ---
  PID   TID STAT %CPU %MEM WCHAN                            COMMAND
   14    14 SNl   0.2  3.6 futex_wait_queue                 agent-app-linux
   14    90 SNl   0.3  3.6 do_select                        agent-app-linux
   14    91 SNl   0.2  3.6 do_select                        agent-app-linux
--- docker stats ---
NAME=codyssey-agent-cpu-before-20260915-141452-66829 CPU=0.09% MEM=295.8MiB / 1GiB MEM_PERC=28.88% PIDS=5

=== t+18s ===
2026-09-15T14:15:33+0900
--- identity ---
uid=10001(agent-admin) gid=10001(agent-admin) groups=10001(agent-admin)
--- monitor.sh ---
[2026-09-15 05:15:33] PROCESS:agent-app-linux-arm64 PID:7 PPID:1 ETIME:00:39 CPU:0.1% MEM:0.0% RSS:1.6MB RSS_KB:1636 VSZ_KB:2600 STAT:S PORT:15034
[2026-09-15 05:15:33] PROCESS:agent-app-linux-arm64 PID:14 PPID:7 ETIME:00:38 CPU:0.8% MEM:3.9% RSS:316.7MB RSS_KB:324308 VSZ_KB:478000 STAT:SNl PORT:15034
--- ps -ef ---
UID        PID  PPID  C STIME TTY          TIME CMD
agent-a+     1     0  0 05:14 ?        00:00:00 /sbin/docker-init -- /opt/agent/agent-app-linux-arm64
agent-a+     7     1  0 05:14 ?        00:00:00 /opt/agent/agent-app-linux-arm64
agent-a+    14     7  0 05:14 ?        00:00:00 /opt/agent/agent-app-linux-arm64
agent-a+   720     0  0 05:15 ?        00:00:00 ps -ef
--- ps process PID=7 ---
  PID  PPID     ELAPSED %CPU %MEM   RSS    VSZ STAT CMD
    7     1       00:39  0.1  0.0  1636   2600 S    /opt/agent/agent-app-linux-arm64
--- top -H PID=7 ---
top - 05:15:34 up  1:02,  0 users,  load average: 0.60, 0.28, 0.15
Threads:   1 total,   0 running,   1 sleeping,   0 stopped,   0 zombie
%Cpu(s):  0.0 us,  0.7 sy,  0.0 ni, 99.3 id,  0.0 wa,  0.0 hi,  0.0 si,  0.0 st
MiB Mem :   7936.0 total,   6543.1 free,    757.8 used,    635.2 buff/cache
MiB Swap:   1024.0 total,   1024.0 free,      0.0 used.   7019.2 avail Mem 

  PID USER      PR  NI    VIRT    RES    SHR S  %CPU  %MEM     TIME+ COMMAND
    7 agent-a+  20   0    2600   1636   1424 S   0.0   0.0   0:00.07 agent-app+
--- ps -L PID=7 ---
  PID   TID STAT %CPU %MEM WCHAN                            COMMAND
    7     7 S     0.1  0.0 do_wait                          agent-app-linux
--- ps process PID=14 ---
  PID  PPID     ELAPSED %CPU %MEM   RSS    VSZ STAT CMD
   14     7       00:38  0.8  3.9 324308 478000 SNl /opt/agent/agent-app-linux-arm64
--- top -H PID=14 ---
top - 05:15:34 up  1:02,  0 users,  load average: 0.60, 0.28, 0.15
Threads:   3 total,   0 running,   3 sleeping,   0 stopped,   0 zombie
%Cpu(s):  0.0 us,  0.0 sy,  0.0 ni,100.0 id,  0.0 wa,  0.0 hi,  0.0 si,  0.0 st
MiB Mem :   7936.0 total,   6533.1 free,    767.7 used,    635.2 buff/cache
MiB Swap:   1024.0 total,   1024.0 free,      0.0 used.   7009.3 avail Mem 

  PID USER      PR  NI    VIRT    RES    SHR S  %CPU  %MEM     TIME+ COMMAND
   14 agent-a+  30  10  478000 324308   8572 S   0.0   4.0   0:00.07 agent-app+
   90 agent-a+  30  10  478000 324308   8572 S   0.0   4.0   0:00.13 agent-app+
   91 agent-a+  30  10  478000 324308   8572 S   0.0   4.0   0:00.10 agent-app+
--- ps -L PID=14 ---
  PID   TID STAT %CPU %MEM WCHAN                            COMMAND
   14    14 SNl   0.1  3.9 futex_wait_queue                 agent-app-linux
   14    90 SNl   0.3  3.9 do_select                        agent-app-linux
   14    91 SNl   0.2  3.9 do_select                        agent-app-linux
--- docker stats ---
NAME=codyssey-agent-cpu-before-20260915-141452-66829 CPU=0.43% MEM=335.6MiB / 1GiB MEM_PERC=32.77% PIDS=5

=== t+20s ===
2026-09-15T14:15:37+0900
--- identity ---
uid=10001(agent-admin) gid=10001(agent-admin) groups=10001(agent-admin)
--- monitor.sh ---
[2026-09-15 05:15:37] PROCESS:agent-app-linux-arm64 PID:7 PPID:1 ETIME:00:43 CPU:0.1% MEM:0.0% RSS:1.6MB RSS_KB:1636 VSZ_KB:2600 STAT:S PORT:15034
[2026-09-15 05:15:37] PROCESS:agent-app-linux-arm64 PID:14 PPID:7 ETIME:00:42 CPU:0.7% MEM:4.6% RSS:366.7MB RSS_KB:375516 VSZ_KB:529208 STAT:SNl PORT:15034
--- ps -ef ---
UID        PID  PPID  C STIME TTY          TIME CMD
agent-a+     1     0  0 05:14 ?        00:00:00 /sbin/docker-init -- /opt/agent/agent-app-linux-arm64
agent-a+     7     1  0 05:14 ?        00:00:00 /opt/agent/agent-app-linux-arm64
agent-a+    14     7  0 05:14 ?        00:00:00 /opt/agent/agent-app-linux-arm64
agent-a+   795     0  0 05:15 ?        00:00:00 ps -ef
--- ps process PID=7 ---
  PID  PPID     ELAPSED %CPU %MEM   RSS    VSZ STAT CMD
    7     1       00:43  0.1  0.0  1636   2600 S    /opt/agent/agent-app-linux-arm64
--- top -H PID=7 ---
top - 05:15:38 up  1:02,  0 users,  load average: 0.56, 0.27, 0.15
Threads:   1 total,   0 running,   1 sleeping,   0 stopped,   0 zombie
%Cpu(s):  0.0 us,  0.0 sy,  0.0 ni,100.0 id,  0.0 wa,  0.0 hi,  0.0 si,  0.0 st
MiB Mem :   7936.0 total,   6492.4 free,    808.5 used,    635.2 buff/cache
MiB Swap:   1024.0 total,   1024.0 free,      0.0 used.   6968.6 avail Mem 

  PID USER      PR  NI    VIRT    RES    SHR S  %CPU  %MEM     TIME+ COMMAND
    7 agent-a+  20   0    2600   1636   1424 S   0.0   0.0   0:00.07 agent-app+
--- ps -L PID=7 ---
  PID   TID STAT %CPU %MEM WCHAN                            COMMAND
    7     7 S     0.1  0.0 do_wait                          agent-app-linux
--- ps process PID=14 ---
  PID  PPID     ELAPSED %CPU %MEM   RSS    VSZ STAT CMD
   14     7       00:42  0.7  4.6 375516 529208 SNl /opt/agent/agent-app-linux-arm64
--- top -H PID=14 ---
top - 05:15:38 up  1:02,  0 users,  load average: 0.56, 0.27, 0.15
Threads:   3 total,   0 running,   3 sleeping,   0 stopped,   0 zombie
%Cpu(s):  0.0 us,  0.0 sy,  0.0 ni,100.0 id,  0.0 wa,  0.0 hi,  0.0 si,  0.0 st
MiB Mem :   7936.0 total,   6489.3 free,    811.6 used,    635.2 buff/cache
MiB Swap:   1024.0 total,   1024.0 free,      0.0 used.   6965.4 avail Mem 

  PID USER      PR  NI    VIRT    RES    SHR S  %CPU  %MEM     TIME+ COMMAND
   14 agent-a+  30  10  529208 375516   8572 S   0.0   4.6   0:00.07 agent-app+
   90 agent-a+  30  10  529208 375516   8572 S   0.0   4.6   0:00.14 agent-app+
   91 agent-a+  30  10  529208 375516   8572 S   0.0   4.6   0:00.10 agent-app+
--- ps -L PID=14 ---
  PID   TID STAT %CPU %MEM WCHAN                            COMMAND
   14    14 SNl   0.1  4.6 futex_wait_queue                 agent-app-linux
   14    90 SNl   0.3  4.6 do_select                        agent-app-linux
   14    91 SNl   0.2  4.6 do_select                        agent-app-linux
--- docker stats ---
NAME=codyssey-agent-cpu-before-20260915-141452-66829 CPU=1.10% MEM=361.4MiB / 1GiB MEM_PERC=35.29% PIDS=5

=== t+22s ===
2026-09-15T14:15:41+0900
--- identity ---
uid=10001(agent-admin) gid=10001(agent-admin) groups=10001(agent-admin)
--- monitor.sh ---
[2026-09-15 05:15:41] PROCESS:agent-app-linux-arm64 PID:7 PPID:1 ETIME:00:47 CPU:0.1% MEM:0.0% RSS:1.6MB RSS_KB:1636 VSZ_KB:2600 STAT:S PORT:15034
[2026-09-15 05:15:41] PROCESS:agent-app-linux-arm64 PID:14 PPID:7 ETIME:00:46 CPU:0.7% MEM:4.9% RSS:391.7MB RSS_KB:401120 VSZ_KB:554812 STAT:SNl PORT:15034
--- ps -ef ---
UID        PID  PPID  C STIME TTY          TIME CMD
agent-a+     1     0  0 05:14 ?        00:00:00 /sbin/docker-init -- /opt/agent/agent-app-linux-arm64
agent-a+     7     1  0 05:14 ?        00:00:00 /opt/agent/agent-app-linux-arm64
agent-a+    14     7  0 05:14 ?        00:00:00 /opt/agent/agent-app-linux-arm64
agent-a+   870     0  0 05:15 ?        00:00:00 ps -ef
--- ps process PID=7 ---
  PID  PPID     ELAPSED %CPU %MEM   RSS    VSZ STAT CMD
    7     1       00:47  0.1  0.0  1636   2600 S    /opt/agent/agent-app-linux-arm64
--- top -H PID=7 ---
top - 05:15:42 up  1:02,  0 users,  load average: 0.51, 0.27, 0.15
Threads:   1 total,   0 running,   1 sleeping,   0 stopped,   0 zombie
%Cpu(s):  0.0 us,  0.0 sy,  0.0 ni,100.0 id,  0.0 wa,  0.0 hi,  0.0 si,  0.0 st
MiB Mem :   7936.0 total,   6472.0 free,    828.8 used,    635.2 buff/cache
MiB Swap:   1024.0 total,   1024.0 free,      0.0 used.   6948.2 avail Mem 

  PID USER      PR  NI    VIRT    RES    SHR S  %CPU  %MEM     TIME+ COMMAND
    7 agent-a+  20   0    2600   1636   1424 S   0.0   0.0   0:00.07 agent-app+
--- ps -L PID=7 ---
  PID   TID STAT %CPU %MEM WCHAN                            COMMAND
    7     7 S     0.1  0.0 do_wait                          agent-app-linux
--- ps process PID=14 ---
  PID  PPID     ELAPSED %CPU %MEM   RSS    VSZ STAT CMD
   14     7       00:47  0.7  4.9 401120 554812 SNl /opt/agent/agent-app-linux-arm64
--- top -H PID=14 ---
top - 05:15:42 up  1:02,  0 users,  load average: 0.51, 0.27, 0.15
Threads:   3 total,   0 running,   3 sleeping,   0 stopped,   0 zombie
%Cpu(s):  0.0 us,  0.0 sy,  0.0 ni,100.0 id,  0.0 wa,  0.0 hi,  0.0 si,  0.0 st
MiB Mem :   7936.0 total,   6463.4 free,    837.5 used,    635.2 buff/cache
MiB Swap:   1024.0 total,   1024.0 free,      0.0 used.   6939.5 avail Mem 

  PID USER      PR  NI    VIRT    RES    SHR S  %CPU  %MEM     TIME+ COMMAND
   14 agent-a+  30  10  554812 401120   8572 S   0.0   4.9   0:00.07 agent-app+
   90 agent-a+  30  10  554812 401120   8572 S   0.0   4.9   0:00.15 agent-app+
   91 agent-a+  30  10  554812 401120   8572 S   0.0   4.9   0:00.12 agent-app+
--- ps -L PID=14 ---
  PID   TID STAT %CPU %MEM WCHAN                            COMMAND
   14    14 SNl   0.1  4.9 futex_wait_queue                 agent-app-linux
   14    90 SNl   0.3  4.9 do_select                        agent-app-linux
   14    91 SNl   0.2  4.9 do_select                        agent-app-linux
--- docker stats ---
NAME=codyssey-agent-cpu-before-20260915-141452-66829 CPU=0.67% MEM=411.2MiB / 1GiB MEM_PERC=40.15% PIDS=5

=== t+24s ===
2026-09-15T14:15:45+0900
--- identity ---
uid=10001(agent-admin) gid=10001(agent-admin) groups=10001(agent-admin)
--- monitor.sh ---
[2026-09-15 05:15:45] PROCESS:agent-app-linux-arm64 PID:7 PPID:1 ETIME:00:51 CPU:0.1% MEM:0.0% RSS:1.6MB RSS_KB:1636 VSZ_KB:2600 STAT:S PORT:15034
[2026-09-15 05:15:45] PROCESS:agent-app-linux-arm64 PID:14 PPID:7 ETIME:00:50 CPU:0.7% MEM:5.2% RSS:416.7MB RSS_KB:426724 VSZ_KB:580416 STAT:SNl PORT:15034
--- ps -ef ---
UID        PID  PPID  C STIME TTY          TIME CMD
agent-a+     1     0  0 05:14 ?        00:00:00 /sbin/docker-init -- /opt/agent/agent-app-linux-arm64
agent-a+     7     1  0 05:14 ?        00:00:00 /opt/agent/agent-app-linux-arm64
agent-a+    14     7  0 05:14 ?        00:00:00 /opt/agent/agent-app-linux-arm64
agent-a+   946     0  0 05:15 ?        00:00:00 ps -ef
--- ps process PID=7 ---
  PID  PPID     ELAPSED %CPU %MEM   RSS    VSZ STAT CMD
    7     1       00:51  0.1  0.0  1636   2600 S    /opt/agent/agent-app-linux-arm64
--- top -H PID=7 ---
top - 05:15:46 up  1:02,  0 users,  load average: 0.47, 0.26, 0.15
Threads:   1 total,   0 running,   1 sleeping,   0 stopped,   0 zombie
%Cpu(s):  0.0 us,  0.0 sy,  0.0 ni,100.0 id,  0.0 wa,  0.0 hi,  0.0 si,  0.0 st
MiB Mem :   7936.0 total,   6447.0 free,    853.8 used,    635.2 buff/cache
MiB Swap:   1024.0 total,   1024.0 free,      0.0 used.   6923.2 avail Mem 

  PID USER      PR  NI    VIRT    RES    SHR S  %CPU  %MEM     TIME+ COMMAND
    7 agent-a+  20   0    2600   1636   1424 S   0.0   0.0   0:00.07 agent-app+
--- ps -L PID=7 ---
  PID   TID STAT %CPU %MEM WCHAN                            COMMAND
    7     7 S     0.1  0.0 do_wait                          agent-app-linux
--- ps process PID=14 ---
  PID  PPID     ELAPSED %CPU %MEM   RSS    VSZ STAT CMD
   14     7       00:51  0.7  5.2 426724 580416 SNl /opt/agent/agent-app-linux-arm64
--- top -H PID=14 ---
top - 05:15:46 up  1:02,  0 users,  load average: 0.47, 0.26, 0.15
Threads:   3 total,   0 running,   3 sleeping,   0 stopped,   0 zombie
%Cpu(s):  0.0 us,  0.7 sy,  0.0 ni, 99.3 id,  0.0 wa,  0.0 hi,  0.0 si,  0.0 st
MiB Mem :   7936.0 total,   6434.5 free,    866.3 used,    635.2 buff/cache
MiB Swap:   1024.0 total,   1024.0 free,      0.0 used.   6910.7 avail Mem 

  PID USER      PR  NI    VIRT    RES    SHR S  %CPU  %MEM     TIME+ COMMAND
   14 agent-a+  30  10  580416 426724   8572 S   0.0   5.3   0:00.07 agent-app+
   90 agent-a+  30  10  580416 426724   8572 S   0.0   5.3   0:00.15 agent-app+
   91 agent-a+  30  10  580416 426724   8572 S   0.0   5.3   0:00.13 agent-app+
--- ps -L PID=14 ---
  PID   TID STAT %CPU %MEM WCHAN                            COMMAND
   14    14 SNl   0.1  5.5 futex_wait_queue                 agent-app-linux
   14    90 SNl   0.3  5.5 do_select                        agent-app-linux
   14    91 SNl   0.2  5.5 do_select                        agent-app-linux
--- docker stats ---
NAME=codyssey-agent-cpu-before-20260915-141452-66829 CPU=1.12% MEM=435.8MiB / 1GiB MEM_PERC=42.56% PIDS=5

=== t+26s ===
2026-09-15T14:15:50+0900
--- identity ---
uid=10001(agent-admin) gid=10001(agent-admin) groups=10001(agent-admin)
--- monitor.sh ---
[2026-09-15 05:15:50] PROCESS:agent-app-linux-arm64 PID:7 PPID:1 ETIME:00:56 CPU:0.1% MEM:0.0% RSS:1.6MB RSS_KB:1636 VSZ_KB:2600 STAT:S PORT:15034
[2026-09-15 05:15:50] PROCESS:agent-app-linux-arm64 PID:14 PPID:7 ETIME:00:55 CPU:0.7% MEM:5.8% RSS:466.7MB RSS_KB:477932 VSZ_KB:631624 STAT:SNl PORT:15034
--- ps -ef ---
UID        PID  PPID  C STIME TTY          TIME CMD
agent-a+     1     0  0 05:14 ?        00:00:00 /sbin/docker-init -- /opt/agent/agent-app-linux-arm64
agent-a+     7     1  0 05:14 ?        00:00:00 /opt/agent/agent-app-linux-arm64
agent-a+    14     7  0 05:14 ?        00:00:00 /opt/agent/agent-app-linux-arm64
agent-a+  1021     0  0 05:15 ?        00:00:00 ps -ef
--- ps process PID=7 ---
  PID  PPID     ELAPSED %CPU %MEM   RSS    VSZ STAT CMD
    7     1       00:56  0.1  0.0  1636   2600 S    /opt/agent/agent-app-linux-arm64
--- top -H PID=7 ---
top - 05:15:51 up  1:02,  0 users,  load average: 0.43, 0.26, 0.15
Threads:   1 total,   0 running,   1 sleeping,   0 stopped,   0 zombie
%Cpu(s):  0.0 us,  0.0 sy,  0.0 ni,100.0 id,  0.0 wa,  0.0 hi,  0.0 si,  0.0 st
MiB Mem :   7936.0 total,   6395.9 free,    904.9 used,    635.2 buff/cache
MiB Swap:   1024.0 total,   1024.0 free,      0.0 used.   6872.1 avail Mem 

  PID USER      PR  NI    VIRT    RES    SHR S  %CPU  %MEM     TIME+ COMMAND
    7 agent-a+  20   0    2600   1636   1424 S   0.0   0.0   0:00.07 agent-app+
--- ps -L PID=7 ---
  PID   TID STAT %CPU %MEM WCHAN                            COMMAND
    7     7 S     0.1  0.0 do_wait                          agent-app-linux
--- ps process PID=14 ---
  PID  PPID     ELAPSED %CPU %MEM   RSS    VSZ STAT CMD
   14     7       00:55  0.7  5.8 477932 631624 SNl /opt/agent/agent-app-linux-arm64
--- top -H PID=14 ---
top - 05:15:51 up  1:02,  0 users,  load average: 0.43, 0.26, 0.15
Threads:   3 total,   0 running,   3 sleeping,   0 stopped,   0 zombie
%Cpu(s):  0.0 us,  0.0 sy,  0.6 ni, 99.4 id,  0.0 wa,  0.0 hi,  0.0 si,  0.0 st
MiB Mem :   7936.0 total,   6385.2 free,    915.6 used,    635.2 buff/cache
MiB Swap:   1024.0 total,   1024.0 free,      0.0 used.   6861.4 avail Mem 

  PID USER      PR  NI    VIRT    RES    SHR S  %CPU  %MEM     TIME+ COMMAND
   91 agent-a+  30  10  631624 477932   8572 S   6.2   5.9   0:00.15 agent-app+
   14 agent-a+  30  10  631624 477932   8572 S   0.0   5.9   0:00.07 agent-app+
   90 agent-a+  30  10  631624 477932   8572 S   0.0   5.9   0:00.17 agent-app+
--- ps -L PID=14 ---
  PID   TID STAT %CPU %MEM WCHAN                            COMMAND
   14    14 SNl   0.1  5.8 futex_wait_queue                 agent-app-linux
   14    90 SNl   0.3  5.8 do_select                        agent-app-linux
   14    91 SNl   0.2  5.8 do_select                        agent-app-linux
--- docker stats ---
NAME=codyssey-agent-cpu-before-20260915-141452-66829 CPU=0.02% MEM=461.1MiB / 1GiB MEM_PERC=45.03% PIDS=5

=== t+28s ===
2026-09-15T14:15:54+0900
--- identity ---
uid=10001(agent-admin) gid=10001(agent-admin) groups=10001(agent-admin)
--- monitor.sh ---
[2026-09-15 05:15:54] PROCESS:agent-app-linux-arm64 PID:7 PPID:1 ETIME:01:00 CPU:0.1% MEM:0.0% RSS:1.6MB RSS_KB:1636 VSZ_KB:2600 STAT:S PORT:15034
[2026-09-15 05:15:54] PROCESS:agent-app-linux-arm64 PID:14 PPID:7 ETIME:00:59 CPU:0.7% MEM:6.1% RSS:491.7MB RSS_KB:503536 VSZ_KB:657228 STAT:SNl PORT:15034
--- ps -ef ---
UID        PID  PPID  C STIME TTY          TIME CMD
agent-a+     1     0  0 05:14 ?        00:00:00 /sbin/docker-init -- /opt/agent/agent-app-linux-arm64
agent-a+     7     1  0 05:14 ?        00:00:00 /opt/agent/agent-app-linux-arm64
agent-a+    14     7  0 05:14 ?        00:00:00 /opt/agent/agent-app-linux-arm64
agent-a+  1096     0  0 05:15 ?        00:00:00 ps -ef
--- ps process PID=7 ---
  PID  PPID     ELAPSED %CPU %MEM   RSS    VSZ STAT CMD
    7     1       01:00  0.1  0.0  1636   2600 S    /opt/agent/agent-app-linux-arm64
--- top -H PID=7 ---
top - 05:15:55 up  1:03,  0 users,  load average: 0.40, 0.25, 0.15
Threads:   1 total,   0 running,   1 sleeping,   0 stopped,   0 zombie
%Cpu(s):  0.0 us,  0.0 sy,  0.0 ni,100.0 id,  0.0 wa,  0.0 hi,  0.0 si,  0.0 st
MiB Mem :   7936.0 total,   6345.2 free,    955.6 used,    635.2 buff/cache
MiB Swap:   1024.0 total,   1024.0 free,      0.0 used.   6821.4 avail Mem 

  PID USER      PR  NI    VIRT    RES    SHR S  %CPU  %MEM     TIME+ COMMAND
    7 agent-a+  20   0    2600   1636   1424 S   0.0   0.0   0:00.07 agent-app+
--- ps -L PID=7 ---
  PID   TID STAT %CPU %MEM WCHAN                            COMMAND
    7     7 S     0.1  0.0 do_wait                          agent-app-linux
--- ps process PID=14 ---
  PID  PPID     ELAPSED %CPU %MEM   RSS    VSZ STAT CMD
   14     7       00:59  0.7  6.1 503536 657228 SNl /opt/agent/agent-app-linux-arm64
--- top -H PID=14 ---
top - 05:15:55 up  1:03,  0 users,  load average: 0.40, 0.25, 0.15
Threads:   3 total,   0 running,   3 sleeping,   0 stopped,   0 zombie
%Cpu(s):  0.7 us,  0.0 sy,  0.0 ni, 99.3 id,  0.0 wa,  0.0 hi,  0.0 si,  0.0 st
MiB Mem :   7936.0 total,   6337.9 free,    962.9 used,    635.2 buff/cache
MiB Swap:   1024.0 total,   1024.0 free,      0.0 used.   6814.1 avail Mem 

  PID USER      PR  NI    VIRT    RES    SHR S  %CPU  %MEM     TIME+ COMMAND
   14 agent-a+  30  10  657228 503536   8572 S   0.0   6.2   0:00.07 agent-app+
   90 agent-a+  30  10  657228 503536   8572 S   0.0   6.2   0:00.18 agent-app+
   91 agent-a+  30  10  657228 503536   8572 S   0.0   6.2   0:00.15 agent-app+
--- ps -L PID=14 ---
  PID   TID STAT %CPU %MEM WCHAN                            COMMAND
   14    14 SNl   0.1  6.1 futex_wait_queue                 agent-app-linux
   14    90 SNl   0.3  6.1 do_select                        agent-app-linux
   14    91 SNl   0.2  6.1 do_select                        agent-app-linux
--- docker stats ---
NAME=codyssey-agent-cpu-before-20260915-141452-66829 CPU=0.07% MEM=511.2MiB / 1GiB MEM_PERC=49.92% PIDS=5

=== t+30s ===
2026-09-15T14:15:59+0900
--- identity ---
uid=10001(agent-admin) gid=10001(agent-admin) groups=10001(agent-admin)
--- monitor.sh ---
[2026-09-15 05:15:59] PROCESS:agent-app-linux-arm64 PID:7 PPID:1 ETIME:01:05 CPU:0.1% MEM:0.0% RSS:1.6MB RSS_KB:1636 VSZ_KB:2600 STAT:S PORT:15034
[2026-09-15 05:15:59] PROCESS:agent-app-linux-arm64 PID:14 PPID:7 ETIME:01:04 CPU:0.7% MEM:0.2% RSS:16.7MB RSS_KB:17060 VSZ_KB:170752 STAT:SNl PORT:15034
--- ps -ef ---
UID        PID  PPID  C STIME TTY          TIME CMD
agent-a+     1     0  0 05:14 ?        00:00:00 /sbin/docker-init -- /opt/agent/agent-app-linux-arm64
agent-a+     7     1  0 05:14 ?        00:00:00 /opt/agent/agent-app-linux-arm64
agent-a+    14     7  0 05:14 ?        00:00:00 /opt/agent/agent-app-linux-arm64
agent-a+  1171     0  0 05:15 ?        00:00:00 ps -ef
--- ps process PID=7 ---
  PID  PPID     ELAPSED %CPU %MEM   RSS    VSZ STAT CMD
    7     1       01:05  0.1  0.0  1636   2600 S    /opt/agent/agent-app-linux-arm64
--- top -H PID=7 ---
top - 05:16:00 up  1:03,  0 users,  load average: 0.40, 0.25, 0.15
Threads:   1 total,   0 running,   1 sleeping,   0 stopped,   0 zombie
%Cpu(s):  0.0 us,  0.0 sy,  0.0 ni,100.0 id,  0.0 wa,  0.0 hi,  0.0 si,  0.0 st
MiB Mem :   7936.0 total,   6832.0 free,    468.9 used,    635.2 buff/cache
MiB Swap:   1024.0 total,   1024.0 free,      0.0 used.   7308.2 avail Mem 

  PID USER      PR  NI    VIRT    RES    SHR S  %CPU  %MEM     TIME+ COMMAND
    7 agent-a+  20   0    2600   1636   1424 S   0.0   0.0   0:00.07 agent-app+
--- ps -L PID=7 ---
  PID   TID STAT %CPU %MEM WCHAN                            COMMAND
    7     7 S     0.1  0.0 do_wait                          agent-app-linux
--- ps process PID=14 ---
  PID  PPID     ELAPSED %CPU %MEM   RSS    VSZ STAT CMD
   14     7       01:04  0.7  0.2 17060 170752 SNl  /opt/agent/agent-app-linux-arm64
--- top -H PID=14 ---
top - 05:16:00 up  1:03,  0 users,  load average: 0.45, 0.27, 0.15
Threads:   3 total,   0 running,   3 sleeping,   0 stopped,   0 zombie
%Cpu(s):  0.0 us,  0.6 sy,  0.0 ni, 99.4 id,  0.0 wa,  0.0 hi,  0.0 si,  0.0 st
MiB Mem :   7936.0 total,   6830.2 free,    470.7 used,    635.2 buff/cache
MiB Swap:   1024.0 total,   1024.0 free,      0.0 used.   7306.4 avail Mem 

  PID USER      PR  NI    VIRT    RES    SHR S  %CPU  %MEM     TIME+ COMMAND
   14 agent-a+  30  10  170752  17060   8572 S   0.0   0.2   0:00.07 agent-app+
   90 agent-a+  30  10  170752  17060   8572 S   0.0   0.2   0:00.21 agent-app+
   91 agent-a+  30  10  170752  17060   8572 S   0.0   0.2   0:00.16 agent-app+
--- ps -L PID=14 ---
  PID   TID STAT %CPU %MEM WCHAN                            COMMAND
   14    14 SNl   0.1  0.2 futex_wait_queue                 agent-app-linux
   14    90 SNl   0.3  0.2 do_select                        agent-app-linux
   14    91 SNl   0.2  0.2 do_select                        agent-app-linux
--- docker stats ---
NAME=codyssey-agent-cpu-before-20260915-141452-66829 CPU=1.06% MEM=9.93MiB / 1GiB MEM_PERC=0.97% PIDS=5

=== t+32s ===
2026-09-15T14:16:03+0900
--- identity ---
uid=10001(agent-admin) gid=10001(agent-admin) groups=10001(agent-admin)
--- monitor.sh ---
[2026-09-15 05:16:03] PROCESS:agent-app-linux-arm64 PID:7 PPID:1 ETIME:01:09 CPU:0.1% MEM:0.0% RSS:1.6MB RSS_KB:1636 VSZ_KB:2600 STAT:S PORT:15034
[2026-09-15 05:16:03] PROCESS:agent-app-linux-arm64 PID:14 PPID:7 ETIME:01:08 CPU:0.7% MEM:0.2% RSS:16.9MB RSS_KB:17336 VSZ_KB:170752 STAT:SNl PORT:15034
--- ps -ef ---
UID        PID  PPID  C STIME TTY          TIME CMD
agent-a+     1     0  0 05:14 ?        00:00:00 /sbin/docker-init -- /opt/agent/agent-app-linux-arm64
agent-a+     7     1  0 05:14 ?        00:00:00 /opt/agent/agent-app-linux-arm64
agent-a+    14     7  0 05:14 ?        00:00:00 /opt/agent/agent-app-linux-arm64
agent-a+  1247     0  0 05:16 ?        00:00:00 ps -ef
--- ps process PID=7 ---
  PID  PPID     ELAPSED %CPU %MEM   RSS    VSZ STAT CMD
    7     1       01:09  0.1  0.0  1636   2600 S    /opt/agent/agent-app-linux-arm64
--- top -H PID=7 ---
top - 05:16:04 up  1:03,  0 users,  load average: 0.45, 0.27, 0.15
Threads:   1 total,   0 running,   1 sleeping,   0 stopped,   0 zombie
%Cpu(s):  0.0 us,  0.6 sy,  0.0 ni, 99.4 id,  0.0 wa,  0.0 hi,  0.0 si,  0.0 st
MiB Mem :   7936.0 total,   6813.7 free,    487.1 used,    635.2 buff/cache
MiB Swap:   1024.0 total,   1024.0 free,      0.0 used.   7289.9 avail Mem 

  PID USER      PR  NI    VIRT    RES    SHR S  %CPU  %MEM     TIME+ COMMAND
    7 agent-a+  20   0    2600   1636   1424 S   0.0   0.0   0:00.07 agent-app+
--- ps -L PID=7 ---
  PID   TID STAT %CPU %MEM WCHAN                            COMMAND
    7     7 S     0.1  0.0 do_wait                          agent-app-linux
--- ps process PID=14 ---
  PID  PPID     ELAPSED %CPU %MEM   RSS    VSZ STAT CMD
   14     7       01:08  0.7  0.5 42936 170752 SNl  /opt/agent/agent-app-linux-arm64
--- top -H PID=14 ---
top - 05:16:04 up  1:03,  0 users,  load average: 0.45, 0.27, 0.15
Threads:   3 total,   0 running,   3 sleeping,   0 stopped,   0 zombie
%Cpu(s):  0.0 us,  0.0 sy,  0.0 ni,100.0 id,  0.0 wa,  0.0 hi,  0.0 si,  0.0 st
MiB Mem :   7936.0 total,   6807.3 free,    493.5 used,    635.2 buff/cache
MiB Swap:   1024.0 total,   1024.0 free,      0.0 used.   7283.5 avail Mem 

  PID USER      PR  NI    VIRT    RES    SHR S  %CPU  %MEM     TIME+ COMMAND
   14 agent-a+  30  10  170752  42936   8572 S   0.0   0.5   0:00.07 agent-app+
   90 agent-a+  30  10  170752  42936   8572 S   0.0   0.5   0:00.22 agent-app+
   91 agent-a+  30  10  170752  42936   8572 S   0.0   0.5   0:00.18 agent-app+
--- ps -L PID=14 ---
  PID   TID STAT %CPU %MEM WCHAN                            COMMAND
   14    14 SNl   0.1  0.5 futex_wait_queue                 agent-app-linux
   14    90 SNl   0.3  0.5 do_select                        agent-app-linux
   14    91 SNl   0.2  0.5 do_select                        agent-app-linux
--- docker stats ---
NAME=codyssey-agent-cpu-before-20260915-141452-66829 CPU=0.00% MEM=35.23MiB / 1GiB MEM_PERC=3.44% PIDS=5

=== t+34s ===
2026-09-15T14:16:07+0900
--- identity ---
uid=10001(agent-admin) gid=10001(agent-admin) groups=10001(agent-admin)
--- monitor.sh ---
[2026-09-15 05:16:07] PROCESS:agent-app-linux-arm64 PID:7 PPID:1 ETIME:01:13 CPU:0.0% MEM:0.0% RSS:1.6MB RSS_KB:1636 VSZ_KB:2600 STAT:S PORT:15034
[2026-09-15 05:16:07] PROCESS:agent-app-linux-arm64 PID:14 PPID:7 ETIME:01:12 CPU:0.6% MEM:0.8% RSS:66.9MB RSS_KB:68536 VSZ_KB:170752 STAT:SNl PORT:15034
--- ps -ef ---
UID        PID  PPID  C STIME TTY          TIME CMD
agent-a+     1     0  0 05:14 ?        00:00:00 /sbin/docker-init -- /opt/agent/agent-app-linux-arm64
agent-a+     7     1  0 05:14 ?        00:00:00 /opt/agent/agent-app-linux-arm64
agent-a+    14     7  0 05:14 ?        00:00:00 /opt/agent/agent-app-linux-arm64
agent-a+  1322     0  0 05:16 ?        00:00:00 ps -ef
--- ps process PID=7 ---
  PID  PPID     ELAPSED %CPU %MEM   RSS    VSZ STAT CMD
    7     1       01:13  0.0  0.0  1636   2600 S    /opt/agent/agent-app-linux-arm64
--- top -H PID=7 ---
top - 05:16:08 up  1:03,  0 users,  load average: 0.49, 0.28, 0.16
Threads:   1 total,   0 running,   1 sleeping,   0 stopped,   0 zombie
%Cpu(s):  0.0 us,  0.0 sy,  0.0 ni,100.0 id,  0.0 wa,  0.0 hi,  0.0 si,  0.0 st
MiB Mem :   7936.0 total,   6772.4 free,    528.4 used,    635.2 buff/cache
MiB Swap:   1024.0 total,   1024.0 free,      0.0 used.   7248.6 avail Mem 

  PID USER      PR  NI    VIRT    RES    SHR S  %CPU  %MEM     TIME+ COMMAND
    7 agent-a+  20   0    2600   1636   1424 S   0.0   0.0   0:00.07 agent-app+
--- ps -L PID=7 ---
  PID   TID STAT %CPU %MEM WCHAN                            COMMAND
    7     7 S     0.0  0.0 do_wait                          agent-app-linux
--- ps process PID=14 ---
  PID  PPID     ELAPSED %CPU %MEM   RSS    VSZ STAT CMD
   14     7       01:12  0.6  0.8 68536 170752 SNl  /opt/agent/agent-app-linux-arm64
--- top -H PID=14 ---
top - 05:16:08 up  1:03,  0 users,  load average: 0.49, 0.28, 0.16
Threads:   3 total,   0 running,   3 sleeping,   0 stopped,   0 zombie
%Cpu(s):  0.0 us,  0.0 sy,  0.0 ni,100.0 id,  0.0 wa,  0.0 hi,  0.0 si,  0.0 st
MiB Mem :   7936.0 total,   6774.0 free,    526.9 used,    635.2 buff/cache
MiB Swap:   1024.0 total,   1024.0 free,      0.0 used.   7250.2 avail Mem 

  PID USER      PR  NI    VIRT    RES    SHR S  %CPU  %MEM     TIME+ COMMAND
   14 agent-a+  30  10  170752  68536   8572 S   0.0   0.8   0:00.07 agent-app+
   90 agent-a+  30  10  170752  68536   8572 S   0.0   0.8   0:00.22 agent-app+
   91 agent-a+  30  10  170752  68536   8572 S   0.0   0.8   0:00.20 agent-app+
--- ps -L PID=14 ---
  PID   TID STAT %CPU %MEM WCHAN                            COMMAND
   14    14 SNl   0.0  0.8 futex_wait_queue                 agent-app-linux
   14    90 SNl   0.3  0.8 do_select                        agent-app-linux
   14    91 SNl   0.2  0.8 do_select                        agent-app-linux
--- docker stats ---
NAME=codyssey-agent-cpu-before-20260915-141452-66829 CPU=0.05% MEM=60.56MiB / 1GiB MEM_PERC=5.91% PIDS=5

=== final-before-stop-t+36s ===
2026-09-15T14:16:11+0900
--- identity ---
uid=10001(agent-admin) gid=10001(agent-admin) groups=10001(agent-admin)
--- monitor.sh ---
[2026-09-15 05:16:11] PROCESS:agent-app-linux-arm64 PID:7 PPID:1 ETIME:01:17 CPU:0.0% MEM:0.0% RSS:1.6MB RSS_KB:1636 VSZ_KB:2600 STAT:S PORT:15034
[2026-09-15 05:16:11] PROCESS:agent-app-linux-arm64 PID:14 PPID:7 ETIME:01:16 CPU:0.6% MEM:1.1% RSS:91.9MB RSS_KB:94140 VSZ_KB:236288 STAT:SNl PORT:15034
--- ps -ef ---
UID        PID  PPID  C STIME TTY          TIME CMD
agent-a+     1     0  0 05:14 ?        00:00:00 /sbin/docker-init -- /opt/agent/agent-app-linux-arm64
agent-a+     7     1  0 05:14 ?        00:00:00 /opt/agent/agent-app-linux-arm64
agent-a+    14     7  0 05:14 ?        00:00:00 /opt/agent/agent-app-linux-arm64
agent-a+  1397     0  0 05:16 ?        00:00:00 ps -ef
--- ps process PID=7 ---
  PID  PPID     ELAPSED %CPU %MEM   RSS    VSZ STAT CMD
    7     1       01:17  0.0  0.0  1636   2600 S    /opt/agent/agent-app-linux-arm64
--- top -H PID=7 ---
top - 05:16:12 up  1:03,  0 users,  load average: 0.45, 0.27, 0.16
Threads:   1 total,   0 running,   1 sleeping,   0 stopped,   0 zombie
%Cpu(s):  0.0 us,  0.0 sy,  0.0 ni,100.0 id,  0.0 wa,  0.0 hi,  0.0 si,  0.0 st
MiB Mem :   7936.0 total,   6748.0 free,    552.8 used,    635.2 buff/cache
MiB Swap:   1024.0 total,   1024.0 free,      0.0 used.   7224.2 avail Mem 

  PID USER      PR  NI    VIRT    RES    SHR S  %CPU  %MEM     TIME+ COMMAND
    7 agent-a+  20   0    2600   1636   1424 S   0.0   0.0   0:00.07 agent-app+
--- ps -L PID=7 ---
  PID   TID STAT %CPU %MEM WCHAN                            COMMAND
    7     7 S     0.0  0.0 do_wait                          agent-app-linux
--- ps process PID=14 ---
  PID  PPID     ELAPSED %CPU %MEM   RSS    VSZ STAT CMD
   14     7       01:17  0.6  1.1 94140 236288 SNl  /opt/agent/agent-app-linux-arm64
--- top -H PID=14 ---
top - 05:16:12 up  1:03,  0 users,  load average: 0.45, 0.27, 0.16
Threads:   3 total,   0 running,   3 sleeping,   0 stopped,   0 zombie
%Cpu(s):  0.0 us,  0.0 sy,  0.0 ni,100.0 id,  0.0 wa,  0.0 hi,  0.0 si,  0.0 st
MiB Mem :   7936.0 total,   6755.8 free,    545.0 used,    635.2 buff/cache
MiB Swap:   1024.0 total,   1024.0 free,      0.0 used.   7232.0 avail Mem 

  PID USER      PR  NI    VIRT    RES    SHR S  %CPU  %MEM     TIME+ COMMAND
   14 agent-a+  30  10  236288  94140   8572 S   0.0   1.2   0:00.07 agent-app+
   90 agent-a+  30  10  236288  94140   8572 S   0.0   1.2   0:00.23 agent-app+
   91 agent-a+  30  10  236288  94140   8572 S   0.0   1.2   0:00.21 agent-app+
--- ps -L PID=14 ---
  PID   TID STAT %CPU %MEM WCHAN                            COMMAND
   14    14 SNl   0.0  1.1 futex_wait_queue                 agent-app-linux
   14    90 SNl   0.3  1.1 do_select                        agent-app-linux
   14    91 SNl   0.2  1.1 do_select                        agent-app-linux
--- docker stats ---
NAME=codyssey-agent-cpu-before-20260915-141452-66829 CPU=1.60% MEM=110.8MiB / 1GiB MEM_PERC=10.82% PIDS=5
