2026-09-21T01:26:49.278870470Z >>> Starting Agent Boot Sequence...
2026-09-21T01:26:49.278884554Z [1/6] Checking User Account               [OK]
2026-09-21T01:26:49.278886054Z    ... Running as service user 'agent-admin' (uid=10001)
2026-09-21T01:26:49.278887054Z [2/6] Verifying Environment Variables     [OK]
2026-09-21T01:26:49.278887929Z    ... All required Envs correct
2026-09-21T01:26:49.278888804Z [3/6] Checking Required Files             [OK]
2026-09-21T01:26:49.278889595Z    ... Verified 'secret.key' with correct key string.
2026-09-21T01:26:49.278890429Z [4/6] Checking Port Availability          [OK]
2026-09-21T01:26:49.278891179Z    ... Port 15034 is available.
2026-09-21T01:26:49.278891970Z [5/6] Verifying Log Permission            [OK]
2026-09-21T01:26:49.278892804Z    ... Log directory is writable: /var/log/agent-app
2026-09-21T01:26:49.278893679Z [6/6] Verifying Mission Environment       [OK]
2026-09-21T01:26:49.278894470Z    ... MEMORY_LIMIT=512MB, CPU_MAX_OCCUPY=10%, MULTI_THREAD_ENABLE=False
2026-09-21T01:26:49.278895345Z ------------------------------------------------------------
2026-09-21T01:26:49.278896179Z All Boot Checks Passed!
2026-09-21T01:26:49.278896970Z Agent READY
2026-09-21T01:26:49.278897762Z 2026-09-21 01:26:49,278 [INFO] [SafetyGuard] Process priority lowered (nice=10).
2026-09-21T01:26:49.278898637Z 2026-09-21 01:26:49,278 [INFO] Agent listening at port 15034
2026-09-21T01:26:51.281579805Z 
2026-09-21T01:26:51.281603055Z ==================================================
2026-09-21T01:26:51.281605680Z  [ Agent Initiate ] Resource Check 
2026-09-21T01:26:51.281607680Z ==================================================
2026-09-21T01:26:51.281609638Z  [ MEMORY ] Limit: 512MB 		[ OK ]
2026-09-21T01:26:51.281611763Z  [ CPU    ] Limit: 10%  		[ OK ]
2026-09-21T01:26:51.281613513Z  [ THREAD ] Concurrency: False 		[ OK ]
2026-09-21T01:26:51.281615346Z --------------------------------------------------
2026-09-21T01:26:51.281617096Z  >>> SYSTEM STATUS: STABLE. STARTING WORKLOAD MONITORING...
2026-09-21T01:26:51.281619305Z ==================================================
2026-09-21T01:26:51.281621055Z 
2026-09-21T01:26:51.281622888Z 2026-09-21 01:26:51,279 [INFO] >>> Scenario Selected: [Healthy System Monitoring]
2026-09-21T01:26:51.281625055Z 
2026-09-21T01:26:51.281626721Z >>> [SYSTEM] ALL CONFIGURATIONS OPTIMAL. RUNNING STABILITY TEST... <<<
2026-09-21T01:26:51.281628721Z 
2026-09-21T01:26:51.281630346Z 2026-09-21 01:26:51,280 [INFO] [Scheduler] Task Scheduler Initialized.
2026-09-21T01:26:51.281632221Z 2026-09-21 01:26:51,280 [INFO] [Scheduler] Registered Tasks: ['Thread-A', 'Thread-B', 'Thread-C']
2026-09-21T01:26:51.281650805Z 2026-09-21 01:26:51,280 [INFO] [Scheduler] Starting task execution...
2026-09-21T01:26:51.281652971Z 2026-09-21 01:26:51,281 [INFO] [Thread-B] Task Started. Calculating... (20%)
2026-09-21T01:26:51.333837888Z 2026-09-21 01:26:51,333 [INFO] [Thread-B] Calculating... (40%)
2026-09-21T01:26:51.389393846Z 2026-09-21 01:26:51,388 [INFO] [Thread-B] Calculating... (60%)
2026-09-21T01:26:51.444942013Z 2026-09-21 01:26:51,443 [INFO] [Thread-B] Calculating... (80%)
2026-09-21T01:26:51.495980930Z 2026-09-21 01:26:51,495 [INFO] [Thread-B] Task Completed. (100%)
2026-09-21T01:26:51.550038346Z 2026-09-21 01:26:51,549 [INFO] [Thread-C] Task Started. Calculating... (20%)
2026-09-21T01:26:51.606283430Z 2026-09-21 01:26:51,605 [INFO] [Thread-C] Calculating... (40%)
2026-09-21T01:26:51.656637763Z 2026-09-21 01:26:51,656 [INFO] [Thread-C] Calculating... (60%)
2026-09-21T01:26:51.708044930Z 2026-09-21 01:26:51,707 [INFO] [Thread-C] Calculating... (80%)
2026-09-21T01:26:51.763309930Z 2026-09-21 01:26:51,763 [INFO] [Thread-C] Task Completed. (100%)
2026-09-21T01:26:51.818806805Z 2026-09-21 01:26:51,818 [INFO] [Thread-A] Task Started. Calculating... (20%)
2026-09-21T01:26:51.874524597Z 2026-09-21 01:26:51,873 [INFO] [Thread-A] Calculating... (40%)
2026-09-21T01:26:51.924915847Z 2026-09-21 01:26:51,924 [INFO] [Thread-A] Calculating... (60%)
2026-09-21T01:26:51.978916263Z 2026-09-21 01:26:51,978 [INFO] [Thread-A] Calculating... (80%)
2026-09-21T01:26:52.031054138Z 2026-09-21 01:26:52,030 [INFO] [Thread-A] Task Completed. (100%)
2026-09-21T01:26:52.082610805Z 2026-09-21 01:26:52,082 [INFO] [Scheduler] All tasks completed.
2026-09-21T01:26:52.084976763Z 2026-09-21 01:26:52,084 [INFO] [MemoryWorker] Current Heap: 25MB
2026-09-21T01:26:52.085191930Z 2026-09-21 01:26:52,084 [INFO] [CpuWorker] Started. Maximum CPU Limit: 10%
2026-09-21T01:26:52.085214680Z 2026-09-21 01:26:52,085 [INFO] [CpuWorker] Current Load: 5.00%
2026-09-21T01:26:54.205434625Z 2026-09-21 01:26:54,203 [INFO] [CpuWorker] Peak reached (10.00%). Starting cooldown...
2026-09-21T01:26:55.106916250Z 2026-09-21 01:26:55,106 [INFO] [MemoryWorker] Current Heap: 50MB
2026-09-21T01:26:55.215428792Z 2026-09-21 01:26:55,212 [INFO] [CpuWorker] Current Load: 10.00%
2026-09-21T01:26:57.317005585Z 2026-09-21 01:26:57,316 [INFO] [CpuWorker] Cooldown complete (5.00%). Resuming load increase...
2026-09-21T01:26:58.134161169Z 2026-09-21 01:26:58,133 [INFO] [MemoryWorker] Current Heap: 75MB
2026-09-21T01:26:58.327196919Z 2026-09-21 01:26:58,326 [INFO] [CpuWorker] Current Load: 5.00%
2026-09-21T01:27:01.160812378Z 2026-09-21 01:27:01,160 [INFO] [MemoryWorker] Current Heap: 100MB
2026-09-21T01:27:01.462162087Z 2026-09-21 01:27:01,459 [INFO] [CpuWorker] Current Load: 6.98%
2026-09-21T01:27:03.567002088Z 2026-09-21 01:27:03,566 [INFO] [CpuWorker] Peak reached (10.00%). Starting cooldown...
2026-09-21T01:27:04.170661463Z 2026-09-21 01:27:04,170 [INFO] [MemoryWorker] Current Heap: 125MB
2026-09-21T01:27:04.579445630Z 2026-09-21 01:27:04,577 [INFO] [CpuWorker] Current Load: 10.00%
2026-09-21T01:27:07.196562631Z 2026-09-21 01:27:07,195 [INFO] [MemoryWorker] Current Heap: 150MB
2026-09-21T01:27:07.705770840Z 2026-09-21 01:27:07,701 [INFO] [CpuWorker] Current Load: 6.05%
2026-09-21T01:27:09.811065174Z 2026-09-21 01:27:09,809 [INFO] [CpuWorker] Cooldown complete (5.00%). Resuming load increase...
2026-09-21T01:27:10.218986091Z 2026-09-21 01:27:10,218 [INFO] [MemoryWorker] Current Heap: 175MB
2026-09-21T01:27:10.815394258Z 2026-09-21 01:27:10,815 [INFO] [CpuWorker] Current Load: 5.00%
2026-09-21T01:27:12.929182842Z 2026-09-21 01:27:12,927 [INFO] [CpuWorker] Peak reached (10.00%). Starting cooldown...
2026-09-21T01:27:13.234469092Z 2026-09-21 01:27:13,233 [INFO] [MemoryWorker] Current Heap: 200MB
2026-09-21T01:27:13.935037634Z 2026-09-21 01:27:13,934 [INFO] [CpuWorker] Current Load: 10.00%
2026-09-21T01:27:16.259596719Z 2026-09-21 01:27:16,258 [INFO] [MemoryWorker] Current Heap: 225MB
2026-09-21T01:27:17.055206719Z 2026-09-21 01:27:17,054 [INFO] [CpuWorker] Current Load: 8.56%
2026-09-21T01:27:19.282586387Z 2026-09-21 01:27:19,281 [INFO] [MemoryWorker] Current Heap: 250MB
2026-09-21T01:27:20.189027304Z 2026-09-21 01:27:20,185 [INFO] [CpuWorker] Current Load: 7.83%
2026-09-21T01:27:22.306443638Z 2026-09-21 01:27:22,305 [INFO] [MemoryWorker] Current Heap: 275MB
2026-09-21T01:27:23.296929166Z 2026-09-21 01:27:23,295 [INFO] [CpuWorker] Current Load: 5.75%
2026-09-21T01:27:25.309089626Z 2026-09-21 01:27:25,308 [INFO] [MemoryWorker] Current Heap: 300MB
2026-09-21T01:27:25.415540292Z 2026-09-21 01:27:25,415 [INFO] [CpuWorker] Cooldown complete (5.00%). Resuming load increase...
2026-09-21T01:27:26.423765626Z 2026-09-21 01:27:26,423 [INFO] [CpuWorker] Current Load: 5.00%
2026-09-21T01:27:28.332726585Z 2026-09-21 01:27:28,332 [INFO] [MemoryWorker] Current Heap: 325MB
2026-09-21T01:27:29.548414669Z 2026-09-21 01:27:29,544 [INFO] [CpuWorker] Current Load: 8.63%
2026-09-21T01:27:31.356590587Z 2026-09-21 01:27:31,356 [INFO] [MemoryWorker] Current Heap: 350MB
2026-09-21T01:27:31.656859962Z 2026-09-21 01:27:31,656 [INFO] [CpuWorker] Peak reached (10.00%). Starting cooldown...
2026-09-21T01:27:32.663277129Z 2026-09-21 01:27:32,663 [INFO] [CpuWorker] Current Load: 10.00%
2026-09-21T01:27:34.386352963Z 2026-09-21 01:27:34,385 [INFO] [MemoryWorker] Current Heap: 375MB
2026-09-21T01:27:34.783057588Z 2026-09-21 01:27:34,782 [INFO] [CpuWorker] Cooldown complete (5.00%). Resuming load increase...
2026-09-21T01:27:35.790044256Z 2026-09-21 01:27:35,788 [INFO] [CpuWorker] Current Load: 5.00%
2026-09-21T01:27:37.409356423Z 2026-09-21 01:27:37,408 [INFO] [MemoryWorker] Current Heap: 400MB
2026-09-21T01:27:38.914162465Z 2026-09-21 01:27:38,913 [INFO] [CpuWorker] Current Load: 9.78%
2026-09-21T01:27:40.435813633Z 2026-09-21 01:27:40,435 [INFO] [MemoryWorker] Current Heap: 425MB
2026-09-21T01:27:41.031847425Z 2026-09-21 01:27:41,030 [INFO] [CpuWorker] Peak reached (10.00%). Starting cooldown...
2026-09-21T01:27:42.040919550Z 2026-09-21 01:27:42,038 [INFO] [CpuWorker] Current Load: 10.00%
2026-09-21T01:27:43.461350509Z 2026-09-21 01:27:43,461 [INFO] [MemoryWorker] Current Heap: 450MB
2026-09-21T01:27:44.160397260Z 2026-09-21 01:27:44,159 [INFO] [CpuWorker] Cooldown complete (5.00%). Resuming load increase...
2026-09-21T01:27:45.183383510Z 2026-09-21 01:27:45,170 [INFO] [CpuWorker] Current Load: 5.00%
2026-09-21T01:27:46.477434969Z 2026-09-21 01:27:46,477 [INFO] [MemoryWorker] Current Heap: 475MB
2026-09-21T01:27:47.288812719Z 2026-09-21 01:27:47,288 [INFO] [CpuWorker] Peak reached (10.00%). Starting cooldown...
2026-09-21T01:27:48.300763470Z 2026-09-21 01:27:48,299 [INFO] [CpuWorker] Current Load: 10.00%
2026-09-21T01:27:49.482374762Z 2026-09-21 01:27:49,482 [INFO] [MemoryWorker] Current Heap: 500MB
2026-09-21T01:27:50.415962388Z 2026-09-21 01:27:50,415 [INFO] [CpuWorker] Cooldown complete (5.00%). Resuming load increase...
2026-09-21T01:27:51.422315638Z 2026-09-21 01:27:51,421 [INFO] [CpuWorker] Current Load: 5.00%
2026-09-21T01:27:52.514144264Z 2026-09-21 01:27:52,513 [INFO] [MemoryWorker] Current Heap: 525MB
2026-09-21T01:27:52.514191305Z 2026-09-21 01:27:52,513 [WARNING] [MemoryWorker] Memory Usage Reached Limit (525MB). Starting cleanup...
2026-09-21T01:27:52.521510597Z 2026-09-21 01:27:52,520 [INFO] [System] Memory Cache Flushed. Process Stabilized.
2026-09-21T01:27:53.531661625Z 
2026-09-21T01:27:53.531684833Z >>> [SYSTEM] MEMORY RECOVERED (Cache Cleared) <<<
2026-09-21T01:27:53.531689291Z 
2026-09-21T01:27:53.531692666Z 2026-09-21 01:27:53,531 [INFO] [CpuWorker] Peak reached (10.00%). Starting cooldown...
2026-09-21T01:27:54.536809209Z 2026-09-21 01:27:54,536 [INFO] [CpuWorker] Current Load: 10.00%
