2026-09-15T05:10:45.050095550Z >>> Starting Agent Boot Sequence...
2026-09-15T05:10:45.050125634Z [1/6] Checking User Account               [OK]
2026-09-15T05:10:45.050127300Z    ... Running as service user 'agent-admin' (uid=10001)
2026-09-15T05:10:45.050128342Z [2/6] Verifying Environment Variables     [OK]
2026-09-15T05:10:45.050129175Z    ... All required Envs correct
2026-09-15T05:10:45.050129967Z [3/6] Checking Required Files             [OK]
2026-09-15T05:10:45.050130800Z    ... Verified 'secret.key' with correct key string.
2026-09-15T05:10:45.050131634Z [4/6] Checking Port Availability          [OK]
2026-09-15T05:10:45.050132425Z    ... Port 15034 is available.
2026-09-15T05:10:45.050133217Z [5/6] Verifying Log Permission            [OK]
2026-09-15T05:10:45.050134050Z    ... Log directory is writable: /var/log/agent-app
2026-09-15T05:10:45.050134884Z [6/6] Verifying Mission Environment       [OK]
2026-09-15T05:10:45.050135675Z    ... MEMORY_LIMIT=512MB, CPU_MAX_OCCUPY=10%, MULTI_THREAD_ENABLE=False
2026-09-15T05:10:45.050136550Z ------------------------------------------------------------
2026-09-15T05:10:45.050137384Z All Boot Checks Passed!
2026-09-15T05:10:45.050138175Z Agent READY
2026-09-15T05:10:45.050138967Z 2026-09-15 05:10:45,049 [INFO] [SafetyGuard] Process priority lowered (nice=10).
2026-09-15T05:10:45.050139884Z 2026-09-15 05:10:45,050 [INFO] Agent listening at port 15034
2026-09-15T05:10:47.056749093Z 
2026-09-15T05:10:47.056802301Z ==================================================
2026-09-15T05:10:47.056804801Z  [ Agent Initiate ] Resource Check 
2026-09-15T05:10:47.056806510Z ==================================================
2026-09-15T05:10:47.056808218Z  [ MEMORY ] Limit: 512MB 		[ OK ]
2026-09-15T05:10:47.056810468Z  [ CPU    ] Limit: 10%  		[ OK ]
2026-09-15T05:10:47.056812051Z  [ THREAD ] Concurrency: False 		[ OK ]
2026-09-15T05:10:47.056813593Z --------------------------------------------------
2026-09-15T05:10:47.056815176Z  >>> SYSTEM STATUS: STABLE. STARTING WORKLOAD MONITORING...
2026-09-15T05:10:47.056817051Z ==================================================
2026-09-15T05:10:47.056818551Z 
2026-09-15T05:10:47.056820051Z 2026-09-15 05:10:47,056 [INFO] >>> Scenario Selected: [Healthy System Monitoring]
2026-09-15T05:10:47.057146176Z 
2026-09-15T05:10:47.057162093Z >>> [SYSTEM] ALL CONFIGURATIONS OPTIMAL. RUNNING STABILITY TEST... <<<
2026-09-15T05:10:47.057165010Z 
2026-09-15T05:10:47.057166760Z 2026-09-15 05:10:47,056 [INFO] [Scheduler] Task Scheduler Initialized.
2026-09-15T05:10:47.057168760Z 2026-09-15 05:10:47,056 [INFO] [Scheduler] Registered Tasks: ['Thread-A', 'Thread-B', 'Thread-C']
2026-09-15T05:10:47.057249551Z 2026-09-15 05:10:47,057 [INFO] [Scheduler] Starting task execution...
2026-09-15T05:10:47.057402135Z 2026-09-15 05:10:47,057 [INFO] [Thread-A] Task Started. Calculating... (20%)
2026-09-15T05:10:47.109113968Z 2026-09-15 05:10:47,108 [INFO] [Thread-A] Calculating... (40%)
2026-09-15T05:10:47.160579718Z 2026-09-15 05:10:47,160 [INFO] [Thread-A] Preempted. Progress saved at (40%)
2026-09-15T05:10:47.212274593Z 2026-09-15 05:10:47,211 [INFO] [Thread-B] Task Started. Calculating... (20%)
2026-09-15T05:10:47.274834093Z 2026-09-15 05:10:47,267 [INFO] [Thread-B] Calculating... (40%)
2026-09-15T05:10:47.331155218Z 2026-09-15 05:10:47,329 [INFO] [Thread-B] Preempted. Progress saved at (40%)
2026-09-15T05:10:47.382798010Z 2026-09-15 05:10:47,381 [INFO] [Thread-C] Task Started. Calculating... (20%)
2026-09-15T05:10:47.434669676Z 2026-09-15 05:10:47,433 [INFO] [Thread-C] Calculating... (40%)
2026-09-15T05:10:47.487541385Z 2026-09-15 05:10:47,486 [INFO] [Thread-C] Preempted. Progress saved at (40%)
2026-09-15T05:10:47.539257927Z 2026-09-15 05:10:47,538 [INFO] [Thread-A] Resumed. Calculating... (60%)
2026-09-15T05:10:47.590391385Z 2026-09-15 05:10:47,589 [INFO] [Thread-A] Calculating... (80%)
2026-09-15T05:10:47.645733510Z 2026-09-15 05:10:47,645 [INFO] [Thread-A] Preempted. Progress saved at (80%)
2026-09-15T05:10:47.696570052Z 2026-09-15 05:10:47,695 [INFO] [Thread-B] Resumed. Calculating... (60%)
2026-09-15T05:10:47.752434968Z 2026-09-15 05:10:47,751 [INFO] [Thread-B] Calculating... (80%)
2026-09-15T05:10:47.806295802Z 2026-09-15 05:10:47,805 [INFO] [Thread-B] Preempted. Progress saved at (80%)
2026-09-15T05:10:47.857950302Z 2026-09-15 05:10:47,856 [INFO] [Thread-C] Resumed. Calculating... (60%)
2026-09-15T05:10:47.912702052Z 2026-09-15 05:10:47,911 [INFO] [Thread-C] Calculating... (80%)
2026-09-15T05:10:47.966426468Z 2026-09-15 05:10:47,964 [INFO] [Thread-C] Preempted. Progress saved at (80%)
2026-09-15T05:10:48.021781343Z 2026-09-15 05:10:48,021 [INFO] [Thread-A] Resumed. Calculating... (100%)
2026-09-15T05:10:48.077632760Z 2026-09-15 05:10:48,077 [INFO] [Thread-B] Resumed. Calculating... (100%)
2026-09-15T05:10:48.130578343Z 2026-09-15 05:10:48,128 [INFO] [Thread-C] Resumed. Calculating... (100%)
2026-09-15T05:10:48.186163719Z 2026-09-15 05:10:48,184 [INFO] [Scheduler] All tasks completed.
2026-09-15T05:10:48.194692885Z 2026-09-15 05:10:48,193 [INFO] [MemoryWorker] Current Heap: 25MB
2026-09-15T05:10:48.194809427Z 2026-09-15 05:10:48,194 [INFO] [CpuWorker] Started. Maximum CPU Limit: 10%
2026-09-15T05:10:48.194819135Z 2026-09-15 05:10:48,194 [INFO] [CpuWorker] Current Load: 5.00%
2026-09-15T05:10:50.310671803Z 2026-09-15 05:10:50,310 [INFO] [CpuWorker] Peak reached (10.00%). Starting cooldown...
2026-09-15T05:10:51.201884262Z 2026-09-15 05:10:51,201 [INFO] [MemoryWorker] Current Heap: 50MB
2026-09-15T05:10:51.321042553Z 2026-09-15 05:10:51,320 [INFO] [CpuWorker] Current Load: 10.00%
2026-09-15T05:10:54.238522930Z 2026-09-15 05:10:54,237 [INFO] [MemoryWorker] Current Heap: 75MB
2026-09-15T05:10:54.455923972Z 2026-09-15 05:10:54,455 [INFO] [CpuWorker] Current Load: 6.64%
2026-09-15T05:10:56.587381875Z 2026-09-15 05:10:56,577 [INFO] [CpuWorker] Cooldown complete (5.00%). Resuming load increase...
2026-09-15T05:10:57.268687292Z 2026-09-15 05:10:57,268 [INFO] [MemoryWorker] Current Heap: 100MB
2026-09-15T05:10:57.592093834Z 2026-09-15 05:10:57,587 [INFO] [CpuWorker] Current Load: 5.00%
2026-09-15T05:11:00.302646877Z 2026-09-15 05:11:00,301 [INFO] [MemoryWorker] Current Heap: 125MB
2026-09-15T05:11:00.715725127Z 2026-09-15 05:11:00,711 [INFO] [CpuWorker] Current Load: 7.64%
2026-09-15T05:11:02.831053670Z 2026-09-15 05:11:02,830 [INFO] [CpuWorker] Peak reached (10.00%). Starting cooldown...
2026-09-15T05:11:03.320254128Z 2026-09-15 05:11:03,319 [INFO] [MemoryWorker] Current Heap: 150MB
2026-09-15T05:11:03.838894462Z 2026-09-15 05:11:03,838 [INFO] [CpuWorker] Current Load: 10.00%
2026-09-15T05:11:06.328914755Z 2026-09-15 05:11:06,328 [INFO] [MemoryWorker] Current Heap: 175MB
2026-09-15T05:11:06.958386380Z 2026-09-15 05:11:06,958 [INFO] [CpuWorker] Current Load: 9.05%
2026-09-15T05:11:09.069328298Z 2026-09-15 05:11:09,068 [INFO] [CpuWorker] Cooldown complete (5.00%). Resuming load increase...
2026-09-15T05:11:09.354035256Z 2026-09-15 05:11:09,353 [INFO] [MemoryWorker] Current Heap: 200MB
2026-09-15T05:11:10.080645215Z 2026-09-15 05:11:10,074 [INFO] [CpuWorker] Current Load: 5.00%
2026-09-15T05:11:12.361077924Z 2026-09-15 05:11:12,360 [INFO] [MemoryWorker] Current Heap: 225MB
2026-09-15T05:11:13.192654966Z 2026-09-15 05:11:13,192 [INFO] [CpuWorker] Current Load: 6.76%
2026-09-15T05:11:15.311531342Z 2026-09-15 05:11:15,310 [INFO] [CpuWorker] Peak reached (10.00%). Starting cooldown...
2026-09-15T05:11:15.386828509Z 2026-09-15 05:11:15,386 [INFO] [MemoryWorker] Current Heap: 250MB
2026-09-15T05:11:16.321990968Z 2026-09-15 05:11:16,321 [INFO] [CpuWorker] Current Load: 10.00%
2026-09-15T05:11:18.410534802Z 2026-09-15 05:11:18,410 [INFO] [MemoryWorker] Current Heap: 275MB
2026-09-15T05:11:19.449620386Z 2026-09-15 05:11:19,448 [INFO] [CpuWorker] Current Load: 9.19%
2026-09-15T05:11:21.443962595Z 2026-09-15 05:11:21,443 [INFO] [MemoryWorker] Current Heap: 300MB
2026-09-15T05:11:22.571054721Z 2026-09-15 05:11:22,570 [INFO] [CpuWorker] Current Load: 8.77%
2026-09-15T05:11:24.453362138Z 2026-09-15 05:11:24,452 [INFO] [MemoryWorker] Current Heap: 325MB
2026-09-15T05:11:24.687747972Z 2026-09-15 05:11:24,687 [INFO] [CpuWorker] Cooldown complete (5.00%). Resuming load increase...
2026-09-15T05:11:25.697186347Z 2026-09-15 05:11:25,696 [INFO] [CpuWorker] Current Load: 5.00%
2026-09-15T05:11:27.472726375Z 2026-09-15 05:11:27,472 [INFO] [MemoryWorker] Current Heap: 350MB
2026-09-15T05:11:27.796367000Z 2026-09-15 05:11:27,796 [INFO] [CpuWorker] Peak reached (10.00%). Starting cooldown...
2026-09-15T05:11:28.810766209Z 2026-09-15 05:11:28,806 [INFO] [CpuWorker] Current Load: 10.00%
2026-09-15T05:11:30.502378918Z 2026-09-15 05:11:30,501 [INFO] [MemoryWorker] Current Heap: 375MB
2026-09-15T05:11:31.944907836Z 2026-09-15 05:11:31,942 [INFO] [CpuWorker] Current Load: 7.72%
2026-09-15T05:11:33.512180795Z 2026-09-15 05:11:33,511 [INFO] [MemoryWorker] Current Heap: 400MB
2026-09-15T05:11:34.062592712Z 2026-09-15 05:11:34,061 [INFO] [CpuWorker] Cooldown complete (5.00%). Resuming load increase...
2026-09-15T05:11:35.071830087Z 2026-09-15 05:11:35,070 [INFO] [CpuWorker] Current Load: 5.00%
2026-09-15T05:11:36.535598838Z 2026-09-15 05:11:36,535 [INFO] [MemoryWorker] Current Heap: 425MB
2026-09-15T05:11:37.193682255Z 2026-09-15 05:11:37,192 [INFO] [CpuWorker] Peak reached (10.00%). Starting cooldown...
2026-09-15T05:11:38.197865172Z 2026-09-15 05:11:38,197 [INFO] [CpuWorker] Current Load: 10.00%
2026-09-15T05:11:39.556995631Z 2026-09-15 05:11:39,556 [INFO] [MemoryWorker] Current Heap: 450MB
2026-09-15T05:11:41.318186382Z 2026-09-15 05:11:41,316 [INFO] [CpuWorker] Current Load: 8.18%
2026-09-15T05:11:42.567807549Z 2026-09-15 05:11:42,567 [INFO] [MemoryWorker] Current Heap: 475MB
2026-09-15T05:11:44.429529133Z 2026-09-15 05:11:44,429 [INFO] [CpuWorker] Current Load: 5.55%
