
=== initial ===
2026-09-15T14:10:45+0900
--- identity ---
uid=10001(agent-admin) gid=10001(agent-admin) groups=10001(agent-admin)
--- monitor.sh ---
[2026-09-15 05:10:45] PROCESS:agent-app-linux-arm64 PID:7 PPID:1 ETIME:00:00 CPU:0.0% MEM:0.0% RSS:1.6MB RSS_KB:1632 VSZ_KB:2600 STAT:S PORT:15034
[2026-09-15 05:10:45] PROCESS:agent-app-linux-arm64 PID:8 PPID:7 ETIME:00:00 CPU:0.0% MEM:0.2% RSS:16.4MB RSS_KB:16844 VSZ_KB:22144 STAT:SN PORT:15034
--- ps -ef ---
UID        PID  PPID  C STIME TTY          TIME CMD
agent-a+     1     0  0 05:10 ?        00:00:00 /sbin/docker-init -- /opt/agent/agent-app-linux-arm64
agent-a+     7     1  0 05:10 ?        00:00:00 /opt/agent/agent-app-linux-arm64
agent-a+     8     7  0 05:10 ?        00:00:00 /opt/agent/agent-app-linux-arm64
agent-a+    42     0  0 05:10 ?        00:00:00 ps -ef
--- ps process PID=7 ---
  PID  PPID     ELAPSED %CPU %MEM   RSS    VSZ STAT CMD
    7     1       00:00  0.0  0.0  1632   2600 S    /opt/agent/agent-app-linux-arm64
--- top -H PID=7 ---
top - 05:10:45 up 57 min,  0 users,  load average: 0.41, 0.18, 0.12
Threads:   1 total,   0 running,   1 sleeping,   0 stopped,   0 zombie
%Cpu(s):  0.0 us,  0.0 sy,  0.0 ni,100.0 id,  0.0 wa,  0.0 hi,  0.0 si,  0.0 st
MiB Mem :   7936.0 total,   6854.1 free,    448.3 used,    633.6 buff/cache
MiB Swap:   1024.0 total,   1024.0 free,      0.0 used.   7328.6 avail Mem 

  PID USER      PR  NI    VIRT    RES    SHR S  %CPU  %MEM     TIME+ COMMAND
    7 agent-a+  20   0    2600   1632   1420 S   0.0   0.0   0:00.06 agent-app+
--- ps -L PID=7 ---
  PID   TID STAT %CPU %MEM WCHAN                            COMMAND
    7     7 S     6.0  0.0 do_wait                          agent-app-linux
--- ps process PID=8 ---
  PID  PPID     ELAPSED %CPU %MEM   RSS    VSZ STAT CMD
    8     7       00:01  3.0  0.2 16844  22144 SN   /opt/agent/agent-app-linux-arm64
--- top -H PID=8 ---
top - 05:10:45 up 57 min,  0 users,  load average: 0.41, 0.18, 0.12
Threads:   1 total,   0 running,   1 sleeping,   0 stopped,   0 zombie
%Cpu(s):  0.0 us,  0.0 sy,  0.0 ni,100.0 id,  0.0 wa,  0.0 hi,  0.0 si,  0.0 st
MiB Mem :   7936.0 total,   6852.8 free,    449.6 used,    633.6 buff/cache
MiB Swap:   1024.0 total,   1024.0 free,      0.0 used.   7327.4 avail Mem 

  PID USER      PR  NI    VIRT    RES    SHR S  %CPU  %MEM     TIME+ COMMAND
    8 agent-a+  30  10   22144  16844   8572 S   0.0   0.2   0:00.03 agent-app+
--- ps -L PID=8 ---
  PID   TID STAT %CPU %MEM WCHAN                            COMMAND
    8     8 SN    3.0  0.2 do_select                        agent-app-linux
--- docker stats ---
NAME=codyssey-agent-deadlock-after-20260915-141042-65094 CPU=0.00% MEM=9.809MiB / 1GiB MEM_PERC=0.96% PIDS=3

=== t+3s ===
2026-09-15T14:10:50+0900
--- identity ---
uid=10001(agent-admin) gid=10001(agent-admin) groups=10001(agent-admin)
--- monitor.sh ---
[2026-09-15 05:10:50] PROCESS:agent-app-linux-arm64 PID:7 PPID:1 ETIME:00:05 CPU:1.2% MEM:0.0% RSS:1.6MB RSS_KB:1632 VSZ_KB:2600 STAT:S PORT:15034
[2026-09-15 05:10:50] PROCESS:agent-app-linux-arm64 PID:8 PPID:7 ETIME:00:05 CPU:1.4% MEM:0.5% RSS:41.7MB RSS_KB:42660 VSZ_KB:196356 STAT:SNl PORT:15034
--- ps -ef ---
UID        PID  PPID  C STIME TTY          TIME CMD
agent-a+     1     0  0 05:10 ?        00:00:00 /sbin/docker-init -- /opt/agent/agent-app-linux-arm64
agent-a+     7     1  1 05:10 ?        00:00:00 /opt/agent/agent-app-linux-arm64
agent-a+     8     7  1 05:10 ?        00:00:00 /opt/agent/agent-app-linux-arm64
agent-a+   119     0  0 05:10 ?        00:00:00 ps -ef
--- ps process PID=7 ---
  PID  PPID     ELAPSED %CPU %MEM   RSS    VSZ STAT CMD
    7     1       00:06  1.0  0.0  1632   2600 S    /opt/agent/agent-app-linux-arm64
--- top -H PID=7 ---
top - 05:10:50 up 57 min,  0 users,  load average: 0.37, 0.18, 0.12
Threads:   1 total,   0 running,   1 sleeping,   0 stopped,   0 zombie
%Cpu(s):  0.0 us,  0.0 sy,  0.0 ni,100.0 id,  0.0 wa,  0.0 hi,  0.0 si,  0.0 st
MiB Mem :   7936.0 total,   6833.7 free,    468.6 used,    633.7 buff/cache
MiB Swap:   1024.0 total,   1024.0 free,      0.0 used.   7308.6 avail Mem 

  PID USER      PR  NI    VIRT    RES    SHR S  %CPU  %MEM     TIME+ COMMAND
    7 agent-a+  20   0    2600   1632   1420 S   0.0   0.0   0:00.06 agent-app+
--- ps -L PID=7 ---
  PID   TID STAT %CPU %MEM WCHAN                            COMMAND
    7     7 S     1.0  0.0 do_wait                          agent-app-linux
--- ps process PID=8 ---
  PID  PPID     ELAPSED %CPU %MEM   RSS    VSZ STAT CMD
    8     7       00:06  1.1  0.5 42660 196356 SNl  /opt/agent/agent-app-linux-arm64
--- top -H PID=8 ---
top - 05:10:51 up 57 min,  0 users,  load average: 0.37, 0.18, 0.12
Threads:   3 total,   0 running,   3 sleeping,   0 stopped,   0 zombie
%Cpu(s):  0.0 us,  0.0 sy,  0.0 ni,100.0 id,  0.0 wa,  0.0 hi,  0.0 si,  0.0 st
MiB Mem :   7936.0 total,   6841.8 free,    460.6 used,    633.7 buff/cache
MiB Swap:   1024.0 total,   1024.0 free,      0.0 used.   7316.6 avail Mem 

  PID USER      PR  NI    VIRT    RES    SHR S  %CPU  %MEM     TIME+ COMMAND
    8 agent-a+  30  10  196356  42660   8572 S   0.0   0.5   0:00.06 agent-app+
   90 agent-a+  30  10  196356  42660   8572 S   0.0   0.5   0:00.00 agent-app+
   91 agent-a+  30  10  196356  42660   8572 S   0.0   0.5   0:00.00 agent-app+
--- ps -L PID=8 ---
  PID   TID STAT %CPU %MEM WCHAN                            COMMAND
    8     8 SNl   1.0  0.5 futex_wait_queue                 agent-app-linux
    8    90 SNl   0.0  0.5 do_select                        agent-app-linux
    8    91 SNl   0.0  0.5 do_select                        agent-app-linux
--- docker stats ---
NAME=codyssey-agent-deadlock-after-20260915-141042-65094 CPU=1.40% MEM=60.03MiB / 1GiB MEM_PERC=5.86% PIDS=5

=== t+6s ===
2026-09-15T14:10:55+0900
--- identity ---
uid=10001(agent-admin) gid=10001(agent-admin) groups=10001(agent-admin)
--- monitor.sh ---
[2026-09-15 05:10:55] PROCESS:agent-app-linux-arm64 PID:7 PPID:1 ETIME:00:10 CPU:0.6% MEM:0.0% RSS:1.6MB RSS_KB:1632 VSZ_KB:2600 STAT:S PORT:15034
[2026-09-15 05:10:55] PROCESS:agent-app-linux-arm64 PID:8 PPID:7 ETIME:00:10 CPU:1.1% MEM:1.1% RSS:91.7MB RSS_KB:93868 VSZ_KB:247564 STAT:SNl PORT:15034
--- ps -ef ---
UID        PID  PPID  C STIME TTY          TIME CMD
agent-a+     1     0  0 05:10 ?        00:00:00 /sbin/docker-init -- /opt/agent/agent-app-linux-arm64
agent-a+     7     1  0 05:10 ?        00:00:00 /opt/agent/agent-app-linux-arm64
agent-a+     8     7  1 05:10 ?        00:00:00 /opt/agent/agent-app-linux-arm64
agent-a+   194     0  0 05:10 ?        00:00:00 ps -ef
--- ps process PID=7 ---
  PID  PPID     ELAPSED %CPU %MEM   RSS    VSZ STAT CMD
    7     1       00:11  0.5  0.0  1632   2600 S    /opt/agent/agent-app-linux-arm64
--- top -H PID=7 ---
top - 05:10:55 up 58 min,  0 users,  load average: 0.58, 0.23, 0.14
Threads:   1 total,   0 running,   1 sleeping,   0 stopped,   0 zombie
%Cpu(s):  0.0 us,  0.6 sy,  0.0 ni, 99.4 id,  0.0 wa,  0.0 hi,  0.0 si,  0.0 st
MiB Mem :   7936.0 total,   6778.9 free,    523.0 used,    634.1 buff/cache
MiB Swap:   1024.0 total,   1024.0 free,      0.0 used.   7254.1 avail Mem 

  PID USER      PR  NI    VIRT    RES    SHR S  %CPU  %MEM     TIME+ COMMAND
    7 agent-a+  20   0    2600   1632   1420 S   0.0   0.0   0:00.06 agent-app+
--- ps -L PID=7 ---
  PID   TID STAT %CPU %MEM WCHAN                            COMMAND
    7     7 S     0.5  0.0 do_wait                          agent-app-linux
--- ps process PID=8 ---
  PID  PPID     ELAPSED %CPU %MEM   RSS    VSZ STAT CMD
    8     7       00:11  1.0  1.1 93868 247564 SNl  /opt/agent/agent-app-linux-arm64
--- top -H PID=8 ---
top - 05:10:56 up 58 min,  0 users,  load average: 0.58, 0.23, 0.14
Threads:   3 total,   0 running,   3 sleeping,   0 stopped,   0 zombie
%Cpu(s):  0.0 us,  0.0 sy,  0.0 ni,100.0 id,  0.0 wa,  0.0 hi,  0.0 si,  0.0 st
MiB Mem :   7936.0 total,   6778.1 free,    523.7 used,    634.1 buff/cache
MiB Swap:   1024.0 total,   1024.0 free,      0.0 used.   7253.4 avail Mem 

  PID USER      PR  NI    VIRT    RES    SHR S  %CPU  %MEM     TIME+ COMMAND
    8 agent-a+  30  10  247564  93868   8572 S   0.0   1.2   0:00.06 agent-app+
   90 agent-a+  30  10  247564  93868   8572 S   0.0   1.2   0:00.02 agent-app+
   91 agent-a+  30  10  247564  93868   8572 S   0.0   1.2   0:00.02 agent-app+
--- ps -L PID=8 ---
  PID   TID STAT %CPU %MEM WCHAN                            COMMAND
    8     8 SNl   0.5  1.1 futex_wait_queue                 agent-app-linux
    8    90 SNl   0.2  1.1 do_select                        agent-app-linux
    8    91 SNl   0.2  1.1 do_select                        agent-app-linux
--- docker stats ---
NAME=codyssey-agent-deadlock-after-20260915-141042-65094 CPU=1.39% MEM=110.3MiB / 1GiB MEM_PERC=10.77% PIDS=5

=== t+9s ===
2026-09-15T14:11:01+0900
--- identity ---
uid=10001(agent-admin) gid=10001(agent-admin) groups=10001(agent-admin)
--- monitor.sh ---
[2026-09-15 05:11:01] PROCESS:agent-app-linux-arm64 PID:7 PPID:1 ETIME:00:16 CPU:0.3% MEM:0.0% RSS:1.6MB RSS_KB:1632 VSZ_KB:2600 STAT:S PORT:15034
[2026-09-15 05:11:01] PROCESS:agent-app-linux-arm64 PID:8 PPID:7 ETIME:00:16 CPU:0.9% MEM:1.7% RSS:141.7MB RSS_KB:145076 VSZ_KB:298772 STAT:SNl PORT:15034
--- ps -ef ---
UID        PID  PPID  C STIME TTY          TIME CMD
agent-a+     1     0  0 05:10 ?        00:00:00 /sbin/docker-init -- /opt/agent/agent-app-linux-arm64
agent-a+     7     1  0 05:10 ?        00:00:00 /opt/agent/agent-app-linux-arm64
agent-a+     8     7  0 05:10 ?        00:00:00 /opt/agent/agent-app-linux-arm64
agent-a+   269     0  0 05:11 ?        00:00:00 ps -ef
--- ps process PID=7 ---
  PID  PPID     ELAPSED %CPU %MEM   RSS    VSZ STAT CMD
    7     1       00:17  0.3  0.0  1632   2600 S    /opt/agent/agent-app-linux-arm64
--- top -H PID=7 ---
top - 05:11:01 up 58 min,  0 users,  load average: 0.54, 0.22, 0.14
Threads:   1 total,   0 running,   1 sleeping,   0 stopped,   0 zombie
%Cpu(s):  0.0 us,  0.0 sy,  0.0 ni,100.0 id,  0.0 wa,  0.0 hi,  0.0 si,  0.0 st
MiB Mem :   7936.0 total,   6738.6 free,    563.3 used,    634.2 buff/cache
MiB Swap:   1024.0 total,   1024.0 free,      0.0 used.   7213.8 avail Mem 

  PID USER      PR  NI    VIRT    RES    SHR S  %CPU  %MEM     TIME+ COMMAND
    7 agent-a+  20   0    2600   1632   1420 S   0.0   0.0   0:00.06 agent-app+
--- ps -L PID=7 ---
  PID   TID STAT %CPU %MEM WCHAN                            COMMAND
    7     7 S     0.3  0.0 do_wait                          agent-app-linux
--- ps process PID=8 ---
  PID  PPID     ELAPSED %CPU %MEM   RSS    VSZ STAT CMD
    8     7       00:17  0.8  1.7 145076 298772 SNl /opt/agent/agent-app-linux-arm64
--- top -H PID=8 ---
top - 05:11:02 up 58 min,  0 users,  load average: 0.54, 0.22, 0.14
Threads:   3 total,   0 running,   3 sleeping,   0 stopped,   0 zombie
%Cpu(s):  0.0 us,  0.0 sy,  0.0 ni,100.0 id,  0.0 wa,  0.0 hi,  0.0 si,  0.0 st
MiB Mem :   7936.0 total,   6723.9 free,    578.0 used,    634.2 buff/cache
MiB Swap:   1024.0 total,   1024.0 free,      0.0 used.   7199.1 avail Mem 

  PID USER      PR  NI    VIRT    RES    SHR S  %CPU  %MEM     TIME+ COMMAND
    8 agent-a+  30  10  298772 145076   8572 S   0.0   1.8   0:00.06 agent-app+
   90 agent-a+  30  10  298772 145076   8572 S   0.0   1.8   0:00.04 agent-app+
   91 agent-a+  30  10  298772 145076   8572 S   0.0   1.8   0:00.04 agent-app+
--- ps -L PID=8 ---
  PID   TID STAT %CPU %MEM WCHAN                            COMMAND
    8     8 SNl   0.3  1.7 futex_wait_queue                 agent-app-linux
    8    90 SNl   0.2  1.7 do_select                        agent-app-linux
    8    91 SNl   0.2  1.7 do_select                        agent-app-linux
--- docker stats ---
NAME=codyssey-agent-deadlock-after-20260915-141042-65094 CPU=0.07% MEM=135.2MiB / 1GiB MEM_PERC=13.21% PIDS=5

=== t+12s ===
2026-09-15T14:11:06+0900
--- identity ---
uid=10001(agent-admin) gid=10001(agent-admin) groups=10001(agent-admin)
--- monitor.sh ---
[2026-09-15 05:11:06] PROCESS:agent-app-linux-arm64 PID:7 PPID:1 ETIME:00:21 CPU:0.2% MEM:0.0% RSS:1.6MB RSS_KB:1632 VSZ_KB:2600 STAT:S PORT:15034
[2026-09-15 05:11:06] PROCESS:agent-app-linux-arm64 PID:8 PPID:7 ETIME:00:21 CPU:0.8% MEM:2.4% RSS:191.7MB RSS_KB:196284 VSZ_KB:349980 STAT:SNl PORT:15034
--- ps -ef ---
UID        PID  PPID  C STIME TTY          TIME CMD
agent-a+     1     0  0 05:10 ?        00:00:00 /sbin/docker-init -- /opt/agent/agent-app-linux-arm64
agent-a+     7     1  0 05:10 ?        00:00:00 /opt/agent/agent-app-linux-arm64
agent-a+     8     7  0 05:10 ?        00:00:00 /opt/agent/agent-app-linux-arm64
agent-a+   344     0  0 05:11 ?        00:00:00 ps -ef
--- ps process PID=7 ---
  PID  PPID     ELAPSED %CPU %MEM   RSS    VSZ STAT CMD
    7     1       00:22  0.2  0.0  1632   2600 S    /opt/agent/agent-app-linux-arm64
--- top -H PID=7 ---
top - 05:11:06 up 58 min,  0 users,  load average: 0.49, 0.22, 0.13
Threads:   1 total,   0 running,   1 sleeping,   0 stopped,   0 zombie
%Cpu(s):  0.0 us,  0.0 sy,  0.0 ni,100.0 id,  0.0 wa,  0.0 hi,  0.0 si,  0.0 st
MiB Mem :   7936.0 total,   6682.3 free,    619.5 used,    634.2 buff/cache
MiB Swap:   1024.0 total,   1024.0 free,      0.0 used.   7157.6 avail Mem 

  PID USER      PR  NI    VIRT    RES    SHR S  %CPU  %MEM     TIME+ COMMAND
    7 agent-a+  20   0    2600   1632   1420 S   0.0   0.0   0:00.06 agent-app+
--- ps -L PID=7 ---
  PID   TID STAT %CPU %MEM WCHAN                            COMMAND
    7     7 S     0.2  0.0 do_wait                          agent-app-linux
--- ps process PID=8 ---
  PID  PPID     ELAPSED %CPU %MEM   RSS    VSZ STAT CMD
    8     7       00:22  0.8  2.4 196284 349980 SNl /opt/agent/agent-app-linux-arm64
--- top -H PID=8 ---
top - 05:11:07 up 58 min,  0 users,  load average: 0.49, 0.22, 0.13
Threads:   3 total,   0 running,   3 sleeping,   0 stopped,   0 zombie
%Cpu(s):  0.7 us,  0.0 sy,  0.0 ni, 99.3 id,  0.0 wa,  0.0 hi,  0.0 si,  0.0 st
MiB Mem :   7936.0 total,   6675.6 free,    626.3 used,    634.2 buff/cache
MiB Swap:   1024.0 total,   1024.0 free,      0.0 used.   7150.8 avail Mem 

  PID USER      PR  NI    VIRT    RES    SHR S  %CPU  %MEM     TIME+ COMMAND
    8 agent-a+  30  10  349980 196284   8572 S   0.0   2.4   0:00.06 agent-app+
   90 agent-a+  30  10  349980 196284   8572 S   0.0   2.4   0:00.05 agent-app+
   91 agent-a+  30  10  349980 196284   8572 S   0.0   2.4   0:00.06 agent-app+
--- ps -L PID=8 ---
  PID   TID STAT %CPU %MEM WCHAN                            COMMAND
    8     8 SNl   0.2  2.4 futex_wait_queue                 agent-app-linux
    8    90 SNl   0.2  2.4 do_select                        agent-app-linux
    8    91 SNl   0.3  2.4 do_select                        agent-app-linux
--- docker stats ---
NAME=codyssey-agent-deadlock-after-20260915-141042-65094 CPU=0.13% MEM=185.8MiB / 1GiB MEM_PERC=18.15% PIDS=5

=== t+15s ===
2026-09-15T14:11:12+0900
--- identity ---
uid=10001(agent-admin) gid=10001(agent-admin) groups=10001(agent-admin)
--- monitor.sh ---
[2026-09-15 05:11:12] PROCESS:agent-app-linux-arm64 PID:7 PPID:1 ETIME:00:27 CPU:0.2% MEM:0.0% RSS:1.6MB RSS_KB:1632 VSZ_KB:2600 STAT:S PORT:15034
[2026-09-15 05:11:12] PROCESS:agent-app-linux-arm64 PID:8 PPID:7 ETIME:00:27 CPU:0.7% MEM:2.7% RSS:216.7MB RSS_KB:221888 VSZ_KB:375584 STAT:SNl PORT:15034
--- ps -ef ---
UID        PID  PPID  C STIME TTY          TIME CMD
agent-a+     1     0  0 05:10 ?        00:00:00 /sbin/docker-init -- /opt/agent/agent-app-linux-arm64
agent-a+     7     1  0 05:10 ?        00:00:00 /opt/agent/agent-app-linux-arm64
agent-a+     8     7  0 05:10 ?        00:00:00 /opt/agent/agent-app-linux-arm64
agent-a+   419     0  0 05:11 ?        00:00:00 ps -ef
--- ps process PID=7 ---
  PID  PPID     ELAPSED %CPU %MEM   RSS    VSZ STAT CMD
    7     1       00:28  0.2  0.0  1632   2600 S    /opt/agent/agent-app-linux-arm64
--- top -H PID=7 ---
top - 05:11:12 up 58 min,  0 users,  load average: 0.45, 0.22, 0.13
Threads:   1 total,   0 running,   1 sleeping,   0 stopped,   0 zombie
%Cpu(s):  0.0 us,  0.0 sy,  0.0 ni,100.0 id,  0.0 wa,  0.0 hi,  0.0 si,  0.0 st
MiB Mem :   7936.0 total,   6638.8 free,    663.0 used,    634.2 buff/cache
MiB Swap:   1024.0 total,   1024.0 free,      0.0 used.   7114.1 avail Mem 

  PID USER      PR  NI    VIRT    RES    SHR S  %CPU  %MEM     TIME+ COMMAND
    7 agent-a+  20   0    2600   1632   1420 S   0.0   0.0   0:00.06 agent-app+
--- ps -L PID=7 ---
  PID   TID STAT %CPU %MEM WCHAN                            COMMAND
    7     7 S     0.2  0.0 do_wait                          agent-app-linux
--- ps process PID=8 ---
  PID  PPID     ELAPSED %CPU %MEM   RSS    VSZ STAT CMD
    8     7       00:28  0.7  3.0 247492 401188 SNl /opt/agent/agent-app-linux-arm64
--- top -H PID=8 ---
top - 05:11:13 up 58 min,  0 users,  load average: 0.45, 0.22, 0.13
Threads:   3 total,   0 running,   3 sleeping,   0 stopped,   0 zombie
%Cpu(s):  0.6 us,  0.0 sy,  0.0 ni, 99.4 id,  0.0 wa,  0.0 hi,  0.0 si,  0.0 st
MiB Mem :   7936.0 total,   6630.0 free,    671.8 used,    634.2 buff/cache
MiB Swap:   1024.0 total,   1024.0 free,      0.0 used.   7105.3 avail Mem 

  PID USER      PR  NI    VIRT    RES    SHR S  %CPU  %MEM     TIME+ COMMAND
    8 agent-a+  30  10  401188 247492   8572 S   0.0   3.0   0:00.06 agent-app+
   90 agent-a+  30  10  401188 247492   8572 S   0.0   3.0   0:00.06 agent-app+
   91 agent-a+  30  10  401188 247492   8572 S   0.0   3.0   0:00.06 agent-app+
--- ps -L PID=8 ---
  PID   TID STAT %CPU %MEM WCHAN                            COMMAND
    8     8 SNl   0.2  3.0 futex_wait_queue                 agent-app-linux
    8    90 SNl   0.2  3.0 do_select                        agent-app-linux
    8    91 SNl   0.2  3.0 do_select                        agent-app-linux
--- docker stats ---
NAME=codyssey-agent-deadlock-after-20260915-141042-65094 CPU=0.01% MEM=235.4MiB / 1GiB MEM_PERC=22.99% PIDS=5

=== t+18s ===
2026-09-15T14:11:17+0900
--- identity ---
uid=10001(agent-admin) gid=10001(agent-admin) groups=10001(agent-admin)
--- monitor.sh ---
[2026-09-15 05:11:17] PROCESS:agent-app-linux-arm64 PID:7 PPID:1 ETIME:00:33 CPU:0.1% MEM:0.0% RSS:1.6MB RSS_KB:1632 VSZ_KB:2600 STAT:S PORT:15034
[2026-09-15 05:11:17] PROCESS:agent-app-linux-arm64 PID:8 PPID:7 ETIME:00:33 CPU:0.7% MEM:3.3% RSS:266.7MB RSS_KB:273096 VSZ_KB:426792 STAT:SNl PORT:15034
--- ps -ef ---
UID        PID  PPID  C STIME TTY          TIME CMD
agent-a+     1     0  0 05:10 ?        00:00:00 /sbin/docker-init -- /opt/agent/agent-app-linux-arm64
agent-a+     7     1  0 05:10 ?        00:00:00 /opt/agent/agent-app-linux-arm64
agent-a+     8     7  0 05:10 ?        00:00:00 /opt/agent/agent-app-linux-arm64
agent-a+   495     0  0 05:11 ?        00:00:00 ps -ef
--- ps process PID=7 ---
  PID  PPID     ELAPSED %CPU %MEM   RSS    VSZ STAT CMD
    7     1       00:33  0.1  0.0  1632   2600 S    /opt/agent/agent-app-linux-arm64
--- top -H PID=7 ---
top - 05:11:17 up 58 min,  0 users,  load average: 0.42, 0.21, 0.13
Threads:   1 total,   0 running,   1 sleeping,   0 stopped,   0 zombie
%Cpu(s):  0.0 us,  0.0 sy,  0.0 ni,100.0 id,  0.0 wa,  0.0 hi,  0.0 si,  0.0 st
MiB Mem :   7936.0 total,   6604.4 free,    697.4 used,    634.2 buff/cache
MiB Swap:   1024.0 total,   1024.0 free,      0.0 used.   7079.7 avail Mem 

  PID USER      PR  NI    VIRT    RES    SHR S  %CPU  %MEM     TIME+ COMMAND
    7 agent-a+  20   0    2600   1632   1420 S   0.0   0.0   0:00.06 agent-app+
--- ps -L PID=7 ---
  PID   TID STAT %CPU %MEM WCHAN                            COMMAND
    7     7 S     0.1  0.0 do_wait                          agent-app-linux
--- ps process PID=8 ---
  PID  PPID     ELAPSED %CPU %MEM   RSS    VSZ STAT CMD
    8     7       00:33  0.7  3.3 273096 426792 SNl /opt/agent/agent-app-linux-arm64
--- top -H PID=8 ---
top - 05:11:18 up 58 min,  0 users,  load average: 0.42, 0.21, 0.13
Threads:   3 total,   0 running,   3 sleeping,   0 stopped,   0 zombie
%Cpu(s):  0.0 us,  0.0 sy,  0.0 ni,100.0 id,  0.0 wa,  0.0 hi,  0.0 si,  0.0 st
MiB Mem :   7936.0 total,   6606.3 free,    695.5 used,    634.2 buff/cache
MiB Swap:   1024.0 total,   1024.0 free,      0.0 used.   7081.6 avail Mem 

  PID USER      PR  NI    VIRT    RES    SHR S  %CPU  %MEM     TIME+ COMMAND
    8 agent-a+  30  10  426792 273096   8572 S   0.0   3.4   0:00.06 agent-app+
   90 agent-a+  30  10  426792 273096   8572 S   0.0   3.4   0:00.08 agent-app+
   91 agent-a+  30  10  426792 273096   8572 S   0.0   3.4   0:00.08 agent-app+
--- ps -L PID=8 ---
  PID   TID STAT %CPU %MEM WCHAN                            COMMAND
    8     8 SNl   0.1  3.3 futex_wait_queue                 agent-app-linux
    8    90 SNl   0.2  3.3 do_select                        agent-app-linux
    8    91 SNl   0.2  3.3 do_select                        agent-app-linux
--- docker stats ---
NAME=codyssey-agent-deadlock-after-20260915-141042-65094 CPU=0.50% MEM=285.7MiB / 1GiB MEM_PERC=27.90% PIDS=5

=== t+21s ===
2026-09-15T14:11:22+0900
--- identity ---
uid=10001(agent-admin) gid=10001(agent-admin) groups=10001(agent-admin)
--- monitor.sh ---
[2026-09-15 05:11:22] PROCESS:agent-app-linux-arm64 PID:7 PPID:1 ETIME:00:38 CPU:0.1% MEM:0.0% RSS:1.6MB RSS_KB:1632 VSZ_KB:2600 STAT:S PORT:15034
[2026-09-15 05:11:22] PROCESS:agent-app-linux-arm64 PID:8 PPID:7 ETIME:00:38 CPU:0.6% MEM:3.9% RSS:316.7MB RSS_KB:324304 VSZ_KB:478000 STAT:SNl PORT:15034
--- ps -ef ---
UID        PID  PPID  C STIME TTY          TIME CMD
agent-a+     1     0  0 05:10 ?        00:00:00 /sbin/docker-init -- /opt/agent/agent-app-linux-arm64
agent-a+     7     1  0 05:10 ?        00:00:00 /opt/agent/agent-app-linux-arm64
agent-a+     8     7  0 05:10 ?        00:00:00 /opt/agent/agent-app-linux-arm64
agent-a+   569     0  0 05:11 ?        00:00:00 ps -ef
--- ps process PID=7 ---
  PID  PPID     ELAPSED %CPU %MEM   RSS    VSZ STAT CMD
    7     1       00:38  0.1  0.0  1632   2600 S    /opt/agent/agent-app-linux-arm64
--- top -H PID=7 ---
top - 05:11:22 up 58 min,  0 users,  load average: 0.38, 0.21, 0.13
Threads:   1 total,   0 running,   1 sleeping,   0 stopped,   0 zombie
%Cpu(s):  0.0 us,  0.0 sy,  0.0 ni,100.0 id,  0.0 wa,  0.0 hi,  0.0 si,  0.0 st
MiB Mem :   7936.0 total,   6550.8 free,    751.0 used,    634.2 buff/cache
MiB Swap:   1024.0 total,   1024.0 free,      0.0 used.   7026.0 avail Mem 

  PID USER      PR  NI    VIRT    RES    SHR S  %CPU  %MEM     TIME+ COMMAND
    7 agent-a+  20   0    2600   1632   1420 S   0.0   0.0   0:00.06 agent-app+
--- ps -L PID=7 ---
  PID   TID STAT %CPU %MEM WCHAN                            COMMAND
    7     7 S     0.1  0.0 do_wait                          agent-app-linux
--- ps process PID=8 ---
  PID  PPID     ELAPSED %CPU %MEM   RSS    VSZ STAT CMD
    8     7       00:38  0.7  3.9 324304 478000 SNl /opt/agent/agent-app-linux-arm64
--- top -H PID=8 ---
top - 05:11:23 up 58 min,  0 users,  load average: 0.38, 0.21, 0.13
Threads:   3 total,   0 running,   3 sleeping,   0 stopped,   0 zombie
%Cpu(s):  0.0 us,  0.0 sy,  0.0 ni,100.0 id,  0.0 wa,  0.0 hi,  0.0 si,  0.0 st
MiB Mem :   7936.0 total,   6547.4 free,    754.4 used,    634.2 buff/cache
MiB Swap:   1024.0 total,   1024.0 free,      0.0 used.   7022.7 avail Mem 

  PID USER      PR  NI    VIRT    RES    SHR S  %CPU  %MEM     TIME+ COMMAND
    8 agent-a+  30  10  478000 324304   8572 S   0.0   4.0   0:00.06 agent-app+
   90 agent-a+  30  10  478000 324304   8572 S   0.0   4.0   0:00.10 agent-app+
   91 agent-a+  30  10  478000 324304   8572 S   0.0   4.0   0:00.10 agent-app+
--- ps -L PID=8 ---
  PID   TID STAT %CPU %MEM WCHAN                            COMMAND
    8     8 SNl   0.1  3.9 futex_wait_queue                 agent-app-linux
    8    90 SNl   0.2  3.9 do_select                        agent-app-linux
    8    91 SNl   0.2  3.9 do_select                        agent-app-linux
--- docker stats ---
NAME=codyssey-agent-deadlock-after-20260915-141042-65094 CPU=0.02% MEM=310.6MiB / 1GiB MEM_PERC=30.33% PIDS=5

=== t+24s ===
2026-09-15T14:11:27+0900
--- identity ---
uid=10001(agent-admin) gid=10001(agent-admin) groups=10001(agent-admin)
--- monitor.sh ---
[2026-09-15 05:11:27] PROCESS:agent-app-linux-arm64 PID:7 PPID:1 ETIME:00:43 CPU:0.1% MEM:0.0% RSS:1.6MB RSS_KB:1632 VSZ_KB:2600 STAT:S PORT:15034
[2026-09-15 05:11:27] PROCESS:agent-app-linux-arm64 PID:8 PPID:7 ETIME:00:43 CPU:0.6% MEM:4.6% RSS:366.7MB RSS_KB:375512 VSZ_KB:529208 STAT:SNl PORT:15034
--- ps -ef ---
UID        PID  PPID  C STIME TTY          TIME CMD
agent-a+     1     0  0 05:10 ?        00:00:00 /sbin/docker-init -- /opt/agent/agent-app-linux-arm64
agent-a+     7     1  0 05:10 ?        00:00:00 /opt/agent/agent-app-linux-arm64
agent-a+     8     7  0 05:10 ?        00:00:00 /opt/agent/agent-app-linux-arm64
agent-a+   644     0  0 05:11 ?        00:00:00 ps -ef
--- ps process PID=7 ---
  PID  PPID     ELAPSED %CPU %MEM   RSS    VSZ STAT CMD
    7     1       00:43  0.1  0.0  1632   2600 S    /opt/agent/agent-app-linux-arm64
--- top -H PID=7 ---
top - 05:11:27 up 58 min,  0 users,  load average: 0.35, 0.20, 0.13
Threads:   1 total,   0 running,   1 sleeping,   0 stopped,   0 zombie
%Cpu(s):  0.0 us,  0.0 sy,  0.0 ni,100.0 id,  0.0 wa,  0.0 hi,  0.0 si,  0.0 st
MiB Mem :   7936.0 total,   6489.7 free,    812.1 used,    634.2 buff/cache
MiB Swap:   1024.0 total,   1024.0 free,      0.0 used.   6965.0 avail Mem 

  PID USER      PR  NI    VIRT    RES    SHR S  %CPU  %MEM     TIME+ COMMAND
    7 agent-a+  20   0    2600   1632   1420 S   0.0   0.0   0:00.06 agent-app+
--- ps -L PID=7 ---
  PID   TID STAT %CPU %MEM WCHAN                            COMMAND
    7     7 S     0.1  0.0 do_wait                          agent-app-linux
--- ps process PID=8 ---
  PID  PPID     ELAPSED %CPU %MEM   RSS    VSZ STAT CMD
    8     7       00:43  0.6  4.6 375512 529208 SNl /opt/agent/agent-app-linux-arm64
--- top -H PID=8 ---
top - 05:11:28 up 58 min,  0 users,  load average: 0.35, 0.20, 0.13
Threads:   3 total,   0 running,   3 sleeping,   0 stopped,   0 zombie
%Cpu(s):  0.0 us,  0.0 sy,  0.0 ni,100.0 id,  0.0 wa,  0.0 hi,  0.0 si,  0.0 st
MiB Mem :   7936.0 total,   6486.6 free,    815.2 used,    634.2 buff/cache
MiB Swap:   1024.0 total,   1024.0 free,      0.0 used.   6961.9 avail Mem 

  PID USER      PR  NI    VIRT    RES    SHR S  %CPU  %MEM     TIME+ COMMAND
    8 agent-a+  30  10  529208 375512   8572 S   0.0   4.6   0:00.06 agent-app+
   90 agent-a+  30  10  529208 375512   8572 S   0.0   4.6   0:00.11 agent-app+
   91 agent-a+  30  10  529208 375512   8572 S   0.0   4.6   0:00.11 agent-app+
--- ps -L PID=8 ---
  PID   TID STAT %CPU %MEM WCHAN                            COMMAND
    8     8 SNl   0.1  4.6 futex_wait_queue                 agent-app-linux
    8    90 SNl   0.2  4.6 do_select                        agent-app-linux
    8    91 SNl   0.2  4.6 do_select                        agent-app-linux
--- docker stats ---
NAME=codyssey-agent-deadlock-after-20260915-141042-65094 CPU=1.46% MEM=361.1MiB / 1GiB MEM_PERC=35.26% PIDS=5

=== t+27s ===
2026-09-15T14:11:32+0900
--- identity ---
uid=10001(agent-admin) gid=10001(agent-admin) groups=10001(agent-admin)
--- monitor.sh ---
[2026-09-15 05:11:32] PROCESS:agent-app-linux-arm64 PID:7 PPID:1 ETIME:00:48 CPU:0.1% MEM:0.0% RSS:1.6MB RSS_KB:1632 VSZ_KB:2600 STAT:S PORT:15034
[2026-09-15 05:11:32] PROCESS:agent-app-linux-arm64 PID:8 PPID:7 ETIME:00:48 CPU:0.6% MEM:4.9% RSS:391.7MB RSS_KB:401116 VSZ_KB:554812 STAT:SNl PORT:15034
--- ps -ef ---
UID        PID  PPID  C STIME TTY          TIME CMD
agent-a+     1     0  0 05:10 ?        00:00:00 /sbin/docker-init -- /opt/agent/agent-app-linux-arm64
agent-a+     7     1  0 05:10 ?        00:00:00 /opt/agent/agent-app-linux-arm64
agent-a+     8     7  0 05:10 ?        00:00:00 /opt/agent/agent-app-linux-arm64
agent-a+   719     0  0 05:11 ?        00:00:00 ps -ef
--- ps process PID=7 ---
  PID  PPID     ELAPSED %CPU %MEM   RSS    VSZ STAT CMD
    7     1       00:48  0.1  0.0  1632   2600 S    /opt/agent/agent-app-linux-arm64
--- top -H PID=7 ---
top - 05:11:32 up 58 min,  0 users,  load average: 0.32, 0.20, 0.13
Threads:   1 total,   0 running,   1 sleeping,   0 stopped,   0 zombie
%Cpu(s):  0.0 us,  0.0 sy,  0.0 ni,100.0 id,  0.0 wa,  0.0 hi,  0.0 si,  0.0 st
MiB Mem :   7936.0 total,   6455.3 free,    846.4 used,    634.3 buff/cache
MiB Swap:   1024.0 total,   1024.0 free,      0.0 used.   6930.6 avail Mem 

  PID USER      PR  NI    VIRT    RES    SHR S  %CPU  %MEM     TIME+ COMMAND
    7 agent-a+  20   0    2600   1632   1420 S   0.0   0.0   0:00.06 agent-app+
--- ps -L PID=7 ---
  PID   TID STAT %CPU %MEM WCHAN                            COMMAND
    7     7 S     0.1  0.0 do_wait                          agent-app-linux
--- ps process PID=8 ---
  PID  PPID     ELAPSED %CPU %MEM   RSS    VSZ STAT CMD
    8     7       00:48  0.6  4.9 401116 554812 SNl /opt/agent/agent-app-linux-arm64
--- top -H PID=8 ---
top - 05:11:33 up 58 min,  0 users,  load average: 0.32, 0.20, 0.13
Threads:   3 total,   0 running,   3 sleeping,   0 stopped,   0 zombie
%Cpu(s):  0.0 us,  0.0 sy,  0.0 ni,100.0 id,  0.0 wa,  0.0 hi,  0.0 si,  0.0 st
MiB Mem :   7936.0 total,   6461.7 free,    840.1 used,    634.3 buff/cache
MiB Swap:   1024.0 total,   1024.0 free,      0.0 used.   6937.0 avail Mem 

  PID USER      PR  NI    VIRT    RES    SHR S  %CPU  %MEM     TIME+ COMMAND
    8 agent-a+  30  10  554812 401116   8572 S   0.0   4.9   0:00.06 agent-app+
   90 agent-a+  30  10  554812 401116   8572 S   0.0   4.9   0:00.12 agent-app+
   91 agent-a+  30  10  554812 401116   8572 S   0.0   4.9   0:00.13 agent-app+
--- ps -L PID=8 ---
  PID   TID STAT %CPU %MEM WCHAN                            COMMAND
    8     8 SNl   0.1  4.9 futex_wait_queue                 agent-app-linux
    8    90 SNl   0.2  4.9 do_select                        agent-app-linux
    8    91 SNl   0.2  4.9 do_select                        agent-app-linux
--- docker stats ---
NAME=codyssey-agent-deadlock-after-20260915-141042-65094 CPU=0.62% MEM=411.2MiB / 1GiB MEM_PERC=40.16% PIDS=5

=== t+30s ===
2026-09-15T14:11:37+0900
--- identity ---
uid=10001(agent-admin) gid=10001(agent-admin) groups=10001(agent-admin)
--- monitor.sh ---
[2026-09-15 05:11:37] PROCESS:agent-app-linux-arm64 PID:7 PPID:1 ETIME:00:53 CPU:0.1% MEM:0.0% RSS:1.6MB RSS_KB:1632 VSZ_KB:2600 STAT:S PORT:15034
[2026-09-15 05:11:37] PROCESS:agent-app-linux-arm64 PID:8 PPID:7 ETIME:00:53 CPU:0.6% MEM:5.5% RSS:441.7MB RSS_KB:452324 VSZ_KB:606020 STAT:SNl PORT:15034
--- ps -ef ---
UID        PID  PPID  C STIME TTY          TIME CMD
agent-a+     1     0  0 05:10 ?        00:00:00 /sbin/docker-init -- /opt/agent/agent-app-linux-arm64
agent-a+     7     1  0 05:10 ?        00:00:00 /opt/agent/agent-app-linux-arm64
agent-a+     8     7  0 05:10 ?        00:00:00 /opt/agent/agent-app-linux-arm64
agent-a+   794     0  0 05:11 ?        00:00:00 ps -ef
--- ps process PID=7 ---
  PID  PPID     ELAPSED %CPU %MEM   RSS    VSZ STAT CMD
    7     1       00:53  0.1  0.0  1632   2600 S    /opt/agent/agent-app-linux-arm64
--- top -H PID=7 ---
top - 05:11:38 up 58 min,  0 users,  load average: 0.30, 0.20, 0.13
Threads:   1 total,   0 running,   1 sleeping,   0 stopped,   0 zombie
%Cpu(s):  0.0 us,  0.6 sy,  0.0 ni, 99.4 id,  0.0 wa,  0.0 hi,  0.0 si,  0.0 st
MiB Mem :   7936.0 total,   6420.6 free,    881.1 used,    634.3 buff/cache
MiB Swap:   1024.0 total,   1024.0 free,      0.0 used.   6895.9 avail Mem 

  PID USER      PR  NI    VIRT    RES    SHR S  %CPU  %MEM     TIME+ COMMAND
    7 agent-a+  20   0    2600   1632   1420 S   0.0   0.0   0:00.06 agent-app+
--- ps -L PID=7 ---
  PID   TID STAT %CPU %MEM WCHAN                            COMMAND
    7     7 S     0.1  0.0 do_wait                          agent-app-linux
--- ps process PID=8 ---
  PID  PPID     ELAPSED %CPU %MEM   RSS    VSZ STAT CMD
    8     7       00:53  0.6  5.5 452324 606020 SNl /opt/agent/agent-app-linux-arm64
--- top -H PID=8 ---
top - 05:11:38 up 58 min,  0 users,  load average: 0.30, 0.20, 0.13
Threads:   3 total,   0 running,   3 sleeping,   0 stopped,   0 zombie
%Cpu(s):  0.0 us,  0.0 sy,  0.0 ni,100.0 id,  0.0 wa,  0.0 hi,  0.0 si,  0.0 st
MiB Mem :   7936.0 total,   6420.6 free,    881.2 used,    634.3 buff/cache
MiB Swap:   1024.0 total,   1024.0 free,      0.0 used.   6895.9 avail Mem 

  PID USER      PR  NI    VIRT    RES    SHR S  %CPU  %MEM     TIME+ COMMAND
    8 agent-a+  30  10  606020 452324   8572 S   0.0   5.6   0:00.06 agent-app+
   90 agent-a+  30  10  606020 452324   8572 S   0.0   5.6   0:00.14 agent-app+
   91 agent-a+  30  10  606020 452324   8572 S   0.0   5.6   0:00.15 agent-app+
--- ps -L PID=8 ---
  PID   TID STAT %CPU %MEM WCHAN                            COMMAND
    8     8 SNl   0.1  5.5 futex_wait_queue                 agent-app-linux
    8    90 SNl   0.2  5.5 do_select                        agent-app-linux
    8    91 SNl   0.2  5.5 do_select                        agent-app-linux
--- docker stats ---
NAME=codyssey-agent-deadlock-after-20260915-141042-65094 CPU=0.01% MEM=436.4MiB / 1GiB MEM_PERC=42.61% PIDS=5

=== final-before-stop-t+33s ===
2026-09-15T14:11:42+0900
--- identity ---
uid=10001(agent-admin) gid=10001(agent-admin) groups=10001(agent-admin)
--- monitor.sh ---
[2026-09-15 05:11:42] PROCESS:agent-app-linux-arm64 PID:7 PPID:1 ETIME:00:58 CPU:0.1% MEM:0.0% RSS:1.6MB RSS_KB:1632 VSZ_KB:2600 STAT:S PORT:15034
[2026-09-15 05:11:42] PROCESS:agent-app-linux-arm64 PID:8 PPID:7 ETIME:00:58 CPU:0.6% MEM:6.1% RSS:491.7MB RSS_KB:503532 VSZ_KB:657228 STAT:SNl PORT:15034
--- ps -ef ---
UID        PID  PPID  C STIME TTY          TIME CMD
agent-a+     1     0  0 05:10 ?        00:00:00 /sbin/docker-init -- /opt/agent/agent-app-linux-arm64
agent-a+     7     1  0 05:10 ?        00:00:00 /opt/agent/agent-app-linux-arm64
agent-a+     8     7  0 05:10 ?        00:00:00 /opt/agent/agent-app-linux-arm64
agent-a+   869     0  0 05:11 ?        00:00:00 ps -ef
--- ps process PID=7 ---
  PID  PPID     ELAPSED %CPU %MEM   RSS    VSZ STAT CMD
    7     1       00:58  0.1  0.0  1632   2600 S    /opt/agent/agent-app-linux-arm64
--- top -H PID=7 ---
top - 05:11:43 up 58 min,  0 users,  load average: 0.27, 0.19, 0.13
Threads:   1 total,   0 running,   1 sleeping,   0 stopped,   0 zombie
%Cpu(s):  0.0 us,  0.0 sy,  0.0 ni,100.0 id,  0.0 wa,  0.0 hi,  0.0 si,  0.0 st
MiB Mem :   7936.0 total,   6361.4 free,    940.3 used,    634.3 buff/cache
MiB Swap:   1024.0 total,   1024.0 free,      0.0 used.   6836.7 avail Mem 

  PID USER      PR  NI    VIRT    RES    SHR S  %CPU  %MEM     TIME+ COMMAND
    7 agent-a+  20   0    2600   1632   1420 S   0.0   0.0   0:00.06 agent-app+
--- ps -L PID=7 ---
  PID   TID STAT %CPU %MEM WCHAN                            COMMAND
    7     7 S     0.1  0.0 do_wait                          agent-app-linux
--- ps process PID=8 ---
  PID  PPID     ELAPSED %CPU %MEM   RSS    VSZ STAT CMD
    8     7       00:58  0.6  6.1 503532 657228 SNl /opt/agent/agent-app-linux-arm64
--- top -H PID=8 ---
top - 05:11:43 up 58 min,  0 users,  load average: 0.27, 0.19, 0.13
Threads:   3 total,   0 running,   3 sleeping,   0 stopped,   0 zombie
%Cpu(s):  0.0 us,  0.0 sy,  0.0 ni,100.0 id,  0.0 wa,  0.0 hi,  0.0 si,  0.0 st
MiB Mem :   7936.0 total,   6372.2 free,    929.6 used,    634.3 buff/cache
MiB Swap:   1024.0 total,   1024.0 free,      0.0 used.   6847.5 avail Mem 

  PID USER      PR  NI    VIRT    RES    SHR S  %CPU  %MEM     TIME+ COMMAND
    8 agent-a+  30  10  657228 503532   8572 S   0.0   6.2   0:00.06 agent-app+
   90 agent-a+  30  10  657228 503532   8572 S   0.0   6.2   0:00.15 agent-app+
   91 agent-a+  30  10  657228 503532   8572 S   0.0   6.2   0:00.16 agent-app+
--- ps -L PID=8 ---
  PID   TID STAT %CPU %MEM WCHAN                            COMMAND
    8     8 SNl   0.1  6.1 futex_wait_queue                 agent-app-linux
    8    90 SNl   0.2  6.1 do_select                        agent-app-linux
    8    91 SNl   0.2  6.1 do_select                        agent-app-linux
--- docker stats ---
NAME=codyssey-agent-deadlock-after-20260915-141042-65094 CPU=0.58% MEM=485.9MiB / 1GiB MEM_PERC=47.45% PIDS=5
